Archive member included to satisfy reference by file (symbol)

c:/st/stm32cubeide_1.9.0/stm32cubeide/plugins/com.st.stm32cube.ide.mcu.externaltools.gnu-tools-for-stm32.10.3-2021.10.win32_1.0.0.202111181127/tools/bin/../lib/gcc/arm-none-eabi/10.3.1/../../../../arm-none-eabi/lib/thumb/v7-m/nofp\libstdc++_nano.a(del_ops.o)
                              ./Core/Src/Ball.o (operator delete(void*, unsigned int))
c:/st/stm32cubeide_1.9.0/stm32cubeide/plugins/com.st.stm32cube.ide.mcu.externaltools.gnu-tools-for-stm32.10.3-2021.10.win32_1.0.0.202111181127/tools/bin/../lib/gcc/arm-none-eabi/10.3.1/../../../../arm-none-eabi/lib/thumb/v7-m/nofp\libstdc++_nano.a(del_op.o)
                              c:/st/stm32cubeide_1.9.0/stm32cubeide/plugins/com.st.stm32cube.ide.mcu.externaltools.gnu-tools-for-stm32.10.3-2021.10.win32_1.0.0.202111181127/tools/bin/../lib/gcc/arm-none-eabi/10.3.1/../../../../arm-none-eabi/lib/thumb/v7-m/nofp\libstdc++_nano.a(del_ops.o) (operator delete(void*))
c:/st/stm32cubeide_1.9.0/stm32cubeide/plugins/com.st.stm32cube.ide.mcu.externaltools.gnu-tools-for-stm32.10.3-2021.10.win32_1.0.0.202111181127/tools/bin/../lib/gcc/arm-none-eabi/10.3.1/../../../../arm-none-eabi/lib/thumb/v7-m/nofp\libm.a(lib_a-s_cos.o)
                              ./Core/Src/lcd.o (cos)
c:/st/stm32cubeide_1.9.0/stm32cubeide/plugins/com.st.stm32cube.ide.mcu.externaltools.gnu-tools-for-stm32.10.3-2021.10.win32_1.0.0.202111181127/tools/bin/../lib/gcc/arm-none-eabi/10.3.1/../../../../arm-none-eabi/lib/thumb/v7-m/nofp\libm.a(lib_a-s_sin.o)
                              ./Core/Src/lcd.o (sin)
c:/st/stm32cubeide_1.9.0/stm32cubeide/plugins/com.st.stm32cube.ide.mcu.externaltools.gnu-tools-for-stm32.10.3-2021.10.win32_1.0.0.202111181127/tools/bin/../lib/gcc/arm-none-eabi/10.3.1/../../../../arm-none-eabi/lib/thumb/v7-m/nofp\libm.a(lib_a-e_rem_pio2.o)
                              c:/st/stm32cubeide_1.9.0/stm32cubeide/plugins/com.st.stm32cube.ide.mcu.externaltools.gnu-tools-for-stm32.10.3-2021.10.win32_1.0.0.202111181127/tools/bin/../lib/gcc/arm-none-eabi/10.3.1/../../../../arm-none-eabi/lib/thumb/v7-m/nofp\libm.a(lib_a-s_cos.o) (__ieee754_rem_pio2)
c:/st/stm32cubeide_1.9.0/stm32cubeide/plugins/com.st.stm32cube.ide.mcu.externaltools.gnu-tools-for-stm32.10.3-2021.10.win32_1.0.0.202111181127/tools/bin/../lib/gcc/arm-none-eabi/10.3.1/../../../../arm-none-eabi/lib/thumb/v7-m/nofp\libm.a(lib_a-k_cos.o)
                              c:/st/stm32cubeide_1.9.0/stm32cubeide/plugins/com.st.stm32cube.ide.mcu.externaltools.gnu-tools-for-stm32.10.3-2021.10.win32_1.0.0.202111181127/tools/bin/../lib/gcc/arm-none-eabi/10.3.1/../../../../arm-none-eabi/lib/thumb/v7-m/nofp\libm.a(lib_a-s_cos.o) (__kernel_cos)
c:/st/stm32cubeide_1.9.0/stm32cubeide/plugins/com.st.stm32cube.ide.mcu.externaltools.gnu-tools-for-stm32.10.3-2021.10.win32_1.0.0.202111181127/tools/bin/../lib/gcc/arm-none-eabi/10.3.1/../../../../arm-none-eabi/lib/thumb/v7-m/nofp\libm.a(lib_a-k_rem_pio2.o)
                              c:/st/stm32cubeide_1.9.0/stm32cubeide/plugins/com.st.stm32cube.ide.mcu.externaltools.gnu-tools-for-stm32.10.3-2021.10.win32_1.0.0.202111181127/tools/bin/../lib/gcc/arm-none-eabi/10.3.1/../../../../arm-none-eabi/lib/thumb/v7-m/nofp\libm.a(lib_a-e_rem_pio2.o) (__kernel_rem_pio2)
c:/st/stm32cubeide_1.9.0/stm32cubeide/plugins/com.st.stm32cube.ide.mcu.externaltools.gnu-tools-for-stm32.10.3-2021.10.win32_1.0.0.202111181127/tools/bin/../lib/gcc/arm-none-eabi/10.3.1/../../../../arm-none-eabi/lib/thumb/v7-m/nofp\libm.a(lib_a-k_sin.o)
                              c:/st/stm32cubeide_1.9.0/stm32cubeide/plugins/com.st.stm32cube.ide.mcu.externaltools.gnu-tools-for-stm32.10.3-2021.10.win32_1.0.0.202111181127/tools/bin/../lib/gcc/arm-none-eabi/10.3.1/../../../../arm-none-eabi/lib/thumb/v7-m/nofp\libm.a(lib_a-s_cos.o) (__kernel_sin)
c:/st/stm32cubeide_1.9.0/stm32cubeide/plugins/com.st.stm32cube.ide.mcu.externaltools.gnu-tools-for-stm32.10.3-2021.10.win32_1.0.0.202111181127/tools/bin/../lib/gcc/arm-none-eabi/10.3.1/../../../../arm-none-eabi/lib/thumb/v7-m/nofp\libm.a(lib_a-s_fabs.o)
                              c:/st/stm32cubeide_1.9.0/stm32cubeide/plugins/com.st.stm32cube.ide.mcu.externaltools.gnu-tools-for-stm32.10.3-2021.10.win32_1.0.0.202111181127/tools/bin/../lib/gcc/arm-none-eabi/10.3.1/../../../../arm-none-eabi/lib/thumb/v7-m/nofp\libm.a(lib_a-e_rem_pio2.o) (fabs)
c:/st/stm32cubeide_1.9.0/stm32cubeide/plugins/com.st.stm32cube.ide.mcu.externaltools.gnu-tools-for-stm32.10.3-2021.10.win32_1.0.0.202111181127/tools/bin/../lib/gcc/arm-none-eabi/10.3.1/../../../../arm-none-eabi/lib/thumb/v7-m/nofp\libm.a(lib_a-s_floor.o)
                              c:/st/stm32cubeide_1.9.0/stm32cubeide/plugins/com.st.stm32cube.ide.mcu.externaltools.gnu-tools-for-stm32.10.3-2021.10.win32_1.0.0.202111181127/tools/bin/../lib/gcc/arm-none-eabi/10.3.1/../../../../arm-none-eabi/lib/thumb/v7-m/nofp\libm.a(lib_a-k_rem_pio2.o) (floor)
[...]
Memory Configuration

Name             Origin             Length             Attributes
RAM              0x0000000020000000 0x0000000000010000 xrw
FLASH            0x0000000008000000 0x0000000000080000 xr
*default*        0x0000000000000000 0xffffffffffffffff

Linker script and memory map

LOAD c:/st/stm32cubeide_1.9.0/stm32cubeide/plugins/com.st.stm32cube.ide.mcu.externaltools.gnu-tools-for-stm32.10.3-2021.10.win32_1.0.0.202111181127/tools/bin/../lib/gcc/arm-none-eabi/10.3.1/thumb/v7-m/nofp/crti.o
LOAD c:/st/stm32cubeide_1.9.0/stm32cubeide/plugins/com.st.stm32cube.ide.mcu.externaltools.gnu-tools-for-stm32.10.3-2021.10.win32_1.0.0.202111181127/tools/bin/../lib/gcc/arm-none-eabi/10.3.1/thumb/v7-m/nofp/crtbegin.o
LOAD c:/st/stm32cubeide_1.9.0/stm32cubeide/plugins/com.st.stm32cube.ide.mcu.externaltools.gnu-tools-for-stm32.10.3-2021.10.win32_1.0.0.202111181127/tools/bin/../lib/gcc/arm-none-eabi/10.3.1/../../../../arm-none-eabi/lib/thumb/v7-m/nofp/crt0.o
LOAD ./Core/Src/Ball.o
LOAD ./Core/Src/Game.o
LOAD ./Core/Src/Menu.o
LOAD ./Core/Src/Player.o
LOAD ./Core/Src/Score.o
LOAD ./Core/Src/Settings.o
LOAD ./Core/Src/lcd.o
LOAD ./Core/Src/main.o
LOAD ./Core/Src/stm32f1xx_hal_msp.o
LOAD ./Core/Src/stm32f1xx_it.o
LOAD ./Core/Src/syscalls.o
LOAD ./Core/Src/sysmem.o
LOAD ./Core/Src/system_stm32f1xx.o
LOAD ./Core/Src/xpt2046.o
LOAD ./Core/Startup/startup_stm32f103vetx.o
LOAD ./Drivers/STM32F1xx_HAL_Driver/Src/stm32f1xx_hal.o
LOAD ./Drivers/STM32F1xx_HAL_Driver/Src/stm32f1xx_hal_adc.o
LOAD ./Drivers/STM32F1xx_HAL_Driver/Src/stm32f1xx_hal_adc_ex.o
LOAD ./Drivers/STM32F1xx_HAL_Driver/Src/stm32f1xx_hal_cortex.o
LOAD ./Drivers/STM32F1xx_HAL_Driver/Src/stm32f1xx_hal_dma.o
LOAD ./Drivers/STM32F1xx_HAL_Driver/Src/stm32f1xx_hal_exti.o
LOAD ./Drivers/STM32F1xx_HAL_Driver/Src/stm32f1xx_hal_flash.o
LOAD ./Drivers/STM32F1xx_HAL_Driver/Src/stm32f1xx_hal_flash_ex.o
LOAD ./Drivers/STM32F1xx_HAL_Driver/Src/stm32f1xx_hal_gpio.o
LOAD ./Drivers/STM32F1xx_HAL_Driver/Src/stm32f1xx_hal_gpio_ex.o
LOAD ./Drivers/STM32F1xx_HAL_Driver/Src/stm32f1xx_hal_pwr.o
LOAD ./Drivers/STM32F1xx_HAL_Driver/Src/stm32f1xx_hal_rcc.o
LOAD ./Drivers/STM32F1xx_HAL_Driver/Src/stm32f1xx_hal_rcc_ex.o
LOAD ./Drivers/STM32F1xx_HAL_Driver/Src/stm32f1xx_hal_sram.o
LOAD ./Drivers/STM32F1xx_HAL_Driver/Src/stm32f1xx_hal_tim.o
LOAD ./Drivers/STM32F1xx_HAL_Driver/Src/stm32f1xx_hal_tim_ex.o
LOAD ./Drivers/STM32F1xx_HAL_Driver/Src/stm32f1xx_ll_fsmc.o
START GROUP
LOAD c:/st/stm32cubeide_1.9.0/stm32cubeide/plugins/com.st.stm32cube.ide.mcu.externaltools.gnu-tools-for-stm32.10.3-2021.10.win32_1.0.0.202111181127/tools/bin/../lib/gcc/arm-none-eabi/10.3.1/../../../../arm-none-eabi/lib/thumb/v7-m/nofp\libstdc++_nano.a
LOAD c:/st/stm32cubeide_1.9.0/stm32cubeide/plugins/com.st.stm32cube.ide.mcu.externaltools.gnu-tools-for-stm32.10.3-2021.10.win32_1.0.0.202111181127/tools/bin/../lib/gcc/arm-none-eabi/10.3.1/../../../../arm-none-eabi/lib/thumb/v7-m/nofp\libsupc++_nano.a
END GROUP
LOAD c:/st/stm32cubeide_1.9.0/stm32cubeide/plugins/com.st.stm32cube.ide.mcu.externaltools.gnu-tools-for-stm32.10.3-2021.10.win32_1.0.0.202111181127/tools/bin/../lib/gcc/arm-none-eabi/10.3.1/../../../../arm-none-eabi/lib/thumb/v7-m/nofp\libstdc++_nano.a
LOAD c:/st/stm32cubeide_1.9.0/stm32cubeide/plugins/com.st.stm32cube.ide.mcu.externaltools.gnu-tools-for-stm32.10.3-2021.10.win32_1.0.0.202111181127/tools/bin/../lib/gcc/arm-none-eabi/10.3.1/../../../../arm-none-eabi/lib/thumb/v7-m/nofp\libm.a
LOAD c:/st/stm32cubeide_1.9.0/stm32cubeide/plugins/com.st.stm32cube.ide.mcu.externaltools.gnu-tools-for-stm32.10.3-2021.10.win32_1.0.0.202111181127/tools/bin/../lib/gcc/arm-none-eabi/10.3.1/../../../../arm-none-eabi/lib/thumb/v7-m/nofp\libc_nano.a
START GROUP
LOAD c:/st/stm32cubeide_1.9.0/stm32cubeide/plugins/com.st.stm32cube.ide.mcu.externaltools.gnu-tools-for-stm32.10.3-2021.10.win32_1.0.0.202111181127/tools/bin/../lib/gcc/arm-none-eabi/10.3.1/thumb/v7-m/nofp\libgcc.a
LOAD c:/st/stm32cubeide_1.9.0/stm32cubeide/plugins/com.st.stm32cube.ide.mcu.externaltools.gnu-tools-for-stm32.10.3-2021.10.win32_1.0.0.202111181127/tools/bin/../lib/gcc/arm-none-eabi/10.3.1/../../../../arm-none-eabi/lib/thumb/v7-m/nofp\libc_nano.a
END GROUP
START GROUP
LOAD c:/st/stm32cubeide_1.9.0/stm32cubeide/plugins/com.st.stm32cube.ide.mcu.externaltools.gnu-tools-for-stm32.10.3-2021.10.win32_1.0.0.202111181127/tools/bin/../lib/gcc/arm-none-eabi/10.3.1/thumb/v7-m/nofp\libgcc.a
LOAD c:/st/stm32cubeide_1.9.0/stm32cubeide/plugins/com.st.stm32cube.ide.mcu.externaltools.gnu-tools-for-stm32.10.3-2021.10.win32_1.0.0.202111181127/tools/bin/../lib/gcc/arm-none-eabi/10.3.1/../../../../arm-none-eabi/lib/thumb/v7-m/nofp\libc_nano.a
LOAD c:/st/stm32cubeide_1.9.0/stm32cubeide/plugins/com.st.stm32cube.ide.mcu.externaltools.gnu-tools-for-stm32.10.3-2021.10.win32_1.0.0.202111181127/tools/bin/../lib/gcc/arm-none-eabi/10.3.1/../../../../arm-none-eabi/lib/thumb/v7-m/nofp\libnosys.a
END GROUP
START GROUP
LOAD c:/st/stm32cubeide_1.9.0/stm32cubeide/plugins/com.st.stm32cube.ide.mcu.externaltools.gnu-tools-for-stm32.10.3-2021.10.win32_1.0.0.202111181127/tools/bin/../lib/gcc/arm-none-eabi/10.3.1/thumb/v7-m/nofp\libgcc.a
LOAD c:/st/stm32cubeide_1.9.0/stm32cubeide/plugins/com.st.stm32cube.ide.mcu.externaltools.gnu-tools-for-stm32.10.3-2021.10.win32_1.0.0.202111181127/tools/bin/../lib/gcc/arm-none-eabi/10.3.1/../../../../arm-none-eabi/lib/thumb/v7-m/nofp\libc_nano.a
LOAD c:/st/stm32cubeide_1.9.0/stm32cubeide/plugins/com.st.stm32cube.ide.mcu.externaltools.gnu-tools-for-stm32.10.3-2021.10.win32_1.0.0.202111181127/tools/bin/../lib/gcc/arm-none-eabi/10.3.1/../../../../arm-none-eabi/lib/thumb/v7-m/nofp\libnosys.a
END GROUP
LOAD c:/st/stm32cubeide_1.9.0/stm32cubeide/plugins/com.st.stm32cube.ide.mcu.externaltools.gnu-tools-for-stm32.10.3-2021.10.win32_1.0.0.202111181127/tools/bin/../lib/gcc/arm-none-eabi/10.3.1/thumb/v7-m/nofp/crtend.o
LOAD c:/st/stm32cubeide_1.9.0/stm32cubeide/plugins/com.st.stm32cube.ide.mcu.externaltools.gnu-tools-for-stm32.10.3-2021.10.win32_1.0.0.202111181127/tools/bin/../lib/gcc/arm-none-eabi/10.3.1/thumb/v7-m/nofp/crtn.o
                0x0000000020010000                _estack = (ORIGIN (RAM) + LENGTH (RAM))
                0x0000000000000200                _Min_Heap_Size = 0x200
                0x0000000000000400                _Min_Stack_Size = 0x400

.isr_vector     0x0000000008000000      0x1e4
                0x0000000008000000                . = ALIGN (0x4)
 *(.isr_vector)
 .isr_vector    0x0000000008000000      0x1e4 ./Core/Startup/startup_stm32f103vetx.o
                0x0000000008000000                g_pfnVectors
                0x00000000080001e4                . = ALIGN (0x4)

.text           0x00000000080001e4     0x71a4
                0x00000000080001e4                . = ALIGN (0x4)
 *(.text)
 .text          0x00000000080001e4       0x40 c:/st/stm32cubeide_1.9.0/stm32cubeide/plugins/com.st.stm32cube.ide.mcu.externaltools.gnu-tools-for-stm32.10.3-2021.10.win32_1.0.0.202111181127/tools/bin/../lib/gcc/arm-none-eabi/10.3.1/thumb/v7-m/nofp/crtbegin.o
 .text          0x0000000008000224      0x254 c:/st/stm32cubeide_1.9.0/stm32cubeide/plugins/com.st.stm32cube.ide.mcu.externaltools.gnu-tools-for-stm32.10.3-2021.10.win32_1.0.0.202111181127/tools/bin/../lib/gcc/arm-none-eabi/10.3.1/thumb/v7-m/nofp\libgcc.a(_arm_muldf3.o)
                0x0000000008000224                __muldf3
                0x0000000008000224                __aeabi_dmul
 .text          0x0000000008000478      0x378 c:/st/stm32cubeide_1.9.0/stm32cubeide/plugins/com.st.stm32cube.ide.mcu.externaltools.gnu-tools-for-stm32.10.3-2021.10.win32_1.0.0.202111181127/tools/bin/../lib/gcc/arm-none-eabi/10.3.1/thumb/v7-m/nofp\libgcc.a(_arm_addsubdf3.o)
                0x0000000008000478                __aeabi_drsub
                0x0000000008000480                __aeabi_dsub
                0x0000000008000480                __subdf3
                0x0000000008000484                __aeabi_dadd
                0x0000000008000484                __adddf3
                0x00000000080006fc                __floatunsidf
                0x00000000080006fc                __aeabi_ui2d
                0x000000000800071c                __floatsidf
                0x000000000800071c                __aeabi_i2d
                0x0000000008000740                __aeabi_f2d
                0x0000000008000740                __extendsfdf2
                0x0000000008000784                __floatundidf
                0x0000000008000784                __aeabi_ul2d
                0x0000000008000794                __floatdidf
                0x0000000008000794                __aeabi_l2d
 .text          0x00000000080007f0      0x110 c:/st/stm32cubeide_1.9.0/stm32cubeide/plugins/com.st.stm32cube.ide.mcu.externaltools.gnu-tools-for-stm32.10.3-2021.10.win32_1.0.0.202111181127/tools/bin/../lib/gcc/arm-none-eabi/10.3.1/thumb/v7-m/nofp\libgcc.a(_arm_cmpdf2.o)
                0x00000000080007f0                __gtdf2
                0x00000000080007f0                __gedf2
                0x00000000080007f8                __ltdf2
                0x00000000080007f8                __ledf2
                0x0000000008000800                __nedf2
                0x0000000008000800                __eqdf2
                0x0000000008000800                __cmpdf2
                0x000000000800087c                __aeabi_cdrcmple
                0x000000000800088c                __aeabi_cdcmpeq
                0x000000000800088c                __aeabi_cdcmple
                0x000000000800089c                __aeabi_dcmpeq
                0x00000000080008b0                __aeabi_dcmplt
                0x00000000080008c4                __aeabi_dcmple
                0x00000000080008d8                __aeabi_dcmpge
                0x00000000080008ec                __aeabi_dcmpgt
 .text          0x0000000008000900       0x40 c:/st/stm32cubeide_1.9.0/stm32cubeide/plugins/com.st.stm32cube.ide.mcu.externaltools.gnu-tools-for-stm32.10.3-2021.10.win32_1.0.0.202111181127/tools/bin/../lib/gcc/arm-none-eabi/10.3.1/thumb/v7-m/nofp\libgcc.a(_arm_fixunsdfsi.o)
                0x0000000008000900                __aeabi_d2uiz
                0x0000000008000900                __fixunsdfsi
 *(.text*)
 .text._ZN4BallC2Ev
                0x0000000008000940       0x24 ./Core/Src/Ball.o
                0x0000000008000940                Ball::Ball()
                0x0000000008000940                Ball::Ball()
 .text._ZN4Ball5resetEv
                0x0000000008000964       0x2a ./Core/Src/Ball.o
                0x0000000008000964                Ball::reset()
 *fill*         0x000000000800098e        0x2 
 .text._ZN4BallD2Ev
                0x0000000008000990       0x20 ./Core/Src/Ball.o
                0x0000000008000990                Ball::~Ball()
                0x0000000008000990                Ball::~Ball()
 .text._ZN4BallD0Ev
                0x00000000080009b0       0x20 ./Core/Src/Ball.o
                0x00000000080009b0                Ball::~Ball()
 .text._ZN4GameC2Ev
                0x00000000080009d0       0x50 ./Core/Src/Game.o
                0x00000000080009d0                Game::Game()
                0x00000000080009d0                Game::Game()
 .text._ZN4Game8setStartEb
                0x0000000008000a20       0x1c ./Core/Src/Game.o
                0x0000000008000a20                Game::setStart(bool)
 .text._ZN4Game8getStartEv
                0x0000000008000a3c       0x16 ./Core/Src/Game.o
                0x0000000008000a3c                Game::getStart()
 .text._ZN4Game4quitEv
                0x0000000008000a52       0x6c ./Core/Src/Game.o
                0x0000000008000a52                Game::quit()
 .text._ZN4Game7restartEv
                0x0000000008000abe       0x4e ./Core/Src/Game.o
                0x0000000008000abe                Game::restart()
 .text._ZN4Game14checkCollisionEi
                0x0000000008000b0c       0x7e ./Core/Src/Game.o
                0x0000000008000b0c                Game::checkCollision(int)
 *fill*         0x0000000008000b8a        0x2 
 .text._ZN4Game8moveBallEv
                0x0000000008000b8c      0x218 ./Core/Src/Game.o
                0x0000000008000b8c                Game::moveBall()
 .text._ZN4Game11botMovementEv
                0x0000000008000da4      0x1b8 ./Core/Src/Game.o
                0x0000000008000da4                Game::botMovement()
 .text._ZN4BallaSERKS_
                0x0000000008000f5c       0x36 ./Core/Src/Game.o
                0x0000000008000f5c                Ball::operator=(Ball const&)
 .text._ZN4Game19displayBallMovementEv
                0x0000000008000f92       0x82 ./Core/Src/Game.o
                0x0000000008000f92                Game::displayBallMovement()
 .text._ZN4Game21displayPlayerMovementEi
                0x0000000008001014       0xa6 ./Core/Src/Game.o
                0x0000000008001014                Game::displayPlayerMovement(int)
 *fill*         0x00000000080010ba        0x2 
 .text._ZN4Game13displayWinnerEi
                0x00000000080010bc       0x74 ./Core/Src/Game.o
                0x00000000080010bc                Game::displayWinner(int)
 .text._ZN4Game6gamingEv
                0x0000000008001130      0x28a ./Core/Src/Game.o
                0x0000000008001130                Game::gaming()
 *fill*         0x00000000080013ba        0x2 
 .text._ZN4GameD2Ev
                0x00000000080013bc       0x54 ./Core/Src/Game.o
                0x00000000080013bc                Game::~Game()
                0x00000000080013bc                Game::~Game()
 .text._ZN4GameD0Ev
                0x0000000008001410       0x20 ./Core/Src/Game.o
                0x0000000008001410                Game::~Game()
 .text._ZN4MenuC2Ev
                0x0000000008001430       0x2c ./Core/Src/Menu.o
                0x0000000008001430                Menu::Menu()
                0x0000000008001430                Menu::Menu()
 .text._ZN4Menu14getCurrentMenuEv
                0x000000000800145c       0x16 ./Core/Src/Menu.o
                0x000000000800145c                Menu::getCurrentMenu()
 *fill*         0x0000000008001472        0x2 
 .text._ZN4Menu18displayCurrentMenuEv
                0x0000000008001474      0x39c ./Core/Src/Menu.o
                0x0000000008001474                Menu::displayCurrentMenu()
 .text._ZN4Menu14setCurrentMenuEi
                0x0000000008001810       0x1e ./Core/Src/Menu.o
                0x0000000008001810                Menu::setCurrentMenu(int)
 *fill*         0x000000000800182e        0x2 
 .text._ZN4Menu16onClickListienerEv
                0x0000000008001830      0x25c ./Core/Src/Menu.o
                0x0000000008001830                Menu::onClickListiener()
 .text._ZN4MenuD2Ev
                0x0000000008001a8c       0x28 ./Core/Src/Menu.o
                0x0000000008001a8c                Menu::~Menu()
                0x0000000008001a8c                Menu::~Menu()
 .text._ZN4MenuD0Ev
                0x0000000008001ab4       0x20 ./Core/Src/Menu.o
                0x0000000008001ab4                Menu::~Menu()
 .text._ZN6PlayerC2Ei
                0x0000000008001ad4       0x4c ./Core/Src/Player.o
                0x0000000008001ad4                Player::Player(int)
                0x0000000008001ad4                Player::Player(int)
 .text._ZN6Player6resetXEv
                0x0000000008001b20       0x18 ./Core/Src/Player.o
                0x0000000008001b20                Player::resetX()
 .text._ZN6Player4setXEi
                0x0000000008001b38       0x1a ./Core/Src/Player.o
                0x0000000008001b38                Player::setX(int)
 .text._ZN6Player4getXEv
                0x0000000008001b52       0x16 ./Core/Src/Player.o
                0x0000000008001b52                Player::getX()
 .text._ZN6Player4getYEv
                0x0000000008001b68       0x16 ./Core/Src/Player.o
                0x0000000008001b68                Player::getY()
 .text._ZN6Player20setADC_HandleTypeDefEP19__ADC_HandleTypeDef
                0x0000000008001b7e       0x1a ./Core/Src/Player.o
                0x0000000008001b7e                Player::setADC_HandleTypeDef(__ADC_HandleTypeDef*)
 .text._ZN6Player11findAndSetXEv
                0x0000000008001b98       0x36 ./Core/Src/Player.o
                0x0000000008001b98                Player::findAndSetX()
 *fill*         0x0000000008001bce        0x2 
 .text._ZN6PlayerD2Ev
                0x0000000008001bd0       0x28 ./Core/Src/Player.o
                0x0000000008001bd0                Player::~Player()
                0x0000000008001bd0                Player::~Player()
 .text._ZN6PlayerD0Ev
                0x0000000008001bf8       0x20 ./Core/Src/Player.o
                0x0000000008001bf8                Player::~Player()
 .text._ZN5ScoreC2Ei
                0x0000000008001c18       0x2c ./Core/Src/Score.o
                0x0000000008001c18                Score::Score(int)
                0x0000000008001c18                Score::Score(int)
 .text._ZN5Score8getPointEv
                0x0000000008001c44       0x16 ./Core/Src/Score.o
                0x0000000008001c44                Score::getPoint()
 *fill*         0x0000000008001c5a        0x2 
 .text._ZN5Score12displayPointEv
                0x0000000008001c5c      0x748 ./Core/Src/Score.o
                0x0000000008001c5c                Score::displayPoint()
 .text._ZN5Score8setPointEi
                0x00000000080023a4       0x1e ./Core/Src/Score.o
                0x00000000080023a4                Score::setPoint(int)
 *fill*         0x00000000080023c2        0x2 
 .text._ZN5Score14turnOffDisplayEv
                0x00000000080023c4       0xc0 ./Core/Src/Score.o
                0x00000000080023c4                Score::turnOffDisplay()
 .text._ZN5ScoreD2Ev
                0x0000000008002484       0x20 ./Core/Src/Score.o
                0x0000000008002484                Score::~Score()
                0x0000000008002484                Score::~Score()
 .text._ZN5ScoreD0Ev
                0x00000000080024a4       0x20 ./Core/Src/Score.o
                0x00000000080024a4                Score::~Score()
 .text._ZN8SettingsC2Ev
                0x00000000080024c4       0x30 ./Core/Src/Settings.o
                0x00000000080024c4                Settings::Settings()
                0x00000000080024c4                Settings::Settings()
 .text._ZN8Settings15setPointsNeededEv
                0x00000000080024f4       0x2c ./Core/Src/Settings.o
                0x00000000080024f4                Settings::setPointsNeeded()
 .text._ZN8Settings15getPointsNeededEv
                0x0000000008002520       0x16 ./Core/Src/Settings.o
                0x0000000008002520                Settings::getPointsNeeded()
 .text._ZN8Settings24setBallSpeedIncreaseRateEv
                0x0000000008002536       0x2c ./Core/Src/Settings.o
                0x0000000008002536                Settings::setBallSpeedIncreaseRate()
 .text._ZN8Settings24getBallSpeedIncreaseRateEv
                0x0000000008002562       0x16 ./Core/Src/Settings.o
                0x0000000008002562                Settings::getBallSpeedIncreaseRate()
 .text._ZN8Settings12setKnockbackEv
                0x0000000008002578       0x20 ./Core/Src/Settings.o
                0x0000000008002578                Settings::setKnockback()
 .text._ZN8Settings12getKnockbackEv
                0x0000000008002598       0x16 ./Core/Src/Settings.o
                0x0000000008002598                Settings::getKnockback()
 *fill*         0x00000000080025ae        0x2 
 .text._ZN8SettingsD2Ev
                0x00000000080025b0       0x20 ./Core/Src/Settings.o
                0x00000000080025b0                Settings::~Settings()
                0x00000000080025b0                Settings::~Settings()
 .text._ZN8SettingsD0Ev
                0x00000000080025d0       0x20 ./Core/Src/Settings.o
                0x00000000080025d0                Settings::~Settings()
 .text._Z5Delaym
                0x00000000080025f0       0x2a ./Core/Src/lcd.o
                0x00000000080025f0                Delay(unsigned long)
 .text._Z8LCD_INITv
                0x000000000800261a       0x2c ./Core/Src/lcd.o
                0x000000000800261a                LCD_INIT()
 *fill*         0x0000000008002646        0x2 
 .text._Z7LCD_Rstv
                0x0000000008002648       0x30 ./Core/Src/lcd.o
                0x0000000008002648                LCD_Rst()
 .text._Z19LCD_BackLed_Control15FunctionalState
                0x0000000008002678       0x38 ./Core/Src/lcd.o
                0x0000000008002678                LCD_BackLed_Control(FunctionalState)
 .text._Z13LCD_Write_Cmdt
                0x00000000080026b0       0x1c ./Core/Src/lcd.o
                0x00000000080026b0                LCD_Write_Cmd(unsigned short)
 .text._Z14LCD_Write_Datat
                0x00000000080026cc       0x20 ./Core/Src/lcd.o
                0x00000000080026cc                LCD_Write_Data(unsigned short)
 .text._Z14LCD_REG_Configv
                0x00000000080026ec      0x234 ./Core/Src/lcd.o
                0x00000000080026ec                LCD_REG_Config()
 .text._Z14LCD_OpenWindowtttt
                0x0000000008002920       0xb2 ./Core/Src/lcd.o
                0x0000000008002920                LCD_OpenWindow(unsigned short, unsigned short, unsigned short, unsigned short)
 .text._Z13LCD_FillColormt
                0x00000000080029d2       0x3a ./Core/Src/lcd.o
                0x00000000080029d2                LCD_FillColor(unsigned long, unsigned short)
 .text._Z9LCD_Clearttttt
                0x0000000008002a0c       0x46 ./Core/Src/lcd.o
                0x0000000008002a0c                LCD_Clear(unsigned short, unsigned short, unsigned short, unsigned short, unsigned short)
 .text._Z12LCD_DrawLinettttt
                0x0000000008002a52      0x108 ./Core/Src/lcd.o
                0x0000000008002a52                LCD_DrawLine(unsigned short, unsigned short, unsigned short, unsigned short, unsigned short)
 .text._Z22LCD_DrawEmptyRectanglettttt
                0x0000000008002b5a       0xc0 ./Core/Src/lcd.o
                0x0000000008002b5a                LCD_DrawEmptyRectangle(unsigned short, unsigned short, unsigned short, unsigned short, unsigned short)
 *fill*         0x0000000008002c1a        0x2 
 .text._Z12LCD_DrawCharttc
                0x0000000008002c1c       0x8c ./Core/Src/lcd.o
                0x0000000008002c1c                LCD_DrawChar(unsigned short, unsigned short, char)
 .text._Z14LCD_DrawStringttPKc
                0x0000000008002ca8       0x5c ./Core/Src/lcd.o
                0x0000000008002ca8                LCD_DrawString(unsigned short, unsigned short, char const*)
 .text._Z11LCD_DrawDotttt
                0x0000000008002d04       0x34 ./Core/Src/lcd.o
                0x0000000008002d04                LCD_DrawDot(unsigned short, unsigned short, unsigned short)
 .text._Z12LCD_DrawBallttt
                0x0000000008002d38       0x54 ./Core/Src/lcd.o
                0x0000000008002d38                LCD_DrawBall(unsigned short, unsigned short, unsigned short)
 .text._Z12LCD_MoveBalltttt
                0x0000000008002d8c      0x14e ./Core/Src/lcd.o
                0x0000000008002d8c                LCD_MoveBall(unsigned short, unsigned short, unsigned short, unsigned short)
 .text._Z14LCD_DrawPlayerttt
                0x0000000008002eda       0x54 ./Core/Src/lcd.o
                0x0000000008002eda                LCD_DrawPlayer(unsigned short, unsigned short, unsigned short)
 .text._Z14LCD_MovePlayertttt
                0x0000000008002f2e      0x120 ./Core/Src/lcd.o
                0x0000000008002f2e                LCD_MovePlayer(unsigned short, unsigned short, unsigned short, unsigned short)
 .text._Z11LCD_DrawNetv
                0x000000000800304e       0x30 ./Core/Src/lcd.o
                0x000000000800304e                LCD_DrawNet()
 *fill*         0x000000000800307e        0x2 
 .text.main     0x0000000008003080      0x150 ./Core/Src/main.o
                0x0000000008003080                main
 .text._Z18SystemClock_Configv
                0x00000000080031d0       0xd8 ./Core/Src/main.o
                0x00000000080031d0                SystemClock_Config()
 .text._ZL12MX_ADC1_Initv
                0x00000000080032a8       0x90 ./Core/Src/main.o
 .text._ZL12MX_ADC2_Initv
                0x0000000008003338       0x90 ./Core/Src/main.o
 .text._ZL12MX_TIM4_Initv
                0x00000000080033c8      0x140 ./Core/Src/main.o
 .text._ZL12MX_GPIO_Initv
                0x0000000008003508      0x22c ./Core/Src/main.o
 .text._ZL12MX_FSMC_Initv
                0x0000000008003734       0xd4 ./Core/Src/main.o
 .text.Error_Handler
                0x0000000008003808        0xa ./Core/Src/main.o
                0x0000000008003808                Error_Handler
 *fill*         0x0000000008003812        0x2 
 .text.HAL_MspInit
                0x0000000008003814       0x64 ./Core/Src/stm32f1xx_hal_msp.o
                0x0000000008003814                HAL_MspInit
 .text.HAL_ADC_MspInit
                0x0000000008003878       0xfc ./Core/Src/stm32f1xx_hal_msp.o
                0x0000000008003878                HAL_ADC_MspInit
 .text.HAL_TIM_Base_MspInit
                0x0000000008003974       0x3c ./Core/Src/stm32f1xx_hal_msp.o
                0x0000000008003974                HAL_TIM_Base_MspInit
 .text.HAL_TIM_MspPostInit
                0x00000000080039b0       0x64 ./Core/Src/stm32f1xx_hal_msp.o
                0x00000000080039b0                HAL_TIM_MspPostInit
 .text.HAL_FSMC_MspInit
                0x0000000008003a14       0x88 ./Core/Src/stm32f1xx_hal_msp.o
 .text.HAL_SRAM_MspInit
                0x0000000008003a9c       0x14 ./Core/Src/stm32f1xx_hal_msp.o
                0x0000000008003a9c                HAL_SRAM_MspInit
 .text.NMI_Handler
                0x0000000008003ab0        0x6 ./Core/Src/stm32f1xx_it.o
                0x0000000008003ab0                NMI_Handler
 .text.HardFault_Handler
                0x0000000008003ab6        0x6 ./Core/Src/stm32f1xx_it.o
                0x0000000008003ab6                HardFault_Handler
 .text.MemManage_Handler
                0x0000000008003abc        0x6 ./Core/Src/stm32f1xx_it.o
                0x0000000008003abc                MemManage_Handler
 .text.BusFault_Handler
                0x0000000008003ac2        0x6 ./Core/Src/stm32f1xx_it.o
                0x0000000008003ac2                BusFault_Handler
 .text.UsageFault_Handler
                0x0000000008003ac8        0x6 ./Core/Src/stm32f1xx_it.o
                0x0000000008003ac8                UsageFault_Handler
 .text.SVC_Handler
                0x0000000008003ace        0xc ./Core/Src/stm32f1xx_it.o
                0x0000000008003ace                SVC_Handler
 .text.DebugMon_Handler
                0x0000000008003ada        0xc ./Core/Src/stm32f1xx_it.o
                0x0000000008003ada                DebugMon_Handler
 .text.PendSV_Handler
                0x0000000008003ae6        0xc ./Core/Src/stm32f1xx_it.o
                0x0000000008003ae6                PendSV_Handler
 .text.SysTick_Handler
                0x0000000008003af2        0xc ./Core/Src/stm32f1xx_it.o
                0x0000000008003af2                SysTick_Handler
 *fill*         0x0000000008003afe        0x2 
 .text.EXTI0_IRQHandler
                0x0000000008003b00       0x18 ./Core/Src/stm32f1xx_it.o
                0x0000000008003b00                EXTI0_IRQHandler
 .text.EXTI4_IRQHandler
                0x0000000008003b18       0x34 ./Core/Src/stm32f1xx_it.o
                0x0000000008003b18                EXTI4_IRQHandler
 .text.EXTI15_10_IRQHandler
                0x0000000008003b4c       0x1c ./Core/Src/stm32f1xx_it.o
                0x0000000008003b4c                EXTI15_10_IRQHandler
 .text._sbrk    0x0000000008003b68       0x6c ./Core/Src/sysmem.o
                0x0000000008003b68                _sbrk
 .text.SystemInit
                0x0000000008003bd4        0xc ./Core/Src/system_stm32f1xx.o
                0x0000000008003bd4                SystemInit
 .text._ZL15XPT2046_DelayUSm
                0x0000000008003be0       0x4a ./Core/Src/xpt2046.o
 *fill*         0x0000000008003c2a        0x2 
 .text._ZL16XPT2046_WriteCMDh
                0x0000000008003c2c       0x88 ./Core/Src/xpt2046.o
 .text._ZL15XPT2046_ReadCMDv
                0x0000000008003cb4       0x78 ./Core/Src/xpt2046.o
 .text._ZL15XPT2046_ReadAdch
                0x0000000008003d2c       0x20 ./Core/Src/xpt2046.o
 .text._ZL18XPT2046_ReadAdc_XYPsS_
                0x0000000008003d4c       0x38 ./Core/Src/xpt2046.o
 .text._ZL25XPT2046_ReadAdc_Smooth_XYP26strType_XPT2046_Coordinate
                0x0000000008003d84      0x240 ./Core/Src/xpt2046.o
 .text._Z24XPT2046_Get_TouchedPointP26strType_XPT2046_CoordinateP25strType_XPT2046_TouchPara
                0x0000000008003fc4      0x118 ./Core/Src/xpt2046.o
                0x0000000008003fc4                XPT2046_Get_TouchedPoint(strType_XPT2046_Coordinate*, strType_XPT2046_TouchPara*)
 .text.Reset_Handler
                0x00000000080040dc       0x48 ./Core/Startup/startup_stm32f103vetx.o
                0x00000000080040dc                Reset_Handler
 .text.Default_Handler
                0x0000000008004124        0x2 ./Core/Startup/startup_stm32f103vetx.o
                0x0000000008004124                RTC_Alarm_IRQHandler
                0x0000000008004124                EXTI2_IRQHandler
                0x0000000008004124                TIM8_TRG_COM_IRQHandler
                0x0000000008004124                TIM8_CC_IRQHandler
                0x0000000008004124                TIM1_CC_IRQHandler
                0x0000000008004124                TIM6_IRQHandler
                0x0000000008004124                PVD_IRQHandler
                0x0000000008004124                SDIO_IRQHandler
                0x0000000008004124                EXTI3_IRQHandler
                0x0000000008004124                I2C2_EV_IRQHandler
                0x0000000008004124                ADC1_2_IRQHandler
                0x0000000008004124                SPI1_IRQHandler
                0x0000000008004124                TAMPER_IRQHandler
                0x0000000008004124                TIM8_UP_IRQHandler
                0x0000000008004124                DMA2_Channel2_IRQHandler
                0x0000000008004124                DMA1_Channel4_IRQHandler
                0x0000000008004124                USART3_IRQHandler
                0x0000000008004124                RTC_IRQHandler
                0x0000000008004124                DMA1_Channel7_IRQHandler
                0x0000000008004124                CAN1_RX1_IRQHandler
                0x0000000008004124                UART5_IRQHandler
                0x0000000008004124                ADC3_IRQHandler
                0x0000000008004124                TIM4_IRQHandler
                0x0000000008004124                DMA2_Channel1_IRQHandler
                0x0000000008004124                I2C1_EV_IRQHandler
                0x0000000008004124                DMA1_Channel6_IRQHandler
                0x0000000008004124                UART4_IRQHandler
                0x0000000008004124                TIM3_IRQHandler
                0x0000000008004124                RCC_IRQHandler
                0x0000000008004124                TIM1_TRG_COM_IRQHandler
                0x0000000008004124                DMA1_Channel1_IRQHandler
                0x0000000008004124                Default_Handler
                0x0000000008004124                TIM7_IRQHandler
                0x0000000008004124                TIM5_IRQHandler
                0x0000000008004124                EXTI9_5_IRQHandler
                0x0000000008004124                SPI2_IRQHandler
                0x0000000008004124                DMA1_Channel5_IRQHandler
                0x0000000008004124                USB_LP_CAN1_RX0_IRQHandler
                0x0000000008004124                USB_HP_CAN1_TX_IRQHandler
                0x0000000008004124                DMA1_Channel3_IRQHandler
                0x0000000008004124                FSMC_IRQHandler
                0x0000000008004124                TIM1_UP_IRQHandler
                0x0000000008004124                WWDG_IRQHandler
                0x0000000008004124                TIM2_IRQHandler
                0x0000000008004124                TIM1_BRK_IRQHandler
                0x0000000008004124                EXTI1_IRQHandler
                0x0000000008004124                DMA2_Channel4_5_IRQHandler
                0x0000000008004124                USART2_IRQHandler
                0x0000000008004124                I2C2_ER_IRQHandler
                0x0000000008004124                DMA1_Channel2_IRQHandler
                0x0000000008004124                TIM8_BRK_IRQHandler
                0x0000000008004124                CAN1_SCE_IRQHandler
                0x0000000008004124                FLASH_IRQHandler
                0x0000000008004124                USART1_IRQHandler
                0x0000000008004124                SPI3_IRQHandler
                0x0000000008004124                I2C1_ER_IRQHandler
                0x0000000008004124                USBWakeUp_IRQHandler
                0x0000000008004124                DMA2_Channel3_IRQHandler
 *fill*         0x0000000008004126        0x2 
 .text.HAL_Init
                0x0000000008004128       0x2c ./Drivers/STM32F1xx_HAL_Driver/Src/stm32f1xx_hal.o
                0x0000000008004128                HAL_Init
 .text.HAL_InitTick
                0x0000000008004154       0x60 ./Drivers/STM32F1xx_HAL_Driver/Src/stm32f1xx_hal.o
                0x0000000008004154                HAL_InitTick
 .text.HAL_IncTick
                0x00000000080041b4       0x24 ./Drivers/STM32F1xx_HAL_Driver/Src/stm32f1xx_hal.o
                0x00000000080041b4                HAL_IncTick
 .text.HAL_GetTick
                0x00000000080041d8       0x14 ./Drivers/STM32F1xx_HAL_Driver/Src/stm32f1xx_hal.o
                0x00000000080041d8                HAL_GetTick
 .text.HAL_Delay
                0x00000000080041ec       0x48 ./Drivers/STM32F1xx_HAL_Driver/Src/stm32f1xx_hal.o
                0x00000000080041ec                HAL_Delay
 .text.HAL_ADC_Init
                0x0000000008004234      0x1d4 ./Drivers/STM32F1xx_HAL_Driver/Src/stm32f1xx_hal_adc.o
                0x0000000008004234                HAL_ADC_Init
 .text.HAL_ADC_Start
                0x0000000008004408      0x15c ./Drivers/STM32F1xx_HAL_Driver/Src/stm32f1xx_hal_adc.o
                0x0000000008004408                HAL_ADC_Start
 .text.HAL_ADC_PollForConversion
                0x0000000008004564      0x20c ./Drivers/STM32F1xx_HAL_Driver/Src/stm32f1xx_hal_adc.o
                0x0000000008004564                HAL_ADC_PollForConversion
 .text.HAL_ADC_GetValue
                0x0000000008004770       0x18 ./Drivers/STM32F1xx_HAL_Driver/Src/stm32f1xx_hal_adc.o
                0x0000000008004770                HAL_ADC_GetValue
 .text.HAL_ADC_ConfigChannel
                0x0000000008004788      0x1f0 ./Drivers/STM32F1xx_HAL_Driver/Src/stm32f1xx_hal_adc.o
                0x0000000008004788                HAL_ADC_ConfigChannel
 .text.ADC_Enable
                0x0000000008004978       0xb4 ./Drivers/STM32F1xx_HAL_Driver/Src/stm32f1xx_hal_adc.o
                0x0000000008004978                ADC_Enable
 .text.ADC_ConversionStop_Disable
                0x0000000008004a2c       0x82 ./Drivers/STM32F1xx_HAL_Driver/Src/stm32f1xx_hal_adc.o
                0x0000000008004a2c                ADC_ConversionStop_Disable
 *fill*         0x0000000008004aae        0x2 
 .text.HAL_ADCEx_Calibration_Start
                0x0000000008004ab0      0x15c ./Drivers/STM32F1xx_HAL_Driver/Src/stm32f1xx_hal_adc_ex.o
                0x0000000008004ab0                HAL_ADCEx_Calibration_Start
 .text.__NVIC_SetPriorityGrouping
                0x0000000008004c0c       0x48 ./Drivers/STM32F1xx_HAL_Driver/Src/stm32f1xx_hal_cortex.o
 .text.__NVIC_GetPriorityGrouping
                0x0000000008004c54       0x1c ./Drivers/STM32F1xx_HAL_Driver/Src/stm32f1xx_hal_cortex.o
 .text.__NVIC_EnableIRQ
                0x0000000008004c70       0x38 ./Drivers/STM32F1xx_HAL_Driver/Src/stm32f1xx_hal_cortex.o
 .text.__NVIC_SetPriority
                0x0000000008004ca8       0x54 ./Drivers/STM32F1xx_HAL_Driver/Src/stm32f1xx_hal_cortex.o
 .text.NVIC_EncodePriority
                0x0000000008004cfc       0x64 ./Drivers/STM32F1xx_HAL_Driver/Src/stm32f1xx_hal_cortex.o
 .text.SysTick_Config
                0x0000000008004d60       0x44 ./Drivers/STM32F1xx_HAL_Driver/Src/stm32f1xx_hal_cortex.o
 .text.HAL_NVIC_SetPriorityGrouping
                0x0000000008004da4       0x16 ./Drivers/STM32F1xx_HAL_Driver/Src/stm32f1xx_hal_cortex.o
                0x0000000008004da4                HAL_NVIC_SetPriorityGrouping
 .text.HAL_NVIC_SetPriority
                0x0000000008004dba       0x38 ./Drivers/STM32F1xx_HAL_Driver/Src/stm32f1xx_hal_cortex.o
                0x0000000008004dba                HAL_NVIC_SetPriority
 .text.HAL_NVIC_EnableIRQ
                0x0000000008004df2       0x1c ./Drivers/STM32F1xx_HAL_Driver/Src/stm32f1xx_hal_cortex.o
                0x0000000008004df2                HAL_NVIC_EnableIRQ
 .text.HAL_SYSTICK_Config
                0x0000000008004e0e       0x18 ./Drivers/STM32F1xx_HAL_Driver/Src/stm32f1xx_hal_cortex.o
                0x0000000008004e0e                HAL_SYSTICK_Config
 *fill*         0x0000000008004e26        0x2 
 .text.HAL_GPIO_Init
                0x0000000008004e28      0x328 ./Drivers/STM32F1xx_HAL_Driver/Src/stm32f1xx_hal_gpio.o
                0x0000000008004e28                HAL_GPIO_Init
 .text.HAL_GPIO_ReadPin
                0x0000000008005150       0x2e ./Drivers/STM32F1xx_HAL_Driver/Src/stm32f1xx_hal_gpio.o
                0x0000000008005150                HAL_GPIO_ReadPin
 .text.HAL_GPIO_WritePin
                0x000000000800517e       0x30 ./Drivers/STM32F1xx_HAL_Driver/Src/stm32f1xx_hal_gpio.o
                0x000000000800517e                HAL_GPIO_WritePin
 *fill*         0x00000000080051ae        0x2 
 .text.HAL_GPIO_EXTI_IRQHandler
                0x00000000080051b0       0x30 ./Drivers/STM32F1xx_HAL_Driver/Src/stm32f1xx_hal_gpio.o
                0x00000000080051b0                HAL_GPIO_EXTI_IRQHandler
 .text.HAL_GPIO_EXTI_Callback
                0x00000000080051e0       0x14 ./Drivers/STM32F1xx_HAL_Driver/Src/stm32f1xx_hal_gpio.o
                0x00000000080051e0                HAL_GPIO_EXTI_Callback
 .text.HAL_RCC_OscConfig
                0x00000000080051f4      0x504 ./Drivers/STM32F1xx_HAL_Driver/Src/stm32f1xx_hal_rcc.o
                0x00000000080051f4                HAL_RCC_OscConfig
 .text.HAL_RCC_ClockConfig
                0x00000000080056f8      0x1d4 ./Drivers/STM32F1xx_HAL_Driver/Src/stm32f1xx_hal_rcc.o
                0x00000000080056f8                HAL_RCC_ClockConfig
 .text.HAL_RCC_GetSysClockFreq
                0x00000000080058cc       0xa8 ./Drivers/STM32F1xx_HAL_Driver/Src/stm32f1xx_hal_rcc.o
                0x00000000080058cc                HAL_RCC_GetSysClockFreq
 .text.HAL_RCC_GetHCLKFreq
                0x0000000008005974       0x14 ./Drivers/STM32F1xx_HAL_Driver/Src/stm32f1xx_hal_rcc.o
                0x0000000008005974                HAL_RCC_GetHCLKFreq
 .text.HAL_RCC_GetPCLK2Freq
                0x0000000008005988       0x28 ./Drivers/STM32F1xx_HAL_Driver/Src/stm32f1xx_hal_rcc.o
                0x0000000008005988                HAL_RCC_GetPCLK2Freq
 .text.RCC_Delay
                0x00000000080059b0       0x3c ./Drivers/STM32F1xx_HAL_Driver/Src/stm32f1xx_hal_rcc.o
 .text.HAL_RCCEx_PeriphCLKConfig
                0x00000000080059ec      0x16c ./Drivers/STM32F1xx_HAL_Driver/Src/stm32f1xx_hal_rcc_ex.o
                0x00000000080059ec                HAL_RCCEx_PeriphCLKConfig
 .text.HAL_RCCEx_GetPeriphCLKFreq
                0x0000000008005b58      0x1b0 ./Drivers/STM32F1xx_HAL_Driver/Src/stm32f1xx_hal_rcc_ex.o
                0x0000000008005b58                HAL_RCCEx_GetPeriphCLKFreq
 .text.HAL_SRAM_Init
                0x0000000008005d08       0x9a ./Drivers/STM32F1xx_HAL_Driver/Src/stm32f1xx_hal_sram.o
                0x0000000008005d08                HAL_SRAM_Init
 .text.HAL_TIM_Base_Init
                0x0000000008005da2       0x9e ./Drivers/STM32F1xx_HAL_Driver/Src/stm32f1xx_hal_tim.o
                0x0000000008005da2                HAL_TIM_Base_Init
 .text.HAL_TIM_PWM_Init
                0x0000000008005e40       0x9e ./Drivers/STM32F1xx_HAL_Driver/Src/stm32f1xx_hal_tim.o
                0x0000000008005e40                HAL_TIM_PWM_Init
 .text.HAL_TIM_PWM_MspInit
                0x0000000008005ede       0x12 ./Drivers/STM32F1xx_HAL_Driver/Src/stm32f1xx_hal_tim.o
                0x0000000008005ede                HAL_TIM_PWM_MspInit
 .text.HAL_TIM_PWM_ConfigChannel
                0x0000000008005ef0      0x184 ./Drivers/STM32F1xx_HAL_Driver/Src/stm32f1xx_hal_tim.o
                0x0000000008005ef0                HAL_TIM_PWM_ConfigChannel
 .text.HAL_TIM_ConfigClockSource
                0x0000000008006074      0x18e ./Drivers/STM32F1xx_HAL_Driver/Src/stm32f1xx_hal_tim.o
                0x0000000008006074                HAL_TIM_ConfigClockSource
 *fill*         0x0000000008006202        0x2 
 .text.TIM_Base_SetConfig
                0x0000000008006204       0xf4 ./Drivers/STM32F1xx_HAL_Driver/Src/stm32f1xx_hal_tim.o
                0x0000000008006204                TIM_Base_SetConfig
 .text.TIM_OC1_SetConfig
                0x00000000080062f8       0xe0 ./Drivers/STM32F1xx_HAL_Driver/Src/stm32f1xx_hal_tim.o
 .text.TIM_OC2_SetConfig
                0x00000000080063d8       0xe8 ./Drivers/STM32F1xx_HAL_Driver/Src/stm32f1xx_hal_tim.o
                0x00000000080063d8                TIM_OC2_SetConfig
 .text.TIM_OC3_SetConfig
                0x00000000080064c0       0xe8 ./Drivers/STM32F1xx_HAL_Driver/Src/stm32f1xx_hal_tim.o
 .text.TIM_OC4_SetConfig
                0x00000000080065a8       0xa8 ./Drivers/STM32F1xx_HAL_Driver/Src/stm32f1xx_hal_tim.o
 .text.TIM_TI1_ConfigInputStage
                0x0000000008006650       0x5c ./Drivers/STM32F1xx_HAL_Driver/Src/stm32f1xx_hal_tim.o
 .text.TIM_TI2_ConfigInputStage
                0x00000000080066ac       0x5e ./Drivers/STM32F1xx_HAL_Driver/Src/stm32f1xx_hal_tim.o
 .text.TIM_ITRx_SetConfig
                0x000000000800670a       0x34 ./Drivers/STM32F1xx_HAL_Driver/Src/stm32f1xx_hal_tim.o
 .text.TIM_ETR_SetConfig
                0x000000000800673e       0x3e ./Drivers/STM32F1xx_HAL_Driver/Src/stm32f1xx_hal_tim.o
                0x000000000800673e                TIM_ETR_SetConfig
 .text.HAL_TIMEx_MasterConfigSynchronization
                0x000000000800677c       0xd8 ./Drivers/STM32F1xx_HAL_Driver/Src/stm32f1xx_hal_tim_ex.o
                0x000000000800677c                HAL_TIMEx_MasterConfigSynchronization
 .text.FSMC_NORSRAM_Init
                0x0000000008006854       0xd4 ./Drivers/STM32F1xx_HAL_Driver/Src/stm32f1xx_ll_fsmc.o
                0x0000000008006854                FSMC_NORSRAM_Init
 .text.FSMC_NORSRAM_Timing_Init
                0x0000000008006928       0x68 ./Drivers/STM32F1xx_HAL_Driver/Src/stm32f1xx_ll_fsmc.o
                0x0000000008006928                FSMC_NORSRAM_Timing_Init
 .text.FSMC_NORSRAM_Extended_Timing_Init
                0x0000000008006990       0x70 ./Drivers/STM32F1xx_HAL_Driver/Src/stm32f1xx_ll_fsmc.o
                0x0000000008006990                FSMC_NORSRAM_Extended_Timing_Init
 .text._ZdlPvj  0x0000000008006a00        0x4 c:/st/stm32cubeide_1.9.0/stm32cubeide/plugins/com.st.stm32cube.ide.mcu.externaltools.gnu-tools-for-stm32.10.3-2021.10.win32_1.0.0.202111181127/tools/bin/../lib/gcc/arm-none-eabi/10.3.1/../../../../arm-none-eabi/lib/thumb/v7-m/nofp\libstdc++_nano.a(del_ops.o)
                0x0000000008006a00                operator delete(void*, unsigned int)
 .text._ZdlPv   0x0000000008006a04        0x4 c:/st/stm32cubeide_1.9.0/stm32cubeide/plugins/com.st.stm32cube.ide.mcu.externaltools.gnu-tools-for-stm32.10.3-2021.10.win32_1.0.0.202111181127/tools/bin/../lib/gcc/arm-none-eabi/10.3.1/../../../../arm-none-eabi/lib/thumb/v7-m/nofp\libstdc++_nano.a(del_op.o)
                0x0000000008006a04                operator delete(void*)
 .text.__errno  0x0000000008006a08        0xc c:/st/stm32cubeide_1.9.0/stm32cubeide/plugins/com.st.stm32cube.ide.mcu.externaltools.gnu-tools-for-stm32.10.3-2021.10.win32_1.0.0.202111181127/tools/bin/../lib/gcc/arm-none-eabi/10.3.1/../../../../arm-none-eabi/lib/thumb/v7-m/nofp\libc_nano.a(lib_a-errno.o)
                0x0000000008006a08                __errno
 .text.__libc_init_array
                0x0000000008006a14       0x48 c:/st/stm32cubeide_1.9.0/stm32cubeide/plugins/com.st.stm32cube.ide.mcu.externaltools.gnu-tools-for-stm32.10.3-2021.10.win32_1.0.0.202111181127/tools/bin/../lib/gcc/arm-none-eabi/10.3.1/../../../../arm-none-eabi/lib/thumb/v7-m/nofp\libc_nano.a(lib_a-init.o)
                0x0000000008006a14                __libc_init_array
 .text.free     0x0000000008006a5c       0x10 c:/st/stm32cubeide_1.9.0/stm32cubeide/plugins/com.st.stm32cube.ide.mcu.externaltools.gnu-tools-for-stm32.10.3-2021.10.win32_1.0.0.202111181127/tools/bin/../lib/gcc/arm-none-eabi/10.3.1/../../../../arm-none-eabi/lib/thumb/v7-m/nofp\libc_nano.a(lib_a-malloc.o)
                0x0000000008006a5c                free
 .text.memset   0x0000000008006a6c       0x10 c:/st/stm32cubeide_1.9.0/stm32cubeide/plugins/com.st.stm32cube.ide.mcu.externaltools.gnu-tools-for-stm32.10.3-2021.10.win32_1.0.0.202111181127/tools/bin/../lib/gcc/arm-none-eabi/10.3.1/../../../../arm-none-eabi/lib/thumb/v7-m/nofp\libc_nano.a(lib_a-memset.o)
                0x0000000008006a6c                memset
 .text._free_r  0x0000000008006a7c       0x90 c:/st/stm32cubeide_1.9.0/stm32cubeide/plugins/com.st.stm32cube.ide.mcu.externaltools.gnu-tools-for-stm32.10.3-2021.10.win32_1.0.0.202111181127/tools/bin/../lib/gcc/arm-none-eabi/10.3.1/../../../../arm-none-eabi/lib/thumb/v7-m/nofp\libc_nano.a(lib_a-nano-freer.o)
                0x0000000008006a7c                _free_r
 .text.sbrk_aligned
                0x0000000008006b0c       0x40 c:/st/stm32cubeide_1.9.0/stm32cubeide/plugins/com.st.stm32cube.ide.mcu.externaltools.gnu-tools-for-stm32.10.3-2021.10.win32_1.0.0.202111181127/tools/bin/../lib/gcc/arm-none-eabi/10.3.1/../../../../arm-none-eabi/lib/thumb/v7-m/nofp\libc_nano.a(lib_a-nano-mallocr.o)
 .text._malloc_r
                0x0000000008006b4c       0xe8 c:/st/stm32cubeide_1.9.0/stm32cubeide/plugins/com.st.stm32cube.ide.mcu.externaltools.gnu-tools-for-stm32.10.3-2021.10.win32_1.0.0.202111181127/tools/bin/../lib/gcc/arm-none-eabi/10.3.1/../../../../arm-none-eabi/lib/thumb/v7-m/nofp\libc_nano.a(lib_a-nano-mallocr.o)
                0x0000000008006b4c                _malloc_r
 .text._sbrk_r  0x0000000008006c34       0x20 c:/st/stm32cubeide_1.9.0/stm32cubeide/plugins/com.st.stm32cube.ide.mcu.externaltools.gnu-tools-for-stm32.10.3-2021.10.win32_1.0.0.202111181127/tools/bin/../lib/gcc/arm-none-eabi/10.3.1/../../../../arm-none-eabi/lib/thumb/v7-m/nofp\libc_nano.a(lib_a-sbrkr.o)
                0x0000000008006c34                _sbrk_r
 .text.sprintf  0x0000000008006c54       0x40 c:/st/stm32cubeide_1.9.0/stm32cubeide/plugins/com.st.stm32cube.ide.mcu.externaltools.gnu-tools-for-stm32.10.3-2021.10.win32_1.0.0.202111181127/tools/bin/../lib/gcc/arm-none-eabi/10.3.1/../../../../arm-none-eabi/lib/thumb/v7-m/nofp\libc_nano.a(lib_a-sprintf.o)
                0x0000000008006c54                siprintf
                0x0000000008006c54                sprintf
 .text.__malloc_lock
                0x0000000008006c94        0xc c:/st/stm32cubeide_1.9.0/stm32cubeide/plugins/com.st.stm32cube.ide.mcu.externaltools.gnu-tools-for-stm32.10.3-2021.10.win32_1.0.0.202111181127/tools/bin/../lib/gcc/arm-none-eabi/10.3.1/../../../../arm-none-eabi/lib/thumb/v7-m/nofp\libc_nano.a(lib_a-mlock.o)
                0x0000000008006c94                __malloc_lock
 .text.__malloc_unlock
                0x0000000008006ca0        0xc c:/st/stm32cubeide_1.9.0/stm32cubeide/plugins/com.st.stm32cube.ide.mcu.externaltools.gnu-tools-for-stm32.10.3-2021.10.win32_1.0.0.202111181127/tools/bin/../lib/gcc/arm-none-eabi/10.3.1/../../../../arm-none-eabi/lib/thumb/v7-m/nofp\libc_nano.a(lib_a-mlock.o)
                0x0000000008006ca0                __malloc_unlock
 .text.__ssputs_r
                0x0000000008006cac       0xb6 c:/st/stm32cubeide_1.9.0/stm32cubeide/plugins/com.st.stm32cube.ide.mcu.externaltools.gnu-tools-for-stm32.10.3-2021.10.win32_1.0.0.202111181127/tools/bin/../lib/gcc/arm-none-eabi/10.3.1/../../../../arm-none-eabi/lib/thumb/v7-m/nofp\libc_nano.a(lib_a-nano-svfprintf.o)
                0x0000000008006cac                __ssputs_r
 *fill*         0x0000000008006d62        0x2 
 .text._svfprintf_r
                0x0000000008006d64      0x200 c:/st/stm32cubeide_1.9.0/stm32cubeide/plugins/com.st.stm32cube.ide.mcu.externaltools.gnu-tools-for-stm32.10.3-2021.10.win32_1.0.0.202111181127/tools/bin/../lib/gcc/arm-none-eabi/10.3.1/../../../../arm-none-eabi/lib/thumb/v7-m/nofp\libc_nano.a(lib_a-nano-svfprintf.o)
                0x0000000008006d64                _svfiprintf_r
                0x0000000008006d64                _svfprintf_r
 .text._printf_common
                0x0000000008006f64       0xde c:/st/stm32cubeide_1.9.0/stm32cubeide/plugins/com.st.stm32cube.ide.mcu.externaltools.gnu-tools-for-stm32.10.3-2021.10.win32_1.0.0.202111181127/tools/bin/../lib/gcc/arm-none-eabi/10.3.1/../../../../arm-none-eabi/lib/thumb/v7-m/nofp\libc_nano.a(lib_a-nano-vfprintf_i.o)
                0x0000000008006f64                _printf_common
 *fill*         0x0000000008007042        0x2 
 .text._printf_i
                0x0000000008007044      0x24c c:/st/stm32cubeide_1.9.0/stm32cubeide/plugins/com.st.stm32cube.ide.mcu.externaltools.gnu-tools-for-stm32.10.3-2021.10.win32_1.0.0.202111181127/tools/bin/../lib/gcc/arm-none-eabi/10.3.1/../../../../arm-none-eabi/lib/thumb/v7-m/nofp\libc_nano.a(lib_a-nano-vfprintf_i.o)
                0x0000000008007044                _printf_i
 .text.__retarget_lock_acquire_recursive
                0x0000000008007290        0x2 c:/st/stm32cubeide_1.9.0/stm32cubeide/plugins/com.st.stm32cube.ide.mcu.externaltools.gnu-tools-for-stm32.10.3-2021.10.win32_1.0.0.202111181127/tools/bin/../lib/gcc/arm-none-eabi/10.3.1/../../../../arm-none-eabi/lib/thumb/v7-m/nofp\libc_nano.a(lib_a-lock.o)
                0x0000000008007290                __retarget_lock_acquire_recursive
 .text.__retarget_lock_release_recursive
                0x0000000008007292        0x2 c:/st/stm32cubeide_1.9.0/stm32cubeide/plugins/com.st.stm32cube.ide.mcu.externaltools.gnu-tools-for-stm32.10.3-2021.10.win32_1.0.0.202111181127/tools/bin/../lib/gcc/arm-none-eabi/10.3.1/../../../../arm-none-eabi/lib/thumb/v7-m/nofp\libc_nano.a(lib_a-lock.o)
                0x0000000008007292                __retarget_lock_release_recursive
 .text.memchr   0x0000000008007294       0x1c c:/st/stm32cubeide_1.9.0/stm32cubeide/plugins/com.st.stm32cube.ide.mcu.externaltools.gnu-tools-for-stm32.10.3-2021.10.win32_1.0.0.202111181127/tools/bin/../lib/gcc/arm-none-eabi/10.3.1/../../../../arm-none-eabi/lib/thumb/v7-m/nofp\libc_nano.a(lib_a-memchr-stub.o)
                0x0000000008007294                memchr
 .text.memcpy   0x00000000080072b0       0x1c c:/st/stm32cubeide_1.9.0/stm32cubeide/plugins/com.st.stm32cube.ide.mcu.externaltools.gnu-tools-for-stm32.10.3-2021.10.win32_1.0.0.202111181127/tools/bin/../lib/gcc/arm-none-eabi/10.3.1/../../../../arm-none-eabi/lib/thumb/v7-m/nofp\libc_nano.a(lib_a-memcpy-stub.o)
                0x00000000080072b0                memcpy
 .text.memmove  0x00000000080072cc       0x34 c:/st/stm32cubeide_1.9.0/stm32cubeide/plugins/com.st.stm32cube.ide.mcu.externaltools.gnu-tools-for-stm32.10.3-2021.10.win32_1.0.0.202111181127/tools/bin/../lib/gcc/arm-none-eabi/10.3.1/../../../../arm-none-eabi/lib/thumb/v7-m/nofp\libc_nano.a(lib_a-memmove.o)
                0x00000000080072cc                memmove
 .text._realloc_r
                0x0000000008007300       0x5e c:/st/stm32cubeide_1.9.0/stm32cubeide/plugins/com.st.stm32cube.ide.mcu.externaltools.gnu-tools-for-stm32.10.3-2021.10.win32_1.0.0.202111181127/tools/bin/../lib/gcc/arm-none-eabi/10.3.1/../../../../arm-none-eabi/lib/thumb/v7-m/nofp\libc_nano.a(lib_a-nano-reallocr.o)
                0x0000000008007300                _realloc_r
 .text._malloc_usable_size_r
                0x000000000800735e       0x10 c:/st/stm32cubeide_1.9.0/stm32cubeide/plugins/com.st.stm32cube.ide.mcu.externaltools.gnu-tools-for-stm32.10.3-2021.10.win32_1.0.0.202111181127/tools/bin/../lib/gcc/arm-none-eabi/10.3.1/../../../../arm-none-eabi/lib/thumb/v7-m/nofp\libc_nano.a(lib_a-nano-msizer.o)
                0x000000000800735e                _malloc_usable_size_r
 *(.glue_7)
 .glue_7        0x000000000800736e        0x0 linker stubs
 *(.glue_7t)
 .glue_7t       0x000000000800736e        0x0 linker stubs
 *(.eh_frame)
 *fill*         0x000000000800736e        0x2 
 .eh_frame      0x0000000008007370        0x0 c:/st/stm32cubeide_1.9.0/stm32cubeide/plugins/com.st.stm32cube.ide.mcu.externaltools.gnu-tools-for-stm32.10.3-2021.10.win32_1.0.0.202111181127/tools/bin/../lib/gcc/arm-none-eabi/10.3.1/thumb/v7-m/nofp/crtbegin.o
 *(.init)
 .init          0x0000000008007370        0x4 c:/st/stm32cubeide_1.9.0/stm32cubeide/plugins/com.st.stm32cube.ide.mcu.externaltools.gnu-tools-for-stm32.10.3-2021.10.win32_1.0.0.202111181127/tools/bin/../lib/gcc/arm-none-eabi/10.3.1/thumb/v7-m/nofp/crti.o
                0x0000000008007370                _init
 .init          0x0000000008007374        0x8 c:/st/stm32cubeide_1.9.0/stm32cubeide/plugins/com.st.stm32cube.ide.mcu.externaltools.gnu-tools-for-stm32.10.3-2021.10.win32_1.0.0.202111181127/tools/bin/../lib/gcc/arm-none-eabi/10.3.1/thumb/v7-m/nofp/crtn.o
 *(.fini)
 .fini          0x000000000800737c        0x4 c:/st/stm32cubeide_1.9.0/stm32cubeide/plugins/com.st.stm32cube.ide.mcu.externaltools.gnu-tools-for-stm32.10.3-2021.10.win32_1.0.0.202111181127/tools/bin/../lib/gcc/arm-none-eabi/10.3.1/thumb/v7-m/nofp/crti.o
                0x000000000800737c                _fini
 .fini          0x0000000008007380        0x8 c:/st/stm32cubeide_1.9.0/stm32cubeide/plugins/com.st.stm32cube.ide.mcu.externaltools.gnu-tools-for-stm32.10.3-2021.10.win32_1.0.0.202111181127/tools/bin/../lib/gcc/arm-none-eabi/10.3.1/thumb/v7-m/nofp/crtn.o
                0x0000000008007388                . = ALIGN (0x4)
                0x0000000008007388                _etext = .

.vfp11_veneer   0x0000000008007388        0x0
 .vfp11_veneer  0x0000000008007388        0x0 linker stubs

.v4_bx          0x0000000008007388        0x0
 .v4_bx         0x0000000008007388        0x0 linker stubs

.iplt           0x0000000008007388        0x0
 .iplt          0x0000000008007388        0x0 c:/st/stm32cubeide_1.9.0/stm32cubeide/plugins/com.st.stm32cube.ide.mcu.externaltools.gnu-tools-for-stm32.10.3-2021.10.win32_1.0.0.202111181127/tools/bin/../lib/gcc/arm-none-eabi/10.3.1/thumb/v7-m/nofp/crtbegin.o

.rodata         0x0000000008007388      0x77c
                0x0000000008007388                . = ALIGN (0x4)
 *(.rodata)
 .rodata        0x0000000008007388       0x1b ./Core/Src/Game.o
 *fill*         0x00000000080073a3        0x1 
 .rodata        0x00000000080073a4       0x99 ./Core/Src/Menu.o
 *(.rodata*)
 *fill*         0x000000000800743d        0x3 
 .rodata._ZTV4Ball
                0x0000000008007440       0x10 ./Core/Src/Ball.o
                0x0000000008007440                vtable for Ball
 .rodata._ZTV4Game
                0x0000000008007450       0x10 ./Core/Src/Game.o
                0x0000000008007450                vtable for Game
 .rodata._ZTV4Menu
                0x0000000008007460       0x10 ./Core/Src/Menu.o
                0x0000000008007460                vtable for Menu
 .rodata._ZTV6Player
                0x0000000008007470       0x10 ./Core/Src/Player.o
                0x0000000008007470                vtable for Player
 .rodata._ZTV5Score
                0x0000000008007480       0x10 ./Core/Src/Score.o
                0x0000000008007480                vtable for Score
 .rodata._ZTV8Settings
                0x0000000008007490       0x10 ./Core/Src/Settings.o
                0x0000000008007490                vtable for Settings
 .rodata._ZL12ucAscii_1608
                0x00000000080074a0      0x5f0 ./Core/Src/lcd.o
 .rodata.AHBPrescTable
                0x0000000008007a90       0x10 ./Core/Src/system_stm32f1xx.o
                0x0000000008007a90                AHBPrescTable
 .rodata.APBPrescTable
                0x0000000008007aa0        0x8 ./Core/Src/system_stm32f1xx.o
                0x0000000008007aa0                APBPrescTable
 .rodata.aPLLMULFactorTable.1
                0x0000000008007aa8       0x10 ./Drivers/STM32F1xx_HAL_Driver/Src/stm32f1xx_hal_rcc.o
 .rodata.aPredivFactorTable.0
                0x0000000008007ab8        0x2 ./Drivers/STM32F1xx_HAL_Driver/Src/stm32f1xx_hal_rcc.o
 *fill*         0x0000000008007aba        0x2 
 .rodata.aPLLMULFactorTable.1
                0x0000000008007abc       0x10 ./Drivers/STM32F1xx_HAL_Driver/Src/stm32f1xx_hal_rcc_ex.o
 .rodata.aPredivFactorTable.0
                0x0000000008007acc        0x2 ./Drivers/STM32F1xx_HAL_Driver/Src/stm32f1xx_hal_rcc_ex.o
 .rodata._svfprintf_r.str1.1
                0x0000000008007ace       0x11 c:/st/stm32cubeide_1.9.0/stm32cubeide/plugins/com.st.stm32cube.ide.mcu.externaltools.gnu-tools-for-stm32.10.3-2021.10.win32_1.0.0.202111181127/tools/bin/../lib/gcc/arm-none-eabi/10.3.1/../../../../arm-none-eabi/lib/thumb/v7-m/nofp\libc_nano.a(lib_a-nano-svfprintf.o)
 .rodata._printf_i.str1.1
                0x0000000008007adf       0x22 c:/st/stm32cubeide_1.9.0/stm32cubeide/plugins/com.st.stm32cube.ide.mcu.externaltools.gnu-tools-for-stm32.10.3-2021.10.win32_1.0.0.202111181127/tools/bin/../lib/gcc/arm-none-eabi/10.3.1/../../../../arm-none-eabi/lib/thumb/v7-m/nofp\libc_nano.a(lib_a-nano-vfprintf_i.o)
                0x0000000008007b04                . = ALIGN (0x4)
 *fill*         0x0000000008007b01        0x3 

.rel.dyn        0x0000000008007b04        0x0
 .rel.iplt      0x0000000008007b04        0x0 c:/st/stm32cubeide_1.9.0/stm32cubeide/plugins/com.st.stm32cube.ide.mcu.externaltools.gnu-tools-for-stm32.10.3-2021.10.win32_1.0.0.202111181127/tools/bin/../lib/gcc/arm-none-eabi/10.3.1/thumb/v7-m/nofp/crtbegin.o

.ARM.extab      0x0000000008007b04        0x0
                0x0000000008007b04                . = ALIGN (0x4)
 *(.ARM.extab* .gnu.linkonce.armextab.*)
                0x0000000008007b04                . = ALIGN (0x4)

.ARM            0x0000000008007b04        0x0
                0x0000000008007b04                . = ALIGN (0x4)
                0x0000000008007b04                __exidx_start = .
 *(.ARM.exidx*)
                0x0000000008007b04                __exidx_end = .
                0x0000000008007b04                . = ALIGN (0x4)

.preinit_array  0x0000000008007b04        0x0
                0x0000000008007b04                . = ALIGN (0x4)
                0x0000000008007b04                PROVIDE (__preinit_array_start = .)
 *(.preinit_array*)
                0x0000000008007b04                PROVIDE (__preinit_array_end = .)
                0x0000000008007b04                . = ALIGN (0x4)

.init_array     0x0000000008007b04        0x4
                0x0000000008007b04                . = ALIGN (0x4)
                0x0000000008007b04                PROVIDE (__init_array_start = .)
 *(SORT_BY_NAME(.init_array.*))
 *(.init_array*)
 .init_array    0x0000000008007b04        0x4 c:/st/stm32cubeide_1.9.0/stm32cubeide/plugins/com.st.stm32cube.ide.mcu.externaltools.gnu-tools-for-stm32.10.3-2021.10.win32_1.0.0.202111181127/tools/bin/../lib/gcc/arm-none-eabi/10.3.1/thumb/v7-m/nofp/crtbegin.o
                0x0000000008007b08                PROVIDE (__init_array_end = .)
                0x0000000008007b08                . = ALIGN (0x4)

.fini_array     0x0000000008007b08        0x4
                0x0000000008007b08                . = ALIGN (0x4)
                [!provide]                        PROVIDE (__fini_array_start = .)
 *(SORT_BY_NAME(.fini_array.*))
 *(.fini_array*)
 .fini_array    0x0000000008007b08        0x4 c:/st/stm32cubeide_1.9.0/stm32cubeide/plugins/com.st.stm32cube.ide.mcu.externaltools.gnu-tools-for-stm32.10.3-2021.10.win32_1.0.0.202111181127/tools/bin/../lib/gcc/arm-none-eabi/10.3.1/thumb/v7-m/nofp/crtbegin.o
                [!provide]                        PROVIDE (__fini_array_end = .)
                0x0000000008007b0c                . = ALIGN (0x4)
                0x0000000008007b0c                _sidata = LOADADDR (.data)

.data           0x0000000020000000       0xa4 load address 0x0000000008007b0c
                0x0000000020000000                . = ALIGN (0x4)
                0x0000000020000000                _sdata = .
 *(.data)
 *(.data*)
 .data.SystemCoreClock
                0x0000000020000000        0x4 ./Core/Src/system_stm32f1xx.o
                0x0000000020000000                SystemCoreClock
 *fill*         0x0000000020000004        0x4 
 .data.strXPT2046_TouchPara
                0x0000000020000008       0x30 ./Core/Src/xpt2046.o
                0x0000000020000008                strXPT2046_TouchPara
 .data.uwTickPrio
                0x0000000020000038        0x4 ./Drivers/STM32F1xx_HAL_Driver/Src/stm32f1xx_hal.o
                0x0000000020000038                uwTickPrio
 .data.uwTickFreq
                0x000000002000003c        0x1 ./Drivers/STM32F1xx_HAL_Driver/Src/stm32f1xx_hal.o
                0x000000002000003c                uwTickFreq
 *fill*         0x000000002000003d        0x3 
 .data._impure_ptr
                0x0000000020000040        0x4 c:/st/stm32cubeide_1.9.0/stm32cubeide/plugins/com.st.stm32cube.ide.mcu.externaltools.gnu-tools-for-stm32.10.3-2021.10.win32_1.0.0.202111181127/tools/bin/../lib/gcc/arm-none-eabi/10.3.1/../../../../arm-none-eabi/lib/thumb/v7-m/nofp\libc_nano.a(lib_a-impure.o)
                0x0000000020000040                _impure_ptr
 .data.impure_data
                0x0000000020000044       0x60 c:/st/stm32cubeide_1.9.0/stm32cubeide/plugins/com.st.stm32cube.ide.mcu.externaltools.gnu-tools-for-stm32.10.3-2021.10.win32_1.0.0.202111181127/tools/bin/../lib/gcc/arm-none-eabi/10.3.1/../../../../arm-none-eabi/lib/thumb/v7-m/nofp\libc_nano.a(lib_a-impure.o)
 *(.RamFunc)
 *(.RamFunc*)
                0x00000000200000a4                . = ALIGN (0x4)
                0x00000000200000a4                _edata = .

.igot.plt       0x00000000200000a4        0x0 load address 0x0000000008007bb0
 .igot.plt      0x00000000200000a4        0x0 c:/st/stm32cubeide_1.9.0/stm32cubeide/plugins/com.st.stm32cube.ide.mcu.externaltools.gnu-tools-for-stm32.10.3-2021.10.win32_1.0.0.202111181127/tools/bin/../lib/gcc/arm-none-eabi/10.3.1/thumb/v7-m/nofp/crtbegin.o
                0x00000000200000a4                . = ALIGN (0x4)

.bss            0x00000000200000a4      0x12c load address 0x0000000008007bb0
                0x00000000200000a4                _sbss = .
                0x00000000200000a4                __bss_start__ = _sbss
 *(.bss)
 .bss           0x00000000200000a4       0x1c c:/st/stm32cubeide_1.9.0/stm32cubeide/plugins/com.st.stm32cube.ide.mcu.externaltools.gnu-tools-for-stm32.10.3-2021.10.win32_1.0.0.202111181127/tools/bin/../lib/gcc/arm-none-eabi/10.3.1/thumb/v7-m/nofp/crtbegin.o
 *(.bss*)
 .bss.hadc1     0x00000000200000c0       0x30 ./Core/Src/main.o
                0x00000000200000c0                hadc1
 .bss.hadc2     0x00000000200000f0       0x30 ./Core/Src/main.o
                0x00000000200000f0                hadc2
 .bss.htim4     0x0000000020000120       0x48 ./Core/Src/main.o
                0x0000000020000120                htim4
 .bss.hsram1    0x0000000020000168       0x48 ./Core/Src/main.o
                0x0000000020000168                hsram1
 .bss.FSMC_Initialized
                0x00000000200001b0        0x4 ./Core/Src/stm32f1xx_hal_msp.o
 .bss.__sbrk_heap_end
                0x00000000200001b4        0x4 ./Core/Src/sysmem.o
 .bss.ucXPT2046_TouchFlag
                0x00000000200001b8        0x1 ./Core/Src/xpt2046.o
                0x00000000200001b8                ucXPT2046_TouchFlag
 .bss.k1Flag    0x00000000200001b9        0x1 ./Core/Src/xpt2046.o
                0x00000000200001b9                k1Flag
 .bss.k2Flag    0x00000000200001ba        0x1 ./Core/Src/xpt2046.o
                0x00000000200001ba                k2Flag
 *fill*         0x00000000200001bb        0x1 
 .bss.uwTick    0x00000000200001bc        0x4 ./Drivers/STM32F1xx_HAL_Driver/Src/stm32f1xx_hal.o
                0x00000000200001bc                uwTick
 .bss.__malloc_free_list
                0x00000000200001c0        0x4 c:/st/stm32cubeide_1.9.0/stm32cubeide/plugins/com.st.stm32cube.ide.mcu.externaltools.gnu-tools-for-stm32.10.3-2021.10.win32_1.0.0.202111181127/tools/bin/../lib/gcc/arm-none-eabi/10.3.1/../../../../arm-none-eabi/lib/thumb/v7-m/nofp\libc_nano.a(lib_a-nano-mallocr.o)
                0x00000000200001c0                __malloc_free_list
 .bss.__malloc_sbrk_start
                0x00000000200001c4        0x4 c:/st/stm32cubeide_1.9.0/stm32cubeide/plugins/com.st.stm32cube.ide.mcu.externaltools.gnu-tools-for-stm32.10.3-2021.10.win32_1.0.0.202111181127/tools/bin/../lib/gcc/arm-none-eabi/10.3.1/../../../../arm-none-eabi/lib/thumb/v7-m/nofp\libc_nano.a(lib_a-nano-mallocr.o)
                0x00000000200001c4                __malloc_sbrk_start
 .bss.errno     0x00000000200001c8        0x4 c:/st/stm32cubeide_1.9.0/stm32cubeide/plugins/com.st.stm32cube.ide.mcu.externaltools.gnu-tools-for-stm32.10.3-2021.10.win32_1.0.0.202111181127/tools/bin/../lib/gcc/arm-none-eabi/10.3.1/../../../../arm-none-eabi/lib/thumb/v7-m/nofp\libc_nano.a(lib_a-reent.o)
                0x00000000200001c8                errno
 .bss.__lock___malloc_recursive_mutex
                0x00000000200001cc        0x1 c:/st/stm32cubeide_1.9.0/stm32cubeide/plugins/com.st.stm32cube.ide.mcu.externaltools.gnu-tools-for-stm32.10.3-2021.10.win32_1.0.0.202111181127/tools/bin/../lib/gcc/arm-none-eabi/10.3.1/../../../../arm-none-eabi/lib/thumb/v7-m/nofp\libc_nano.a(lib_a-lock.o)
                0x00000000200001cc                __lock___malloc_recursive_mutex
 *(COMMON)
                0x00000000200001d0                . = ALIGN (0x4)
 *fill*         0x00000000200001cd        0x3 
                0x00000000200001d0                _ebss = .
                0x00000000200001d0                __bss_end__ = _ebss

._user_heap_stack
                0x00000000200001d0      0x600 load address 0x0000000008007bb0
                0x00000000200001d0                . = ALIGN (0x8)
                [!provide]                        PROVIDE (end = .)
                0x00000000200001d0                PROVIDE (_end = .)
                0x00000000200003d0                . = (. + _Min_Heap_Size)
 *fill*         0x00000000200001d0      0x200 
                0x00000000200007d0                . = (. + _Min_Stack_Size)
 *fill*         0x00000000200003d0      0x400 
                0x00000000200007d0                . = ALIGN (0x8)

/DISCARD/
 libc.a(*)
 libm.a(*)
 libgcc.a(*)

.ARM.attributes
                0x0000000000000000       0x29
 *(.ARM.attributes)
 .ARM.attributes
                0x0000000000000000       0x1d c:/st/stm32cubeide_1.9.0/stm32cubeide/plugins/com.st.stm32cube.ide.mcu.externaltools.gnu-tools-for-stm32.10.3-2021.10.win32_1.0.0.202111181127/tools/bin/../lib/gcc/arm-none-eabi/10.3.1/thumb/v7-m/nofp/crti.o
 .ARM.attributes
                0x000000000000001d       0x2d c:/st/stm32cubeide_1.9.0/stm32cubeide/plugins/com.st.stm32cube.ide.mcu.externaltools.gnu-tools-for-stm32.10.3-2021.10.win32_1.0.0.202111181127/tools/bin/../lib/gcc/arm-none-eabi/10.3.1/thumb/v7-m/nofp/crtbegin.o
 .ARM.attributes
                0x000000000000004a       0x2d ./Core/Src/Ball.o
 .ARM.attributes
                0x0000000000000077       0x2d ./Core/Src/Game.o
 .ARM.attributes
                0x00000000000000a4       0x2d ./Core/Src/Menu.o
 .ARM.attributes
                0x00000000000000d1       0x2d ./Core/Src/Player.o
 .ARM.attributes
                0x00000000000000fe       0x2d ./Core/Src/Score.o
 .ARM.attributes
                0x000000000000012b       0x2d ./Core/Src/Settings.o
 .ARM.attributes
                0x0000000000000158       0x2d ./Core/Src/lcd.o
 .ARM.attributes
                0x0000000000000185       0x2d ./Core/Src/main.o
 .ARM.attributes
                0x00000000000001b2       0x2d ./Core/Src/stm32f1xx_hal_msp.o
 .ARM.attributes
                0x00000000000001df       0x2d ./Core/Src/stm32f1xx_it.o
 .ARM.attributes
                0x000000000000020c       0x2d ./Core/Src/sysmem.o
 .ARM.attributes
                0x0000000000000239       0x2d ./Core/Src/system_stm32f1xx.o
 .ARM.attributes
                0x0000000000000266       0x2d ./Core/Src/xpt2046.o
 .ARM.attributes
                0x0000000000000293       0x21 ./Core/Startup/startup_stm32f103vetx.o
 .ARM.attributes
                0x00000000000002b4       0x2d ./Drivers/STM32F1xx_HAL_Driver/Src/stm32f1xx_hal.o
 .ARM.attributes
                0x00000000000002e1       0x2d ./Drivers/STM32F1xx_HAL_Driver/Src/stm32f1xx_hal_adc.o
 .ARM.attributes
                0x000000000000030e       0x2d ./Drivers/STM32F1xx_HAL_Driver/Src/stm32f1xx_hal_adc_ex.o
 .ARM.attributes
                0x000000000000033b       0x2d ./Drivers/STM32F1xx_HAL_Driver/Src/stm32f1xx_hal_cortex.o
 .ARM.attributes
                0x0000000000000368       0x2d ./Drivers/STM32F1xx_HAL_Driver/Src/stm32f1xx_hal_gpio.o
 .ARM.attributes
                0x0000000000000395       0x2d ./Drivers/STM32F1xx_HAL_Driver/Src/stm32f1xx_hal_rcc.o
 .ARM.attributes
                0x00000000000003c2       0x2d ./Drivers/STM32F1xx_HAL_Driver/Src/stm32f1xx_hal_rcc_ex.o
 .ARM.attributes
                0x00000000000003ef       0x2d ./Drivers/STM32F1xx_HAL_Driver/Src/stm32f1xx_hal_sram.o
 .ARM.attributes
                0x000000000000041c       0x2d ./Drivers/STM32F1xx_HAL_Driver/Src/stm32f1xx_hal_tim.o
 .ARM.attributes
                0x0000000000000449       0x2d ./Drivers/STM32F1xx_HAL_Driver/Src/stm32f1xx_hal_tim_ex.o
 .ARM.attributes
                0x0000000000000476       0x2d ./Drivers/STM32F1xx_HAL_Driver/Src/stm32f1xx_ll_fsmc.o
 .ARM.attributes
                0x00000000000004a3       0x2d c:/st/stm32cubeide_1.9.0/stm32cubeide/plugins/com.st.stm32cube.ide.mcu.externaltools.gnu-tools-for-stm32.10.3-2021.10.win32_1.0.0.202111181127/tools/bin/../lib/gcc/arm-none-eabi/10.3.1/../../../../arm-none-eabi/lib/thumb/v7-m/nofp\libstdc++_nano.a(del_ops.o)
 .ARM.attributes
                0x00000000000004d0       0x2d c:/st/stm32cubeide_1.9.0/stm32cubeide/plugins/com.st.stm32cube.ide.mcu.externaltools.gnu-tools-for-stm32.10.3-2021.10.win32_1.0.0.202111181127/tools/bin/../lib/gcc/arm-none-eabi/10.3.1/../../../../arm-none-eabi/lib/thumb/v7-m/nofp\libstdc++_nano.a(del_op.o)
 .ARM.attributes
                0x00000000000004fd       0x2d c:/st/stm32cubeide_1.9.0/stm32cubeide/plugins/com.st.stm32cube.ide.mcu.externaltools.gnu-tools-for-stm32.10.3-2021.10.win32_1.0.0.202111181127/tools/bin/../lib/gcc/arm-none-eabi/10.3.1/../../../../arm-none-eabi/lib/thumb/v7-m/nofp\libc_nano.a(lib_a-errno.o)
 .ARM.attributes
                0x000000000000052a       0x2d c:/st/stm32cubeide_1.9.0/stm32cubeide/plugins/com.st.stm32cube.ide.mcu.externaltools.gnu-tools-for-stm32.10.3-2021.10.win32_1.0.0.202111181127/tools/bin/../lib/gcc/arm-none-eabi/10.3.1/../../../../arm-none-eabi/lib/thumb/v7-m/nofp\libc_nano.a(lib_a-impure.o)
 .ARM.attributes
                0x0000000000000557       0x2d c:/st/stm32cubeide_1.9.0/stm32cubeide/plugins/com.st.stm32cube.ide.mcu.externaltools.gnu-tools-for-stm32.10.3-2021.10.win32_1.0.0.202111181127/tools/bin/../lib/gcc/arm-none-eabi/10.3.1/../../../../arm-none-eabi/lib/thumb/v7-m/nofp\libc_nano.a(lib_a-init.o)
 .ARM.attributes
                0x0000000000000584       0x2d c:/st/stm32cubeide_1.9.0/stm32cubeide/plugins/com.st.stm32cube.ide.mcu.externaltools.gnu-tools-for-stm32.10.3-2021.10.win32_1.0.0.202111181127/tools/bin/../lib/gcc/arm-none-eabi/10.3.1/../../../../arm-none-eabi/lib/thumb/v7-m/nofp\libc_nano.a(lib_a-malloc.o)
 .ARM.attributes
                0x00000000000005b1       0x2d c:/st/stm32cubeide_1.9.0/stm32cubeide/plugins/com.st.stm32cube.ide.mcu.externaltools.gnu-tools-for-stm32.10.3-2021.10.win32_1.0.0.202111181127/tools/bin/../lib/gcc/arm-none-eabi/10.3.1/../../../../arm-none-eabi/lib/thumb/v7-m/nofp\libc_nano.a(lib_a-memset.o)
 .ARM.attributes
                0x00000000000005de       0x2d c:/st/stm32cubeide_1.9.0/stm32cubeide/plugins/com.st.stm32cube.ide.mcu.externaltools.gnu-tools-for-stm32.10.3-2021.10.win32_1.0.0.202111181127/tools/bin/../lib/gcc/arm-none-eabi/10.3.1/../../../../arm-none-eabi/lib/thumb/v7-m/nofp\libc_nano.a(lib_a-nano-freer.o)
 .ARM.attributes
                0x000000000000060b       0x2d c:/st/stm32cubeide_1.9.0/stm32cubeide/plugins/com.st.stm32cube.ide.mcu.externaltools.gnu-tools-for-stm32.10.3-2021.10.win32_1.0.0.202111181127/tools/bin/../lib/gcc/arm-none-eabi/10.3.1/../../../../arm-none-eabi/lib/thumb/v7-m/nofp\libc_nano.a(lib_a-nano-mallocr.o)
 .ARM.attributes
                0x0000000000000638       0x2d c:/st/stm32cubeide_1.9.0/stm32cubeide/plugins/com.st.stm32cube.ide.mcu.externaltools.gnu-tools-for-stm32.10.3-2021.10.win32_1.0.0.202111181127/tools/bin/../lib/gcc/arm-none-eabi/10.3.1/../../../../arm-none-eabi/lib/thumb/v7-m/nofp\libc_nano.a(lib_a-sbrkr.o)
 .ARM.attributes
                0x0000000000000665       0x2d c:/st/stm32cubeide_1.9.0/stm32cubeide/plugins/com.st.stm32cube.ide.mcu.externaltools.gnu-tools-for-stm32.10.3-2021.10.win32_1.0.0.202111181127/tools/bin/../lib/gcc/arm-none-eabi/10.3.1/../../../../arm-none-eabi/lib/thumb/v7-m/nofp\libc_nano.a(lib_a-sprintf.o)
 .ARM.attributes
                0x0000000000000692       0x2d c:/st/stm32cubeide_1.9.0/stm32cubeide/plugins/com.st.stm32cube.ide.mcu.externaltools.gnu-tools-for-stm32.10.3-2021.10.win32_1.0.0.202111181127/tools/bin/../lib/gcc/arm-none-eabi/10.3.1/../../../../arm-none-eabi/lib/thumb/v7-m/nofp\libc_nano.a(lib_a-mlock.o)
 .ARM.attributes
                0x00000000000006bf       0x2d c:/st/stm32cubeide_1.9.0/stm32cubeide/plugins/com.st.stm32cube.ide.mcu.externaltools.gnu-tools-for-stm32.10.3-2021.10.win32_1.0.0.202111181127/tools/bin/../lib/gcc/arm-none-eabi/10.3.1/../../../../arm-none-eabi/lib/thumb/v7-m/nofp\libc_nano.a(lib_a-nano-svfprintf.o)
 .ARM.attributes
                0x00000000000006ec       0x2d c:/st/stm32cubeide_1.9.0/stm32cubeide/plugins/com.st.stm32cube.ide.mcu.externaltools.gnu-tools-for-stm32.10.3-2021.10.win32_1.0.0.202111181127/tools/bin/../lib/gcc/arm-none-eabi/10.3.1/../../../../arm-none-eabi/lib/thumb/v7-m/nofp\libc_nano.a(lib_a-nano-vfprintf_i.o)
 .ARM.attributes
                0x0000000000000719       0x2d c:/st/stm32cubeide_1.9.0/stm32cubeide/plugins/com.st.stm32cube.ide.mcu.externaltools.gnu-tools-for-stm32.10.3-2021.10.win32_1.0.0.202111181127/tools/bin/../lib/gcc/arm-none-eabi/10.3.1/../../../../arm-none-eabi/lib/thumb/v7-m/nofp\libc_nano.a(lib_a-reent.o)
 .ARM.attributes
                0x0000000000000746       0x2d c:/st/stm32cubeide_1.9.0/stm32cubeide/plugins/com.st.stm32cube.ide.mcu.externaltools.gnu-tools-for-stm32.10.3-2021.10.win32_1.0.0.202111181127/tools/bin/../lib/gcc/arm-none-eabi/10.3.1/../../../../arm-none-eabi/lib/thumb/v7-m/nofp\libc_nano.a(lib_a-lock.o)
 .ARM.attributes
                0x0000000000000773       0x2d c:/st/stm32cubeide_1.9.0/stm32cubeide/plugins/com.st.stm32cube.ide.mcu.externaltools.gnu-tools-for-stm32.10.3-2021.10.win32_1.0.0.202111181127/tools/bin/../lib/gcc/arm-none-eabi/10.3.1/../../../../arm-none-eabi/lib/thumb/v7-m/nofp\libc_nano.a(lib_a-memchr-stub.o)
 .ARM.attributes
                0x00000000000007a0       0x2d c:/st/stm32cubeide_1.9.0/stm32cubeide/plugins/com.st.stm32cube.ide.mcu.externaltools.gnu-tools-for-stm32.10.3-2021.10.win32_1.0.0.202111181127/tools/bin/../lib/gcc/arm-none-eabi/10.3.1/../../../../arm-none-eabi/lib/thumb/v7-m/nofp\libc_nano.a(lib_a-memcpy-stub.o)
 .ARM.attributes
                0x00000000000007cd       0x2d c:/st/stm32cubeide_1.9.0/stm32cubeide/plugins/com.st.stm32cube.ide.mcu.externaltools.gnu-tools-for-stm32.10.3-2021.10.win32_1.0.0.202111181127/tools/bin/../lib/gcc/arm-none-eabi/10.3.1/../../../../arm-none-eabi/lib/thumb/v7-m/nofp\libc_nano.a(lib_a-memmove.o)
 .ARM.attributes
                0x00000000000007fa       0x2d c:/st/stm32cubeide_1.9.0/stm32cubeide/plugins/com.st.stm32cube.ide.mcu.externaltools.gnu-tools-for-stm32.10.3-2021.10.win32_1.0.0.202111181127/tools/bin/../lib/gcc/arm-none-eabi/10.3.1/../../../../arm-none-eabi/lib/thumb/v7-m/nofp\libc_nano.a(lib_a-nano-reallocr.o)
 .ARM.attributes
                0x0000000000000827       0x2d c:/st/stm32cubeide_1.9.0/stm32cubeide/plugins/com.st.stm32cube.ide.mcu.externaltools.gnu-tools-for-stm32.10.3-2021.10.win32_1.0.0.202111181127/tools/bin/../lib/gcc/arm-none-eabi/10.3.1/../../../../arm-none-eabi/lib/thumb/v7-m/nofp\libc_nano.a(lib_a-nano-msizer.o)
 .ARM.attributes
                0x0000000000000854       0x1d c:/st/stm32cubeide_1.9.0/stm32cubeide/plugins/com.st.stm32cube.ide.mcu.externaltools.gnu-tools-for-stm32.10.3-2021.10.win32_1.0.0.202111181127/tools/bin/../lib/gcc/arm-none-eabi/10.3.1/thumb/v7-m/nofp\libgcc.a(_arm_muldf3.o)
 .ARM.attributes
                0x0000000000000871       0x1d c:/st/stm32cubeide_1.9.0/stm32cubeide/plugins/com.st.stm32cube.ide.mcu.externaltools.gnu-tools-for-stm32.10.3-2021.10.win32_1.0.0.202111181127/tools/bin/../lib/gcc/arm-none-eabi/10.3.1/thumb/v7-m/nofp\libgcc.a(_arm_addsubdf3.o)
 .ARM.attributes
                0x000000000000088e       0x1d c:/st/stm32cubeide_1.9.0/stm32cubeide/plugins/com.st.stm32cube.ide.mcu.externaltools.gnu-tools-for-stm32.10.3-2021.10.win32_1.0.0.202111181127/tools/bin/../lib/gcc/arm-none-eabi/10.3.1/thumb/v7-m/nofp\libgcc.a(_arm_cmpdf2.o)
 .ARM.attributes
                0x00000000000008ab       0x1d c:/st/stm32cubeide_1.9.0/stm32cubeide/plugins/com.st.stm32cube.ide.mcu.externaltools.gnu-tools-for-stm32.10.3-2021.10.win32_1.0.0.202111181127/tools/bin/../lib/gcc/arm-none-eabi/10.3.1/thumb/v7-m/nofp\libgcc.a(_arm_fixunsdfsi.o)
 .ARM.attributes
                0x00000000000008c8       0x1d c:/st/stm32cubeide_1.9.0/stm32cubeide/plugins/com.st.stm32cube.ide.mcu.externaltools.gnu-tools-for-stm32.10.3-2021.10.win32_1.0.0.202111181127/tools/bin/../lib/gcc/arm-none-eabi/10.3.1/thumb/v7-m/nofp/crtn.o
OUTPUT(ExtremePong.elf elf32-littlearm)
LOAD linker stubs
LOAD c:/st/stm32cubeide_1.9.0/stm32cubeide/plugins/com.st.stm32cube.ide.mcu.externaltools.gnu-tools-for-stm32.10.3-2021.10.win32_1.0.0.202111181127/tools/bin/../lib/gcc/arm-none-eabi/10.3.1/../../../../arm-none-eabi/lib/thumb/v7-m/nofp\libc.a
LOAD c:/st/stm32cubeide_1.9.0/stm32cubeide/plugins/com.st.stm32cube.ide.mcu.externaltools.gnu-tools-for-stm32.10.3-2021.10.win32_1.0.0.202111181127/tools/bin/../lib/gcc/arm-none-eabi/10.3.1/../../../../arm-none-eabi/lib/thumb/v7-m/nofp\libm.a
LOAD c:/st/stm32cubeide_1.9.0/stm32cubeide/plugins/com.st.stm32cube.ide.mcu.externaltools.gnu-tools-for-stm32.10.3-2021.10.win32_1.0.0.202111181127/tools/bin/../lib/gcc/arm-none-eabi/10.3.1/thumb/v7-m/nofp\libgcc.a

.debug_info     0x0000000000000000    0x11953
 .debug_info    0x0000000000000000      0x24c ./Core/Src/Ball.o
 .debug_info    0x000000000000024c     0x1250 ./Core/Src/Game.o
 .debug_info    0x000000000000149c      0x709 ./Core/Src/Menu.o
 .debug_info    0x0000000000001ba5      0xa54 ./Core/Src/Player.o
 .debug_info    0x00000000000025f9      0x461 ./Core/Src/Score.o
 .debug_info    0x0000000000002a5a      0x344 ./Core/Src/Settings.o
 .debug_info    0x0000000000002d9e     0x214f ./Core/Src/lcd.o
 .debug_info    0x0000000000004eed     0x18c2 ./Core/Src/main.o
 .debug_info    0x00000000000067af      0xf25 ./Core/Src/stm32f1xx_hal_msp.o
 .debug_info    0x00000000000076d4      0x278 ./Core/Src/stm32f1xx_it.o
 .debug_info    0x000000000000794c      0x171 ./Core/Src/sysmem.o
 .debug_info    0x0000000000007abd      0x23d ./Core/Src/system_stm32f1xx.o
 .debug_info    0x0000000000007cfa      0x617 ./Core/Src/xpt2046.o
 .debug_info    0x0000000000008311       0x22 ./Core/Startup/startup_stm32f103vetx.o
 .debug_info    0x0000000000008333      0x79a ./Drivers/STM32F1xx_HAL_Driver/Src/stm32f1xx_hal.o
 .debug_info    0x0000000000008acd      0xcfe ./Drivers/STM32F1xx_HAL_Driver/Src/stm32f1xx_hal_adc.o
 .debug_info    0x00000000000097cb      0xa94 ./Drivers/STM32F1xx_HAL_Driver/Src/stm32f1xx_hal_adc_ex.o
 .debug_info    0x000000000000a25f      0xb86 ./Drivers/STM32F1xx_HAL_Driver/Src/stm32f1xx_hal_cortex.o
 .debug_info    0x000000000000ade5      0x615 ./Drivers/STM32F1xx_HAL_Driver/Src/stm32f1xx_hal_gpio.o
 .debug_info    0x000000000000b3fa      0x865 ./Drivers/STM32F1xx_HAL_Driver/Src/stm32f1xx_hal_rcc.o
 .debug_info    0x000000000000bc5f      0x40f ./Drivers/STM32F1xx_HAL_Driver/Src/stm32f1xx_hal_rcc_ex.o
 .debug_info    0x000000000000c06e      0xd6b ./Drivers/STM32F1xx_HAL_Driver/Src/stm32f1xx_hal_sram.o
 .debug_info    0x000000000000cdd9     0x2bab ./Drivers/STM32F1xx_HAL_Driver/Src/stm32f1xx_hal_tim.o
 .debug_info    0x000000000000f984     0x15c7 ./Drivers/STM32F1xx_HAL_Driver/Src/stm32f1xx_hal_tim_ex.o
 .debug_info    0x0000000000010f4b      0xa08 ./Drivers/STM32F1xx_HAL_Driver/Src/stm32f1xx_ll_fsmc.o

.debug_abbrev   0x0000000000000000     0x35c5
 .debug_abbrev  0x0000000000000000      0x1ab ./Core/Src/Ball.o
 .debug_abbrev  0x00000000000001ab      0x45d ./Core/Src/Game.o
 .debug_abbrev  0x0000000000000608      0x326 ./Core/Src/Menu.o
 .debug_abbrev  0x000000000000092e      0x32c ./Core/Src/Player.o
 .debug_abbrev  0x0000000000000c5a      0x266 ./Core/Src/Score.o
 .debug_abbrev  0x0000000000000ec0      0x1a2 ./Core/Src/Settings.o
 .debug_abbrev  0x0000000000001062      0x315 ./Core/Src/lcd.o
 .debug_abbrev  0x0000000000001377      0x369 ./Core/Src/main.o
 .debug_abbrev  0x00000000000016e0      0x233 ./Core/Src/stm32f1xx_hal_msp.o
 .debug_abbrev  0x0000000000001913      0x11e ./Core/Src/stm32f1xx_it.o
 .debug_abbrev  0x0000000000001a31       0xbb ./Core/Src/sysmem.o
 .debug_abbrev  0x0000000000001aec      0x13b ./Core/Src/system_stm32f1xx.o
 .debug_abbrev  0x0000000000001c27      0x216 ./Core/Src/xpt2046.o
 .debug_abbrev  0x0000000000001e3d       0x12 ./Core/Startup/startup_stm32f103vetx.o
 .debug_abbrev  0x0000000000001e4f      0x1fb ./Drivers/STM32F1xx_HAL_Driver/Src/stm32f1xx_hal.o
 .debug_abbrev  0x000000000000204a      0x210 ./Drivers/STM32F1xx_HAL_Driver/Src/stm32f1xx_hal_adc.o
 .debug_abbrev  0x000000000000225a      0x234 ./Drivers/STM32F1xx_HAL_Driver/Src/stm32f1xx_hal_adc_ex.o
 .debug_abbrev  0x000000000000248e      0x2ed ./Drivers/STM32F1xx_HAL_Driver/Src/stm32f1xx_hal_cortex.o
 .debug_abbrev  0x000000000000277b      0x1bb ./Drivers/STM32F1xx_HAL_Driver/Src/stm32f1xx_hal_gpio.o
 .debug_abbrev  0x0000000000002936      0x2a8 ./Drivers/STM32F1xx_HAL_Driver/Src/stm32f1xx_hal_rcc.o
 .debug_abbrev  0x0000000000002bde      0x182 ./Drivers/STM32F1xx_HAL_Driver/Src/stm32f1xx_hal_rcc_ex.o
 .debug_abbrev  0x0000000000002d60      0x1ff ./Drivers/STM32F1xx_HAL_Driver/Src/stm32f1xx_hal_sram.o
 .debug_abbrev  0x0000000000002f5f      0x264 ./Drivers/STM32F1xx_HAL_Driver/Src/stm32f1xx_hal_tim.o
 .debug_abbrev  0x00000000000031c3      0x26c ./Drivers/STM32F1xx_HAL_Driver/Src/stm32f1xx_hal_tim_ex.o
 .debug_abbrev  0x000000000000342f      0x196 ./Drivers/STM32F1xx_HAL_Driver/Src/stm32f1xx_ll_fsmc.o

.debug_aranges  0x0000000000000000     0x1018
 .debug_aranges
                0x0000000000000000       0x38 ./Core/Src/Ball.o
 .debug_aranges
                0x0000000000000038       0x98 ./Core/Src/Game.o
 .debug_aranges
                0x00000000000000d0       0x50 ./Core/Src/Menu.o
 .debug_aranges
                0x0000000000000120       0x70 ./Core/Src/Player.o
 .debug_aranges
                0x0000000000000190       0x58 ./Core/Src/Score.o
 .debug_aranges
                0x00000000000001e8       0x60 ./Core/Src/Settings.o
 .debug_aranges
                0x0000000000000248       0xd8 ./Core/Src/lcd.o
 .debug_aranges
                0x0000000000000320       0x58 ./Core/Src/main.o
 .debug_aranges
                0x0000000000000378       0x68 ./Core/Src/stm32f1xx_hal_msp.o
 .debug_aranges
                0x00000000000003e0       0x78 ./Core/Src/stm32f1xx_it.o
 .debug_aranges
                0x0000000000000458       0x20 ./Core/Src/sysmem.o
 .debug_aranges
                0x0000000000000478       0x28 ./Core/Src/system_stm32f1xx.o
 .debug_aranges
                0x00000000000004a0       0x50 ./Core/Src/xpt2046.o
 .debug_aranges
                0x00000000000004f0       0x28 ./Core/Startup/startup_stm32f103vetx.o
 .debug_aranges
                0x0000000000000518       0xe0 ./Drivers/STM32F1xx_HAL_Driver/Src/stm32f1xx_hal.o
 .debug_aranges
                0x00000000000005f8       0xf0 ./Drivers/STM32F1xx_HAL_Driver/Src/stm32f1xx_hal_adc.o
 .debug_aranges
                0x00000000000006e8       0x80 ./Drivers/STM32F1xx_HAL_Driver/Src/stm32f1xx_hal_adc_ex.o
 .debug_aranges
                0x0000000000000768      0x100 ./Drivers/STM32F1xx_HAL_Driver/Src/stm32f1xx_hal_cortex.o
 .debug_aranges
                0x0000000000000868       0x58 ./Drivers/STM32F1xx_HAL_Driver/Src/stm32f1xx_hal_gpio.o
 .debug_aranges
                0x00000000000008c0       0x90 ./Drivers/STM32F1xx_HAL_Driver/Src/stm32f1xx_hal_rcc.o
 .debug_aranges
                0x0000000000000950       0x30 ./Drivers/STM32F1xx_HAL_Driver/Src/stm32f1xx_hal_rcc_ex.o
 .debug_aranges
                0x0000000000000980       0xb8 ./Drivers/STM32F1xx_HAL_Driver/Src/stm32f1xx_hal_sram.o
 .debug_aranges
                0x0000000000000a38      0x3d0 ./Drivers/STM32F1xx_HAL_Driver/Src/stm32f1xx_hal_tim.o
 .debug_aranges
                0x0000000000000e08      0x168 ./Drivers/STM32F1xx_HAL_Driver/Src/stm32f1xx_hal_tim_ex.o
 .debug_aranges
                0x0000000000000f70       0xa8 ./Drivers/STM32F1xx_HAL_Driver/Src/stm32f1xx_ll_fsmc.o

.debug_ranges   0x0000000000000000      0xec0
 .debug_ranges  0x0000000000000000       0x28 ./Core/Src/Ball.o
 .debug_ranges  0x0000000000000028       0x88 ./Core/Src/Game.o
 .debug_ranges  0x00000000000000b0       0x58 ./Core/Src/Menu.o
 .debug_ranges  0x0000000000000108       0x60 ./Core/Src/Player.o
 .debug_ranges  0x0000000000000168       0x48 ./Core/Src/Score.o
 .debug_ranges  0x00000000000001b0       0x50 ./Core/Src/Settings.o
 .debug_ranges  0x0000000000000200       0xe0 ./Core/Src/lcd.o
 .debug_ranges  0x00000000000002e0       0x48 ./Core/Src/main.o
 .debug_ranges  0x0000000000000328       0x58 ./Core/Src/stm32f1xx_hal_msp.o
 .debug_ranges  0x0000000000000380       0x68 ./Core/Src/stm32f1xx_it.o
 .debug_ranges  0x00000000000003e8       0x10 ./Core/Src/sysmem.o
 .debug_ranges  0x00000000000003f8       0x18 ./Core/Src/system_stm32f1xx.o
 .debug_ranges  0x0000000000000410       0x40 ./Core/Src/xpt2046.o
 .debug_ranges  0x0000000000000450       0x20 ./Core/Startup/startup_stm32f103vetx.o
 .debug_ranges  0x0000000000000470       0xd0 ./Drivers/STM32F1xx_HAL_Driver/Src/stm32f1xx_hal.o
 .debug_ranges  0x0000000000000540       0xe0 ./Drivers/STM32F1xx_HAL_Driver/Src/stm32f1xx_hal_adc.o
 .debug_ranges  0x0000000000000620       0x70 ./Drivers/STM32F1xx_HAL_Driver/Src/stm32f1xx_hal_adc_ex.o
 .debug_ranges  0x0000000000000690       0xf0 ./Drivers/STM32F1xx_HAL_Driver/Src/stm32f1xx_hal_cortex.o
 .debug_ranges  0x0000000000000780       0x48 ./Drivers/STM32F1xx_HAL_Driver/Src/stm32f1xx_hal_gpio.o
 .debug_ranges  0x00000000000007c8       0x80 ./Drivers/STM32F1xx_HAL_Driver/Src/stm32f1xx_hal_rcc.o
 .debug_ranges  0x0000000000000848       0x20 ./Drivers/STM32F1xx_HAL_Driver/Src/stm32f1xx_hal_rcc_ex.o
 .debug_ranges  0x0000000000000868       0xa8 ./Drivers/STM32F1xx_HAL_Driver/Src/stm32f1xx_hal_sram.o
 .debug_ranges  0x0000000000000910      0x3c0 ./Drivers/STM32F1xx_HAL_Driver/Src/stm32f1xx_hal_tim.o
 .debug_ranges  0x0000000000000cd0      0x158 ./Drivers/STM32F1xx_HAL_Driver/Src/stm32f1xx_hal_tim_ex.o
 .debug_ranges  0x0000000000000e28       0x98 ./Drivers/STM32F1xx_HAL_Driver/Src/stm32f1xx_ll_fsmc.o

.debug_macro    0x0000000000000000    0x1e6d9
 .debug_macro   0x0000000000000000      0x1e5 ./Core/Src/Ball.o
 .debug_macro   0x00000000000001e5      0xb44 ./Core/Src/Ball.o
 .debug_macro   0x0000000000000d29      0x221 ./Core/Src/Ball.o
 .debug_macro   0x0000000000000f4a       0x2e ./Core/Src/Ball.o
 .debug_macro   0x0000000000000f78       0x22 ./Core/Src/Ball.o
 .debug_macro   0x0000000000000f9a       0x1c ./Core/Src/Ball.o
 .debug_macro   0x0000000000000fb6       0x22 ./Core/Src/Ball.o
 .debug_macro   0x0000000000000fd8       0x8e ./Core/Src/Ball.o
 .debug_macro   0x0000000000001066       0x51 ./Core/Src/Ball.o
 .debug_macro   0x00000000000010b7      0x103 ./Core/Src/Ball.o
 .debug_macro   0x00000000000011ba       0x6a ./Core/Src/Ball.o
 .debug_macro   0x0000000000001224      0x1df ./Core/Src/Ball.o
 .debug_macro   0x0000000000001403       0x1c ./Core/Src/Ball.o
 .debug_macro   0x000000000000141f       0x22 ./Core/Src/Ball.o
 .debug_macro   0x0000000000001441       0xbd ./Core/Src/Ball.o
 .debug_macro   0x00000000000014fe      0xd23 ./Core/Src/Ball.o
 .debug_macro   0x0000000000002221     0xfd8c ./Core/Src/Ball.o
 .debug_macro   0x0000000000011fad       0x6d ./Core/Src/Ball.o
 .debug_macro   0x000000000001201a     0x348d ./Core/Src/Ball.o
 .debug_macro   0x00000000000154a7      0x17b ./Core/Src/Ball.o
 .debug_macro   0x0000000000015622       0x5c ./Core/Src/Ball.o
 .debug_macro   0x000000000001567e      0x5bc ./Core/Src/Ball.o
 .debug_macro   0x0000000000015c3a      0x4d5 ./Core/Src/Ball.o
 .debug_macro   0x000000000001610f      0x1cb ./Core/Src/Ball.o
 .debug_macro   0x00000000000162da      0x114 ./Core/Src/Ball.o
 .debug_macro   0x00000000000163ee      0x1ea ./Core/Src/Ball.o
 .debug_macro   0x00000000000165d8       0x27 ./Core/Src/Ball.o
 .debug_macro   0x00000000000165ff      0x144 ./Core/Src/Ball.o
 .debug_macro   0x0000000000016743      0x1bc ./Core/Src/Ball.o
 .debug_macro   0x00000000000168ff       0x30 ./Core/Src/Ball.o
 .debug_macro   0x000000000001692f       0x3c ./Core/Src/Ball.o
 .debug_macro   0x000000000001696b       0x57 ./Core/Src/Ball.o
 .debug_macro   0x00000000000169c2      0x46a ./Core/Src/Ball.o
 .debug_macro   0x0000000000016e2c      0x25d ./Core/Src/Ball.o
 .debug_macro   0x0000000000017089       0x87 ./Core/Src/Ball.o
 .debug_macro   0x0000000000017110      0x24f ./Core/Src/Ball.o
 .debug_macro   0x000000000001735f      0x356 ./Core/Src/Ball.o
 .debug_macro   0x00000000000176b5      0x140 ./Core/Src/Ball.o
 .debug_macro   0x00000000000177f5      0x8ed ./Core/Src/Ball.o
 .debug_macro   0x00000000000180e2       0xb5 ./Core/Src/Ball.o
 .debug_macro   0x0000000000018197       0xf4 ./Core/Src/Ball.o
 .debug_macro   0x000000000001828b      0x3e8 ./Core/Src/Game.o
 .debug_macro   0x0000000000018673       0xfa ./Core/Src/Game.o
 .debug_macro   0x000000000001876d      0x18a ./Core/Src/Game.o
 .debug_macro   0x00000000000188f7       0x10 ./Core/Src/Game.o
 .debug_macro   0x0000000000018907      0x3d1 ./Core/Src/Game.o
 .debug_macro   0x0000000000018cd8       0x10 ./Core/Src/Game.o
 .debug_macro   0x0000000000018ce8       0x18 ./Core/Src/Game.o
 .debug_macro   0x0000000000018d00       0x52 ./Core/Src/Game.o
 .debug_macro   0x0000000000018d52       0x3c ./Core/Src/Game.o
 .debug_macro   0x0000000000018d8e       0x34 ./Core/Src/Game.o
 .debug_macro   0x0000000000018dc2       0x16 ./Core/Src/Game.o
 .debug_macro   0x0000000000018dd8       0x35 ./Core/Src/Game.o
 .debug_macro   0x0000000000018e0d       0x16 ./Core/Src/Game.o
 .debug_macro   0x0000000000018e23       0x43 ./Core/Src/Game.o
 .debug_macro   0x0000000000018e66       0x34 ./Core/Src/Game.o
 .debug_macro   0x0000000000018e9a       0x10 ./Core/Src/Game.o
 .debug_macro   0x0000000000018eaa       0x58 ./Core/Src/Game.o
 .debug_macro   0x0000000000018f02       0x71 ./Core/Src/Game.o
 .debug_macro   0x0000000000018f73       0x16 ./Core/Src/Game.o
 .debug_macro   0x0000000000018f89      0x12a ./Core/Src/Game.o
 .debug_macro   0x00000000000190b3      0x364 ./Core/Src/Game.o
 .debug_macro   0x0000000000019417       0x16 ./Core/Src/Game.o
 .debug_macro   0x000000000001942d       0x29 ./Core/Src/Game.o
 .debug_macro   0x0000000000019456       0x1c ./Core/Src/Game.o
 .debug_macro   0x0000000000019472       0xde ./Core/Src/Game.o
 .debug_macro   0x0000000000019550       0x1c ./Core/Src/Game.o
 .debug_macro   0x000000000001956c       0x10 ./Core/Src/Game.o
 .debug_macro   0x000000000001957c       0x10 ./Core/Src/Game.o
 .debug_macro   0x000000000001958c       0x1c ./Core/Src/Game.o
 .debug_macro   0x00000000000195a8       0x52 ./Core/Src/Game.o
 .debug_macro   0x00000000000195fa       0x22 ./Core/Src/Game.o
 .debug_macro   0x000000000001961c       0x10 ./Core/Src/Game.o
 .debug_macro   0x000000000001962c       0x52 ./Core/Src/Game.o
 .debug_macro   0x000000000001967e       0xd5 ./Core/Src/Game.o
 .debug_macro   0x0000000000019753       0x1c ./Core/Src/Game.o
 .debug_macro   0x000000000001976f       0x3d ./Core/Src/Game.o
 .debug_macro   0x00000000000197ac       0x16 ./Core/Src/Game.o
 .debug_macro   0x00000000000197c2      0x137 ./Core/Src/Game.o
 .debug_macro   0x00000000000198f9      0x357 ./Core/Src/Menu.o
 .debug_macro   0x0000000000019c50       0x58 ./Core/Src/Menu.o
 .debug_macro   0x0000000000019ca8       0x16 ./Core/Src/Menu.o
 .debug_macro   0x0000000000019cbe      0x1e9 ./Core/Src/Player.o
 .debug_macro   0x0000000000019ea7      0x1ef ./Core/Src/Score.o
 .debug_macro   0x000000000001a096       0xdc ./Core/Src/Score.o
 .debug_macro   0x000000000001a172       0x1b ./Core/Src/Settings.o
 .debug_macro   0x000000000001a18d      0x327 ./Core/Src/lcd.o
 .debug_macro   0x000000000001a4b4       0x18 ./Core/Src/lcd.o
 .debug_macro   0x000000000001a4cc      0x194 ./Core/Src/lcd.o
 .debug_macro   0x000000000001a660       0x10 ./Core/Src/lcd.o
 .debug_macro   0x000000000001a670       0x10 ./Core/Src/lcd.o
 .debug_macro   0x000000000001a680      0x3c7 ./Core/Src/lcd.o
 .debug_macro   0x000000000001aa47      0x229 ./Core/Src/main.o
 .debug_macro   0x000000000001ac70      0x1d6 ./Core/Src/stm32f1xx_hal_msp.o
 .debug_macro   0x000000000001ae46      0xa6c ./Core/Src/stm32f1xx_hal_msp.o
 .debug_macro   0x000000000001b8b2      0xd23 ./Core/Src/stm32f1xx_hal_msp.o
 .debug_macro   0x000000000001c5d5      0x174 ./Core/Src/stm32f1xx_hal_msp.o
 .debug_macro   0x000000000001c749      0x1e9 ./Core/Src/stm32f1xx_it.o
 .debug_macro   0x000000000001c932       0xff ./Core/Src/sysmem.o