Archive member included to satisfy reference by file (symbol)

c:/st/stm32cubeide_1.9.0/stm32cubeide/plugins/com.st.stm32cube.ide.mcu.externaltools.gnu-tools-for-stm32.10.3-2021.10.win32_1.0.0.202111181127/tools/bin/../lib/gcc/arm-none-eabi/10.3.1/../../../../arm-none-eabi/lib/thumb/v7-m/nofp\libstdc++_nano.a(del_ops.o)
                              ./Core/Src/Ball.o (operator delete(void*, unsigned int))
c:/st/stm32cubeide_1.9.0/stm32cubeide/plugins/com.st.stm32cube.ide.mcu.externaltools.gnu-tools-for-stm32.10.3-2021.10.win32_1.0.0.202111181127/tools/bin/../lib/gcc/arm-none-eabi/10.3.1/../../../../arm-none-eabi/lib/thumb/v7-m/nofp\libstdc++_nano.a(del_op.o)
                              c:/st/stm32cubeide_1.9.0/stm32cubeide/plugins/com.st.stm32cube.ide.mcu.externaltools.gnu-tools-for-stm32.10.3-2021.10.win32_1.0.0.202111181127/tools/bin/../lib/gcc/arm-none-eabi/10.3.1/../../../../arm-none-eabi/lib/thumb/v7-m/nofp\libstdc++_nano.a(del_ops.o) (operator delete(void*))
c:/st/stm32cubeide_1.9.0/stm32cubeide/plugins/com.st.stm32cube.ide.mcu.externaltools.gnu-tools-for-stm32.10.3-2021.10.win32_1.0.0.202111181127/tools/bin/../lib/gcc/arm-none-eabi/10.3.1/../../../../arm-none-eabi/lib/thumb/v7-m/nofp\libm.a(lib_a-s_cos.o)
                              ./Core/Src/lcd.o (cos)
c:/st/stm32cubeide_1.9.0/stm32cubeide/plugins/com.st.stm32cube.ide.mcu.externaltools.gnu-tools-for-stm32.10.3-2021.10.win32_1.0.0.202111181127/tools/bin/../lib/gcc/arm-none-eabi/10.3.1/../../../../arm-none-eabi/lib/thumb/v7-m/nofp\libm.a(lib_a-s_sin.o)
                              ./Core/Src/lcd.o (sin)
c:/st/stm32cubeide_1.9.0/stm32cubeide/plugins/com.st.stm32cube.ide.mcu.externaltools.gnu-tools-for-stm32.10.3-2021.10.win32_1.0.0.202111181127/tools/bin/../lib/gcc/arm-none-eabi/10.3.1/../../../../arm-none-eabi/lib/thumb/v7-m/nofp\libm.a(lib_a-e_rem_pio2.o)
                              c:/st/stm32cubeide_1.9.0/stm32cubeide/plugins/com.st.stm32cube.ide.mcu.externaltools.gnu-tools-for-stm32.10.3-2021.10.win32_1.0.0.202111181127/tools/bin/../lib/gcc/arm-none-eabi/10.3.1/../../../../arm-none-eabi/lib/thumb/v7-m/nofp\libm.a(lib_a-s_cos.o) (__ieee754_rem_pio2)
c:/st/stm32cubeide_1.9.0/stm32cubeide/plugins/com.st.stm32cube.ide.mcu.externaltools.gnu-tools-for-stm32.10.3-2021.10.win32_1.0.0.202111181127/tools/bin/../lib/gcc/arm-none-eabi/10.3.1/../../../../arm-none-eabi/lib/thumb/v7-m/nofp\libm.a(lib_a-k_cos.o)
                              c:/st/stm32cubeide_1.9.0/stm32cubeide/plugins/com.st.stm32cube.ide.mcu.externaltools.gnu-tools-for-stm32.10.3-2021.10.win32_1.0.0.202111181127/tools/bin/../lib/gcc/arm-none-eabi/10.3.1/../../../../arm-none-eabi/lib/thumb/v7-m/nofp\libm.a(lib_a-s_cos.o) (__kernel_cos)
c:/st/stm32cubeide_1.9.0/stm32cubeide/plugins/com.st.stm32cube.ide.mcu.externaltools.gnu-tools-for-stm32.10.3-2021.10.win32_1.0.0.202111181127/tools/bin/../lib/gcc/arm-none-eabi/10.3.1/../../../../arm-none-eabi/lib/thumb/v7-m/nofp\libm.a(lib_a-k_rem_pio2.o)
                              c:/st/stm32cubeide_1.9.0/stm32cubeide/plugins/com.st.stm32cube.ide.mcu.externaltools.gnu-tools-for-stm32.10.3-2021.10.win32_1.0.0.202111181127/tools/bin/../lib/gcc/arm-none-eabi/10.3.1/../../../../arm-none-eabi/lib/thumb/v7-m/nofp\libm.a(lib_a-e_rem_pio2.o) (__kernel_rem_pio2)
c:/st/stm32cubeide_1.9.0/stm32cubeide/plugins/com.st.stm32cube.ide.mcu.externaltools.gnu-tools-for-stm32.10.3-2021.10.win32_1.0.0.202111181127/tools/bin/../lib/gcc/arm-none-eabi/10.3.1/../../../../arm-none-eabi/lib/thumb/v7-m/nofp\libm.a(lib_a-k_sin.o)
                              c:/st/stm32cubeide_1.9.0/stm32cubeide/plugins/com.st.stm32cube.ide.mcu.externaltools.gnu-tools-for-stm32.10.3-2021.10.win32_1.0.0.202111181127/tools/bin/../lib/gcc/arm-none-eabi/10.3.1/../../../../arm-none-eabi/lib/thumb/v7-m/nofp\libm.a(lib_a-s_cos.o) (__kernel_sin)
c:/st/stm32cubeide_1.9.0/stm32cubeide/plugins/com.st.stm32cube.ide.mcu.externaltools.gnu-tools-for-stm32.10.3-2021.10.win32_1.0.0.202111181127/tools/bin/../lib/gcc/arm-none-eabi/10.3.1/../../../../arm-none-eabi/lib/thumb/v7-m/nofp\libm.a(lib_a-s_fabs.o)
                              c:/st/stm32cubeide_1.9.0/stm32cubeide/plugins/com.st.stm32cube.ide.mcu.externaltools.gnu-tools-for-stm32.10.3-2021.10.win32_1.0.0.202111181127/tools/bin/../lib/gcc/arm-none-eabi/10.3.1/../../../../arm-none-eabi/lib/thumb/v7-m/nofp\libm.a(lib_a-e_rem_pio2.o) (fabs)
c:/st/stm32cubeide_1.9.0/stm32cubeide/plugins/com.st.stm32cube.ide.mcu.externaltools.gnu-tools-for-stm32.10.3-2021.10.win32_1.0.0.202111181127/tools/bin/../lib/gcc/arm-none-eabi/10.3.1/../../../../arm-none-eabi/lib/thumb/v7-m/nofp\libm.a(lib_a-s_floor.o)
                              c:/st/stm32cubeide_1.9.0/stm32cubeide/plugins/com.st.stm32cube.ide.mcu.externaltools.gnu-tools-for-stm32.10.3-2021.10.win32_1.0.0.202111181127/tools/bin/../lib/gcc/arm-none-eabi/10.3.1/../../../../arm-none-eabi/lib/thumb/v7-m/nofp\libm.a(lib_a-k_rem_pio2.o) (floor)
[...]
Memory Configuration

Name             Origin             Length             Attributes
RAM              0x0000000020000000 0x0000000000010000 xrw
FLASH            0x0000000008000000 0x0000000000080000 xr
*default*        0x0000000000000000 0xffffffffffffffff

Linker script and memory map

LOAD c:/st/stm32cubeide_1.9.0/stm32cubeide/plugins/com.st.stm32cube.ide.mcu.externaltools.gnu-tools-for-stm32.10.3-2021.10.win32_1.0.0.202111181127/tools/bin/../lib/gcc/arm-none-eabi/10.3.1/thumb/v7-m/nofp/crti.o
LOAD c:/st/stm32cubeide_1.9.0/stm32cubeide/plugins/com.st.stm32cube.ide.mcu.externaltools.gnu-tools-for-stm32.10.3-2021.10.win32_1.0.0.202111181127/tools/bin/../lib/gcc/arm-none-eabi/10.3.1/thumb/v7-m/nofp/crtbegin.o
LOAD c:/st/stm32cubeide_1.9.0/stm32cubeide/plugins/com.st.stm32cube.ide.mcu.externaltools.gnu-tools-for-stm32.10.3-2021.10.win32_1.0.0.202111181127/tools/bin/../lib/gcc/arm-none-eabi/10.3.1/../../../../arm-none-eabi/lib/thumb/v7-m/nofp/crt0.o
LOAD ./Core/Src/Ball.o
LOAD ./Core/Src/Game.o
LOAD ./Core/Src/Menu.o
LOAD ./Core/Src/Player.o
LOAD ./Core/Src/Score.o
LOAD ./Core/Src/Settings.o
LOAD ./Core/Src/lcd.o
LOAD ./Core/Src/main.o
LOAD ./Core/Src/stm32f1xx_hal_msp.o
LOAD ./Core/Src/stm32f1xx_it.o
LOAD ./Core/Src/syscalls.o
LOAD ./Core/Src/sysmem.o
LOAD ./Core/Src/system_stm32f1xx.o
LOAD ./Core/Src/xpt2046.o
LOAD ./Core/Startup/startup_stm32f103vetx.o
LOAD ./Drivers/STM32F1xx_HAL_Driver/Src/stm32f1xx_hal.o
LOAD ./Drivers/STM32F1xx_HAL_Driver/Src/stm32f1xx_hal_adc.o
LOAD ./Drivers/STM32F1xx_HAL_Driver/Src/stm32f1xx_hal_adc_ex.o
LOAD ./Drivers/STM32F1xx_HAL_Driver/Src/stm32f1xx_hal_cortex.o
LOAD ./Drivers/STM32F1xx_HAL_Driver/Src/stm32f1xx_hal_dma.o
LOAD ./Drivers/STM32F1xx_HAL_Driver/Src/stm32f1xx_hal_exti.o
LOAD ./Drivers/STM32F1xx_HAL_Driver/Src/stm32f1xx_hal_flash.o
LOAD ./Drivers/STM32F1xx_HAL_Driver/Src/stm32f1xx_hal_flash_ex.o
LOAD ./Drivers/STM32F1xx_HAL_Driver/Src/stm32f1xx_hal_gpio.o
LOAD ./Drivers/STM32F1xx_HAL_Driver/Src/stm32f1xx_hal_gpio_ex.o
LOAD ./Drivers/STM32F1xx_HAL_Driver/Src/stm32f1xx_hal_pwr.o
LOAD ./Drivers/STM32F1xx_HAL_Driver/Src/stm32f1xx_hal_rcc.o
LOAD ./Drivers/STM32F1xx_HAL_Driver/Src/stm32f1xx_hal_rcc_ex.o
LOAD ./Drivers/STM32F1xx_HAL_Driver/Src/stm32f1xx_hal_sram.o
LOAD ./Drivers/STM32F1xx_HAL_Driver/Src/stm32f1xx_hal_tim.o
LOAD ./Drivers/STM32F1xx_HAL_Driver/Src/stm32f1xx_hal_tim_ex.o
LOAD ./Drivers/STM32F1xx_HAL_Driver/Src/stm32f1xx_ll_fsmc.o
START GROUP
LOAD c:/st/stm32cubeide_1.9.0/stm32cubeide/plugins/com.st.stm32cube.ide.mcu.externaltools.gnu-tools-for-stm32.10.3-2021.10.win32_1.0.0.202111181127/tools/bin/../lib/gcc/arm-none-eabi/10.3.1/../../../../arm-none-eabi/lib/thumb/v7-m/nofp\libstdc++_nano.a
LOAD c:/st/stm32cubeide_1.9.0/stm32cubeide/plugins/com.st.stm32cube.ide.mcu.externaltools.gnu-tools-for-stm32.10.3-2021.10.win32_1.0.0.202111181127/tools/bin/../lib/gcc/arm-none-eabi/10.3.1/../../../../arm-none-eabi/lib/thumb/v7-m/nofp\libsupc++_nano.a
END GROUP
LOAD c:/st/stm32cubeide_1.9.0/stm32cubeide/plugins/com.st.stm32cube.ide.mcu.externaltools.gnu-tools-for-stm32.10.3-2021.10.win32_1.0.0.202111181127/tools/bin/../lib/gcc/arm-none-eabi/10.3.1/../../../../arm-none-eabi/lib/thumb/v7-m/nofp\libstdc++_nano.a
LOAD c:/st/stm32cubeide_1.9.0/stm32cubeide/plugins/com.st.stm32cube.ide.mcu.externaltools.gnu-tools-for-stm32.10.3-2021.10.win32_1.0.0.202111181127/tools/bin/../lib/gcc/arm-none-eabi/10.3.1/../../../../arm-none-eabi/lib/thumb/v7-m/nofp\libm.a
LOAD c:/st/stm32cubeide_1.9.0/stm32cubeide/plugins/com.st.stm32cube.ide.mcu.externaltools.gnu-tools-for-stm32.10.3-2021.10.win32_1.0.0.202111181127/tools/bin/../lib/gcc/arm-none-eabi/10.3.1/../../../../arm-none-eabi/lib/thumb/v7-m/nofp\libc_nano.a
START GROUP
LOAD c:/st/stm32cubeide_1.9.0/stm32cubeide/plugins/com.st.stm32cube.ide.mcu.externaltools.gnu-tools-for-stm32.10.3-2021.10.win32_1.0.0.202111181127/tools/bin/../lib/gcc/arm-none-eabi/10.3.1/thumb/v7-m/nofp\libgcc.a
LOAD c:/st/stm32cubeide_1.9.0/stm32cubeide/plugins/com.st.stm32cube.ide.mcu.externaltools.gnu-tools-for-stm32.10.3-2021.10.win32_1.0.0.202111181127/tools/bin/../lib/gcc/arm-none-eabi/10.3.1/../../../../arm-none-eabi/lib/thumb/v7-m/nofp\libc_nano.a
END GROUP
START GROUP
LOAD c:/st/stm32cubeide_1.9.0/stm32cubeide/plugins/com.st.stm32cube.ide.mcu.externaltools.gnu-tools-for-stm32.10.3-2021.10.win32_1.0.0.202111181127/tools/bin/../lib/gcc/arm-none-eabi/10.3.1/thumb/v7-m/nofp\libgcc.a
LOAD c:/st/stm32cubeide_1.9.0/stm32cubeide/plugins/com.st.stm32cube.ide.mcu.externaltools.gnu-tools-for-stm32.10.3-2021.10.win32_1.0.0.202111181127/tools/bin/../lib/gcc/arm-none-eabi/10.3.1/../../../../arm-none-eabi/lib/thumb/v7-m/nofp\libc_nano.a
LOAD c:/st/stm32cubeide_1.9.0/stm32cubeide/plugins/com.st.stm32cube.ide.mcu.externaltools.gnu-tools-for-stm32.10.3-2021.10.win32_1.0.0.202111181127/tools/bin/../lib/gcc/arm-none-eabi/10.3.1/../../../../arm-none-eabi/lib/thumb/v7-m/nofp\libnosys.a
END GROUP
START GROUP
LOAD c:/st/stm32cubeide_1.9.0/stm32cubeide/plugins/com.st.stm32cube.ide.mcu.externaltools.gnu-tools-for-stm32.10.3-2021.10.win32_1.0.0.202111181127/tools/bin/../lib/gcc/arm-none-eabi/10.3.1/thumb/v7-m/nofp\libgcc.a
LOAD c:/st/stm32cubeide_1.9.0/stm32cubeide/plugins/com.st.stm32cube.ide.mcu.externaltools.gnu-tools-for-stm32.10.3-2021.10.win32_1.0.0.202111181127/tools/bin/../lib/gcc/arm-none-eabi/10.3.1/../../../../arm-none-eabi/lib/thumb/v7-m/nofp\libc_nano.a
LOAD c:/st/stm32cubeide_1.9.0/stm32cubeide/plugins/com.st.stm32cube.ide.mcu.externaltools.gnu-tools-for-stm32.10.3-2021.10.win32_1.0.0.202111181127/tools/bin/../lib/gcc/arm-none-eabi/10.3.1/../../../../arm-none-eabi/lib/thumb/v7-m/nofp\libnosys.a
END GROUP
LOAD c:/st/stm32cubeide_1.9.0/stm32cubeide/plugins/com.st.stm32cube.ide.mcu.externaltools.gnu-tools-for-stm32.10.3-2021.10.win32_1.0.0.202111181127/tools/bin/../lib/gcc/arm-none-eabi/10.3.1/thumb/v7-m/nofp/crtend.o
LOAD c:/st/stm32cubeide_1.9.0/stm32cubeide/plugins/com.st.stm32cube.ide.mcu.externaltools.gnu-tools-for-stm32.10.3-2021.10.win32_1.0.0.202111181127/tools/bin/../lib/gcc/arm-none-eabi/10.3.1/thumb/v7-m/nofp/crtn.o
                0x0000000020010000                _estack = (ORIGIN (RAM) + LENGTH (RAM))
                0x0000000000000200                _Min_Heap_Size = 0x200
                0x0000000000000400                _Min_Stack_Size = 0x400

.isr_vector     0x0000000008000000      0x1e4
                0x0000000008000000                . = ALIGN (0x4)
 *(.isr_vector)
 .isr_vector    0x0000000008000000      0x1e4 ./Core/Startup/startup_stm32f103vetx.o
                0x0000000008000000                g_pfnVectors
                0x00000000080001e4                . = ALIGN (0x4)

.text           0x00000000080001e4     0x7c00
                0x00000000080001e4                . = ALIGN (0x4)
 *(.text)
 .text          0x00000000080001e4       0x40 c:/st/stm32cubeide_1.9.0/stm32cubeide/plugins/com.st.stm32cube.ide.mcu.externaltools.gnu-tools-for-stm32.10.3-2021.10.win32_1.0.0.202111181127/tools/bin/../lib/gcc/arm-none-eabi/10.3.1/thumb/v7-m/nofp/crtbegin.o
 .text          0x0000000008000224      0x254 c:/st/stm32cubeide_1.9.0/stm32cubeide/plugins/com.st.stm32cube.ide.mcu.externaltools.gnu-tools-for-stm32.10.3-2021.10.win32_1.0.0.202111181127/tools/bin/../lib/gcc/arm-none-eabi/10.3.1/thumb/v7-m/nofp\libgcc.a(_arm_muldf3.o)
                0x0000000008000224                __muldf3
                0x0000000008000224                __aeabi_dmul
 .text          0x0000000008000478      0x378 c:/st/stm32cubeide_1.9.0/stm32cubeide/plugins/com.st.stm32cube.ide.mcu.externaltools.gnu-tools-for-stm32.10.3-2021.10.win32_1.0.0.202111181127/tools/bin/../lib/gcc/arm-none-eabi/10.3.1/thumb/v7-m/nofp\libgcc.a(_arm_addsubdf3.o)
                0x0000000008000478                __aeabi_drsub
                0x0000000008000480                __aeabi_dsub
                0x0000000008000480                __subdf3
                0x0000000008000484                __aeabi_dadd
                0x0000000008000484                __adddf3
                0x00000000080006fc                __floatunsidf
                0x00000000080006fc                __aeabi_ui2d
                0x000000000800071c                __floatsidf
                0x000000000800071c                __aeabi_i2d
                0x0000000008000740                __aeabi_f2d
                0x0000000008000740                __extendsfdf2
                0x0000000008000784                __floatundidf
                0x0000000008000784                __aeabi_ul2d
                0x0000000008000794                __floatdidf
                0x0000000008000794                __aeabi_l2d
 .text          0x00000000080007f0      0x110 c:/st/stm32cubeide_1.9.0/stm32cubeide/plugins/com.st.stm32cube.ide.mcu.externaltools.gnu-tools-for-stm32.10.3-2021.10.win32_1.0.0.202111181127/tools/bin/../lib/gcc/arm-none-eabi/10.3.1/thumb/v7-m/nofp\libgcc.a(_arm_cmpdf2.o)
                0x00000000080007f0                __gtdf2
                0x00000000080007f0                __gedf2
                0x00000000080007f8                __ltdf2
                0x00000000080007f8                __ledf2
                0x0000000008000800                __nedf2
                0x0000000008000800                __eqdf2
                0x0000000008000800                __cmpdf2
                0x000000000800087c                __aeabi_cdrcmple
                0x000000000800088c                __aeabi_cdcmpeq
                0x000000000800088c                __aeabi_cdcmple
                0x000000000800089c                __aeabi_dcmpeq
                0x00000000080008b0                __aeabi_dcmplt
                0x00000000080008c4                __aeabi_dcmple
                0x00000000080008d8                __aeabi_dcmpge
                0x00000000080008ec                __aeabi_dcmpgt
 .text          0x0000000008000900       0x40 c:/st/stm32cubeide_1.9.0/stm32cubeide/plugins/com.st.stm32cube.ide.mcu.externaltools.gnu-tools-for-stm32.10.3-2021.10.win32_1.0.0.202111181127/tools/bin/../lib/gcc/arm-none-eabi/10.3.1/thumb/v7-m/nofp\libgcc.a(_arm_fixunsdfsi.o)
                0x0000000008000900                __aeabi_d2uiz
                0x0000000008000900                __fixunsdfsi
 *(.text*)
 .text._ZN4BallC2Ev
                0x0000000008000940       0x24 ./Core/Src/Ball.o
                0x0000000008000940                Ball::Ball()
                0x0000000008000940                Ball::Ball()
 .text._ZN4Ball5resetEv
                0x0000000008000964       0x2a ./Core/Src/Ball.o
                0x0000000008000964                Ball::reset()
 *fill*         0x000000000800098e        0x2 
 .text._ZN4BallD2Ev
                0x0000000008000990       0x20 ./Core/Src/Ball.o
                0x0000000008000990                Ball::~Ball()
                0x0000000008000990                Ball::~Ball()
 .text._ZN4BallD0Ev
                0x00000000080009b0       0x20 ./Core/Src/Ball.o
                0x00000000080009b0                Ball::~Ball()
 .text._ZN4GameC2Ev
                0x00000000080009d0       0x50 ./Core/Src/Game.o
                0x00000000080009d0                Game::Game()
                0x00000000080009d0                Game::Game()
 .text._ZN4Game8setStartEb
                0x0000000008000a20       0x1c ./Core/Src/Game.o
                0x0000000008000a20                Game::setStart(bool)
 .text._ZN4Game8getStartEv
                0x0000000008000a3c       0x16 ./Core/Src/Game.o
                0x0000000008000a3c                Game::getStart()
 .text._ZN4Game4quitEv
                0x0000000008000a52       0x6c ./Core/Src/Game.o
                0x0000000008000a52                Game::quit()
 .text._ZN4Game7restartEv
                0x0000000008000abe       0x4e ./Core/Src/Game.o
                0x0000000008000abe                Game::restart()
 .text._ZN4Game9knockbackEi
                0x0000000008000b0c      0x120 ./Core/Src/Game.o
                0x0000000008000b0c                Game::knockback(int)
 .text._ZN4Game14checkCollisionEi
                0x0000000008000c2c       0x7e ./Core/Src/Game.o
                0x0000000008000c2c                Game::checkCollision(int)
 *fill*         0x0000000008000caa        0x2 
 .text._ZN4Game8moveBallEv
                0x0000000008000cac      0x31c ./Core/Src/Game.o
                0x0000000008000cac                Game::moveBall()
 .text._ZN4Game11botMovementEv
                0x0000000008000fc8      0x1b8 ./Core/Src/Game.o
                0x0000000008000fc8                Game::botMovement()
 .text._ZN4BallaSERKS_
                0x0000000008001180       0x36 ./Core/Src/Game.o
                0x0000000008001180                Ball::operator=(Ball const&)
 .text._ZN4Game19displayBallMovementEv
                0x00000000080011b6       0x82 ./Core/Src/Game.o
                0x00000000080011b6                Game::displayBallMovement()
 .text._ZN4Game21displayPlayerMovementEi
                0x0000000008001238       0xa6 ./Core/Src/Game.o
                0x0000000008001238                Game::displayPlayerMovement(int)
 *fill*         0x00000000080012de        0x2 
 .text._ZN4Game13displayWinnerEi
                0x00000000080012e0       0x74 ./Core/Src/Game.o
                0x00000000080012e0                Game::displayWinner(int)
 .text._ZN4Game6gamingEv
                0x0000000008001354      0x29e ./Core/Src/Game.o
                0x0000000008001354                Game::gaming()
 *fill*         0x00000000080015f2        0x2 
 .text._ZN4GameD2Ev
                0x00000000080015f4       0x54 ./Core/Src/Game.o
                0x00000000080015f4                Game::~Game()
                0x00000000080015f4                Game::~Game()
 .text._ZN4GameD0Ev
                0x0000000008001648       0x20 ./Core/Src/Game.o
                0x0000000008001648                Game::~Game()
 .text._ZL12MX_TIM4_Initi
                0x0000000008001668      0x124 ./Core/Src/Game.o
 .text._ZL12MX_TIM2_Initi
                0x000000000800178c       0xd4 ./Core/Src/Game.o
 .text._ZN4MenuC2Ev
                0x0000000008001860       0x2c ./Core/Src/Menu.o
                0x0000000008001860                Menu::Menu()
                0x0000000008001860                Menu::Menu()
 .text._ZN4Menu14getCurrentMenuEv
                0x000000000800188c       0x16 ./Core/Src/Menu.o
                0x000000000800188c                Menu::getCurrentMenu()
 *fill*         0x00000000080018a2        0x2 
 .text._ZN4Menu18displayCurrentMenuEv
                0x00000000080018a4      0x39c ./Core/Src/Menu.o
                0x00000000080018a4                Menu::displayCurrentMenu()
 .text._ZN4Menu14setCurrentMenuEi
                0x0000000008001c40       0x1e ./Core/Src/Menu.o
                0x0000000008001c40                Menu::setCurrentMenu(int)
 *fill*         0x0000000008001c5e        0x2 
 .text._ZN4Menu16onClickListienerEv
                0x0000000008001c60      0x25c ./Core/Src/Menu.o
                0x0000000008001c60                Menu::onClickListiener()
 .text._ZN4MenuD2Ev
                0x0000000008001ebc       0x28 ./Core/Src/Menu.o
                0x0000000008001ebc                Menu::~Menu()
                0x0000000008001ebc                Menu::~Menu()
 .text._ZN4MenuD0Ev
                0x0000000008001ee4       0x20 ./Core/Src/Menu.o
                0x0000000008001ee4                Menu::~Menu()
 .text._ZN6PlayerC2Ei
                0x0000000008001f04       0x4c ./Core/Src/Player.o
                0x0000000008001f04                Player::Player(int)
                0x0000000008001f04                Player::Player(int)
 .text._ZN6Player6resetXEv
                0x0000000008001f50       0x18 ./Core/Src/Player.o
                0x0000000008001f50                Player::resetX()
 .text._ZN6Player4setXEi
                0x0000000008001f68       0x1a ./Core/Src/Player.o
                0x0000000008001f68                Player::setX(int)
 .text._ZN6Player4getXEv
                0x0000000008001f82       0x16 ./Core/Src/Player.o
                0x0000000008001f82                Player::getX()
 .text._ZN6Player4getYEv
                0x0000000008001f98       0x16 ./Core/Src/Player.o
                0x0000000008001f98                Player::getY()
 .text._ZN6Player20setADC_HandleTypeDefEP19__ADC_HandleTypeDef
                0x0000000008001fae       0x1a ./Core/Src/Player.o
                0x0000000008001fae                Player::setADC_HandleTypeDef(__ADC_HandleTypeDef*)
 .text._ZN6Player11playerTouchEv
                0x0000000008001fc8       0x50 ./Core/Src/Player.o
                0x0000000008001fc8                Player::playerTouch()
 .text._ZN6Player11findAndSetXEv
                0x0000000008002018       0xac ./Core/Src/Player.o
                0x0000000008002018                Player::findAndSetX()
 .text._ZN6PlayerD2Ev
                0x00000000080020c4       0x28 ./Core/Src/Player.o
                0x00000000080020c4                Player::~Player()
                0x00000000080020c4                Player::~Player()
 .text._ZN6PlayerD0Ev
                0x00000000080020ec       0x20 ./Core/Src/Player.o
                0x00000000080020ec                Player::~Player()
 .text._ZN5ScoreC2Ei
                0x000000000800210c       0x2c ./Core/Src/Score.o
                0x000000000800210c                Score::Score(int)
                0x000000000800210c                Score::Score(int)
 .text._ZN5Score8getPointEv
                0x0000000008002138       0x16 ./Core/Src/Score.o
                0x0000000008002138                Score::getPoint()
 *fill*         0x000000000800214e        0x2 
 .text._ZN5Score12displayPointEv
                0x0000000008002150      0x748 ./Core/Src/Score.o
                0x0000000008002150                Score::displayPoint()
 .text._ZN5Score8setPointEi
                0x0000000008002898       0x1e ./Core/Src/Score.o
                0x0000000008002898                Score::setPoint(int)
 *fill*         0x00000000080028b6        0x2 
 .text._ZN5Score14turnOffDisplayEv
                0x00000000080028b8       0xc0 ./Core/Src/Score.o
                0x00000000080028b8                Score::turnOffDisplay()
 .text._ZN5ScoreD2Ev
                0x0000000008002978       0x20 ./Core/Src/Score.o
                0x0000000008002978                Score::~Score()
                0x0000000008002978                Score::~Score()
 .text._ZN5ScoreD0Ev
                0x0000000008002998       0x20 ./Core/Src/Score.o
                0x0000000008002998                Score::~Score()
 .text._ZN8SettingsC2Ev
                0x00000000080029b8       0x30 ./Core/Src/Settings.o
                0x00000000080029b8                Settings::Settings()
                0x00000000080029b8                Settings::Settings()
 .text._ZN8Settings15setPointsNeededEv
                0x00000000080029e8       0x2c ./Core/Src/Settings.o
                0x00000000080029e8                Settings::setPointsNeeded()
 .text._ZN8Settings15getPointsNeededEv
                0x0000000008002a14       0x16 ./Core/Src/Settings.o
                0x0000000008002a14                Settings::getPointsNeeded()
 .text._ZN8Settings24setBallSpeedIncreaseRateEv
                0x0000000008002a2a       0x2c ./Core/Src/Settings.o
                0x0000000008002a2a                Settings::setBallSpeedIncreaseRate()
 .text._ZN8Settings24getBallSpeedIncreaseRateEv
                0x0000000008002a56       0x16 ./Core/Src/Settings.o
                0x0000000008002a56                Settings::getBallSpeedIncreaseRate()
 .text._ZN8Settings12setKnockbackEv
                0x0000000008002a6c       0x20 ./Core/Src/Settings.o
                0x0000000008002a6c                Settings::setKnockback()
 .text._ZN8Settings12getKnockbackEv
                0x0000000008002a8c       0x16 ./Core/Src/Settings.o
                0x0000000008002a8c                Settings::getKnockback()
 *fill*         0x0000000008002aa2        0x2 
 .text._ZN8SettingsD2Ev
                0x0000000008002aa4       0x20 ./Core/Src/Settings.o
                0x0000000008002aa4                Settings::~Settings()
                0x0000000008002aa4                Settings::~Settings()
 .text._ZN8SettingsD0Ev
                0x0000000008002ac4       0x20 ./Core/Src/Settings.o
                0x0000000008002ac4                Settings::~Settings()
 .text._Z5Delaym
                0x0000000008002ae4       0x2a ./Core/Src/lcd.o
                0x0000000008002ae4                Delay(unsigned long)
 .text._Z8LCD_INITv
                0x0000000008002b0e       0x2c ./Core/Src/lcd.o
                0x0000000008002b0e                LCD_INIT()
 *fill*         0x0000000008002b3a        0x2 
 .text._Z7LCD_Rstv
                0x0000000008002b3c       0x30 ./Core/Src/lcd.o
                0x0000000008002b3c                LCD_Rst()
 .text._Z19LCD_BackLed_Control15FunctionalState
                0x0000000008002b6c       0x38 ./Core/Src/lcd.o
                0x0000000008002b6c                LCD_BackLed_Control(FunctionalState)
 .text._Z13LCD_Write_Cmdt
                0x0000000008002ba4       0x1c ./Core/Src/lcd.o
                0x0000000008002ba4                LCD_Write_Cmd(unsigned short)
 .text._Z14LCD_Write_Datat
                0x0000000008002bc0       0x20 ./Core/Src/lcd.o
                0x0000000008002bc0                LCD_Write_Data(unsigned short)
 .text._Z14LCD_REG_Configv
                0x0000000008002be0      0x234 ./Core/Src/lcd.o
                0x0000000008002be0                LCD_REG_Config()
 .text._Z14LCD_OpenWindowtttt
                0x0000000008002e14       0xb2 ./Core/Src/lcd.o
                0x0000000008002e14                LCD_OpenWindow(unsigned short, unsigned short, unsigned short, unsigned short)
 .text._Z13LCD_FillColormt
                0x0000000008002ec6       0x3a ./Core/Src/lcd.o
                0x0000000008002ec6                LCD_FillColor(unsigned long, unsigned short)
 .text._Z9LCD_Clearttttt
                0x0000000008002f00       0x46 ./Core/Src/lcd.o
                0x0000000008002f00                LCD_Clear(unsigned short, unsigned short, unsigned short, unsigned short, unsigned short)
 .text._Z12LCD_DrawLinettttt
                0x0000000008002f46      0x108 ./Core/Src/lcd.o
                0x0000000008002f46                LCD_DrawLine(unsigned short, unsigned short, unsigned short, unsigned short, unsigned short)
 .text._Z22LCD_DrawEmptyRectanglettttt
                0x000000000800304e       0xc0 ./Core/Src/lcd.o
                0x000000000800304e                LCD_DrawEmptyRectangle(unsigned short, unsigned short, unsigned short, unsigned short, unsigned short)
 *fill*         0x000000000800310e        0x2 
 .text._Z12LCD_DrawCharttc
                0x0000000008003110       0x8c ./Core/Src/lcd.o
                0x0000000008003110                LCD_DrawChar(unsigned short, unsigned short, char)
 .text._Z14LCD_DrawStringttPKc
                0x000000000800319c       0x5c ./Core/Src/lcd.o
                0x000000000800319c                LCD_DrawString(unsigned short, unsigned short, char const*)
 .text._Z11LCD_DrawDotttt
                0x00000000080031f8       0x34 ./Core/Src/lcd.o
                0x00000000080031f8                LCD_DrawDot(unsigned short, unsigned short, unsigned short)
 .text._Z12LCD_DrawBallttt
                0x000000000800322c       0x54 ./Core/Src/lcd.o
                0x000000000800322c                LCD_DrawBall(unsigned short, unsigned short, unsigned short)
 .text._Z16LCD_TeleportBallttttiii
                0x0000000008003280      0x332 ./Core/Src/lcd.o
                0x0000000008003280                LCD_TeleportBall(unsigned short, unsigned short, unsigned short, unsigned short, int, int, int)
 .text._Z12LCD_MoveBalltttt
                0x00000000080035b2      0x14e ./Core/Src/lcd.o
                0x00000000080035b2                LCD_MoveBall(unsigned short, unsigned short, unsigned short, unsigned short)
 .text._Z14LCD_DrawPlayerttt
                0x0000000008003700       0x54 ./Core/Src/lcd.o
                0x0000000008003700                LCD_DrawPlayer(unsigned short, unsigned short, unsigned short)
 .text._Z10checkTouchtttt
                0x0000000008003754       0x6e ./Core/Src/lcd.o
                0x0000000008003754                checkTouch(unsigned short, unsigned short, unsigned short, unsigned short)
 .text._Z14LCD_MovePlayertttt
                0x00000000080037c2      0x13a ./Core/Src/lcd.o
                0x00000000080037c2                LCD_MovePlayer(unsigned short, unsigned short, unsigned short, unsigned short)
 .text._Z11LCD_DrawNetv
                0x00000000080038fc       0x30 ./Core/Src/lcd.o
                0x00000000080038fc                LCD_DrawNet()
 .text.main     0x000000000800392c      0x13c ./Core/Src/main.o
                0x000000000800392c                main
 .text._Z18SystemClock_Configv
                0x0000000008003a68       0xd8 ./Core/Src/main.o
                0x0000000008003a68                SystemClock_Config()
 .text._ZL12MX_ADC1_Initv
                0x0000000008003b40       0x90 ./Core/Src/main.o
 .text._ZL12MX_ADC2_Initv
                0x0000000008003bd0       0x90 ./Core/Src/main.o
 .text._ZL12MX_GPIO_Initv
                0x0000000008003c60      0x22c ./Core/Src/main.o
 .text._ZL12MX_FSMC_Initv
                0x0000000008003e8c       0xd4 ./Core/Src/main.o
 .text.Error_Handler
                0x0000000008003f60        0xa ./Core/Src/main.o
                0x0000000008003f60                Error_Handler
 *fill*         0x0000000008003f6a        0x2 
 .text.HAL_MspInit
                0x0000000008003f6c       0x64 ./Core/Src/stm32f1xx_hal_msp.o
                0x0000000008003f6c                HAL_MspInit
 .text.HAL_ADC_MspInit
                0x0000000008003fd0       0xfc ./Core/Src/stm32f1xx_hal_msp.o
                0x0000000008003fd0                HAL_ADC_MspInit
 .text.HAL_TIM_PWM_MspInit
                0x00000000080040cc       0x38 ./Core/Src/stm32f1xx_hal_msp.o
                0x00000000080040cc                HAL_TIM_PWM_MspInit
 .text.HAL_TIM_Base_MspInit
                0x0000000008004104       0x3c ./Core/Src/stm32f1xx_hal_msp.o
                0x0000000008004104                HAL_TIM_Base_MspInit
 .text.HAL_TIM_MspPostInit
                0x0000000008004140       0xa4 ./Core/Src/stm32f1xx_hal_msp.o
                0x0000000008004140                HAL_TIM_MspPostInit
 .text.HAL_FSMC_MspInit
                0x00000000080041e4       0x88 ./Core/Src/stm32f1xx_hal_msp.o
 .text.HAL_SRAM_MspInit
                0x000000000800426c       0x14 ./Core/Src/stm32f1xx_hal_msp.o
                0x000000000800426c                HAL_SRAM_MspInit
 .text.NMI_Handler
                0x0000000008004280        0x6 ./Core/Src/stm32f1xx_it.o
                0x0000000008004280                NMI_Handler
 .text.HardFault_Handler
                0x0000000008004286        0x6 ./Core/Src/stm32f1xx_it.o
                0x0000000008004286                HardFault_Handler
 .text.MemManage_Handler
                0x000000000800428c        0x6 ./Core/Src/stm32f1xx_it.o
                0x000000000800428c                MemManage_Handler
 .text.BusFault_Handler
                0x0000000008004292        0x6 ./Core/Src/stm32f1xx_it.o
                0x0000000008004292                BusFault_Handler
 .text.UsageFault_Handler
                0x0000000008004298        0x6 ./Core/Src/stm32f1xx_it.o
                0x0000000008004298                UsageFault_Handler
 .text.SVC_Handler
                0x000000000800429e        0xc ./Core/Src/stm32f1xx_it.o
                0x000000000800429e                SVC_Handler
 .text.DebugMon_Handler
                0x00000000080042aa        0xc ./Core/Src/stm32f1xx_it.o
                0x00000000080042aa                DebugMon_Handler
 .text.PendSV_Handler
                0x00000000080042b6        0xc ./Core/Src/stm32f1xx_it.o
                0x00000000080042b6                PendSV_Handler
 .text.SysTick_Handler
                0x00000000080042c2        0xc ./Core/Src/stm32f1xx_it.o
                0x00000000080042c2                SysTick_Handler
 *fill*         0x00000000080042ce        0x2 
 .text.EXTI0_IRQHandler
                0x00000000080042d0       0x18 ./Core/Src/stm32f1xx_it.o
                0x00000000080042d0                EXTI0_IRQHandler
 .text.EXTI4_IRQHandler
                0x00000000080042e8       0x34 ./Core/Src/stm32f1xx_it.o
                0x00000000080042e8                EXTI4_IRQHandler
 .text.EXTI15_10_IRQHandler
                0x000000000800431c       0x1c ./Core/Src/stm32f1xx_it.o
                0x000000000800431c                EXTI15_10_IRQHandler
 .text._sbrk    0x0000000008004338       0x6c ./Core/Src/sysmem.o
                0x0000000008004338                _sbrk
 .text.SystemInit
                0x00000000080043a4        0xc ./Core/Src/system_stm32f1xx.o
                0x00000000080043a4                SystemInit
 .text._ZL15XPT2046_DelayUSm
                0x00000000080043b0       0x4a ./Core/Src/xpt2046.o
 *fill*         0x00000000080043fa        0x2 
 .text._ZL16XPT2046_WriteCMDh
                0x00000000080043fc       0x88 ./Core/Src/xpt2046.o
 .text._ZL15XPT2046_ReadCMDv
                0x0000000008004484       0x78 ./Core/Src/xpt2046.o
 .text._ZL15XPT2046_ReadAdch
                0x00000000080044fc       0x20 ./Core/Src/xpt2046.o
 .text._ZL18XPT2046_ReadAdc_XYPsS_
                0x000000000800451c       0x38 ./Core/Src/xpt2046.o
 .text._ZL25XPT2046_ReadAdc_Smooth_XYP26strType_XPT2046_Coordinate
                0x0000000008004554      0x240 ./Core/Src/xpt2046.o
 .text._Z24XPT2046_Get_TouchedPointP26strType_XPT2046_CoordinateP25strType_XPT2046_TouchPara
                0x0000000008004794      0x118 ./Core/Src/xpt2046.o
                0x0000000008004794                XPT2046_Get_TouchedPoint(strType_XPT2046_Coordinate*, strType_XPT2046_TouchPara*)
 .text.Reset_Handler
                0x00000000080048ac       0x48 ./Core/Startup/startup_stm32f103vetx.o
                0x00000000080048ac                Reset_Handler
 .text.Default_Handler
                0x00000000080048f4        0x2 ./Core/Startup/startup_stm32f103vetx.o
                0x00000000080048f4                RTC_Alarm_IRQHandler
                0x00000000080048f4                EXTI2_IRQHandler
                0x00000000080048f4                TIM8_TRG_COM_IRQHandler
                0x00000000080048f4                TIM8_CC_IRQHandler
                0x00000000080048f4                TIM1_CC_IRQHandler
                0x00000000080048f4                TIM6_IRQHandler
                0x00000000080048f4                PVD_IRQHandler
                0x00000000080048f4                SDIO_IRQHandler
                0x00000000080048f4                EXTI3_IRQHandler
                0x00000000080048f4                I2C2_EV_IRQHandler
                0x00000000080048f4                ADC1_2_IRQHandler
                0x00000000080048f4                SPI1_IRQHandler
                0x00000000080048f4                TAMPER_IRQHandler
                0x00000000080048f4                TIM8_UP_IRQHandler
                0x00000000080048f4                DMA2_Channel2_IRQHandler
                0x00000000080048f4                DMA1_Channel4_IRQHandler
                0x00000000080048f4                USART3_IRQHandler
                0x00000000080048f4                RTC_IRQHandler
                0x00000000080048f4                DMA1_Channel7_IRQHandler
                0x00000000080048f4                CAN1_RX1_IRQHandler
                0x00000000080048f4                UART5_IRQHandler
                0x00000000080048f4                ADC3_IRQHandler
                0x00000000080048f4                TIM4_IRQHandler
                0x00000000080048f4                DMA2_Channel1_IRQHandler
                0x00000000080048f4                I2C1_EV_IRQHandler
                0x00000000080048f4                DMA1_Channel6_IRQHandler
                0x00000000080048f4                UART4_IRQHandler
                0x00000000080048f4                TIM3_IRQHandler
                0x00000000080048f4                RCC_IRQHandler
                0x00000000080048f4                TIM1_TRG_COM_IRQHandler
                0x00000000080048f4                DMA1_Channel1_IRQHandler
                0x00000000080048f4                Default_Handler
                0x00000000080048f4                TIM7_IRQHandler
                0x00000000080048f4                TIM5_IRQHandler
                0x00000000080048f4                EXTI9_5_IRQHandler
                0x00000000080048f4                SPI2_IRQHandler
                0x00000000080048f4                DMA1_Channel5_IRQHandler
                0x00000000080048f4                USB_LP_CAN1_RX0_IRQHandler
                0x00000000080048f4                USB_HP_CAN1_TX_IRQHandler
                0x00000000080048f4                DMA1_Channel3_IRQHandler
                0x00000000080048f4                FSMC_IRQHandler
                0x00000000080048f4                TIM1_UP_IRQHandler
                0x00000000080048f4                WWDG_IRQHandler
                0x00000000080048f4                TIM2_IRQHandler
                0x00000000080048f4                TIM1_BRK_IRQHandler
                0x00000000080048f4                EXTI1_IRQHandler
                0x00000000080048f4                DMA2_Channel4_5_IRQHandler
                0x00000000080048f4                USART2_IRQHandler
                0x00000000080048f4                I2C2_ER_IRQHandler
                0x00000000080048f4                DMA1_Channel2_IRQHandler
                0x00000000080048f4                TIM8_BRK_IRQHandler
                0x00000000080048f4                CAN1_SCE_IRQHandler
                0x00000000080048f4                FLASH_IRQHandler
                0x00000000080048f4                USART1_IRQHandler
                0x00000000080048f4                SPI3_IRQHandler
                0x00000000080048f4                I2C1_ER_IRQHandler
                0x00000000080048f4                USBWakeUp_IRQHandler
                0x00000000080048f4                DMA2_Channel3_IRQHandler
 *fill*         0x00000000080048f6        0x2 
 .text.HAL_Init
                0x00000000080048f8       0x2c ./Drivers/STM32F1xx_HAL_Driver/Src/stm32f1xx_hal.o
                0x00000000080048f8                HAL_Init
 .text.HAL_InitTick
                0x0000000008004924       0x60 ./Drivers/STM32F1xx_HAL_Driver/Src/stm32f1xx_hal.o
                0x0000000008004924                HAL_InitTick
 .text.HAL_IncTick
                0x0000000008004984       0x24 ./Drivers/STM32F1xx_HAL_Driver/Src/stm32f1xx_hal.o
                0x0000000008004984                HAL_IncTick
 .text.HAL_GetTick
                0x00000000080049a8       0x14 ./Drivers/STM32F1xx_HAL_Driver/Src/stm32f1xx_hal.o
                0x00000000080049a8                HAL_GetTick
 .text.HAL_Delay
                0x00000000080049bc       0x48 ./Drivers/STM32F1xx_HAL_Driver/Src/stm32f1xx_hal.o
                0x00000000080049bc                HAL_Delay
 .text.HAL_ADC_Init
                0x0000000008004a04      0x1d4 ./Drivers/STM32F1xx_HAL_Driver/Src/stm32f1xx_hal_adc.o
                0x0000000008004a04                HAL_ADC_Init
 .text.HAL_ADC_Start
                0x0000000008004bd8      0x15c ./Drivers/STM32F1xx_HAL_Driver/Src/stm32f1xx_hal_adc.o
                0x0000000008004bd8                HAL_ADC_Start
 .text.HAL_ADC_PollForConversion
                0x0000000008004d34      0x20c ./Drivers/STM32F1xx_HAL_Driver/Src/stm32f1xx_hal_adc.o
                0x0000000008004d34                HAL_ADC_PollForConversion
 .text.HAL_ADC_GetValue
                0x0000000008004f40       0x18 ./Drivers/STM32F1xx_HAL_Driver/Src/stm32f1xx_hal_adc.o
                0x0000000008004f40                HAL_ADC_GetValue
 .text.HAL_ADC_ConfigChannel
                0x0000000008004f58      0x1f0 ./Drivers/STM32F1xx_HAL_Driver/Src/stm32f1xx_hal_adc.o
                0x0000000008004f58                HAL_ADC_ConfigChannel
 .text.ADC_Enable
                0x0000000008005148       0xb4 ./Drivers/STM32F1xx_HAL_Driver/Src/stm32f1xx_hal_adc.o
                0x0000000008005148                ADC_Enable
 .text.ADC_ConversionStop_Disable
                0x00000000080051fc       0x82 ./Drivers/STM32F1xx_HAL_Driver/Src/stm32f1xx_hal_adc.o
                0x00000000080051fc                ADC_ConversionStop_Disable
 *fill*         0x000000000800527e        0x2 
 .text.HAL_ADCEx_Calibration_Start
                0x0000000008005280      0x15c ./Drivers/STM32F1xx_HAL_Driver/Src/stm32f1xx_hal_adc_ex.o
                0x0000000008005280                HAL_ADCEx_Calibration_Start
 .text.__NVIC_SetPriorityGrouping
                0x00000000080053dc       0x48 ./Drivers/STM32F1xx_HAL_Driver/Src/stm32f1xx_hal_cortex.o
 .text.__NVIC_GetPriorityGrouping
                0x0000000008005424       0x1c ./Drivers/STM32F1xx_HAL_Driver/Src/stm32f1xx_hal_cortex.o
 .text.__NVIC_EnableIRQ
                0x0000000008005440       0x38 ./Drivers/STM32F1xx_HAL_Driver/Src/stm32f1xx_hal_cortex.o
 .text.__NVIC_SetPriority
                0x0000000008005478       0x54 ./Drivers/STM32F1xx_HAL_Driver/Src/stm32f1xx_hal_cortex.o
 .text.NVIC_EncodePriority
                0x00000000080054cc       0x64 ./Drivers/STM32F1xx_HAL_Driver/Src/stm32f1xx_hal_cortex.o
 .text.SysTick_Config
                0x0000000008005530       0x44 ./Drivers/STM32F1xx_HAL_Driver/Src/stm32f1xx_hal_cortex.o
 .text.HAL_NVIC_SetPriorityGrouping
                0x0000000008005574       0x16 ./Drivers/STM32F1xx_HAL_Driver/Src/stm32f1xx_hal_cortex.o
                0x0000000008005574                HAL_NVIC_SetPriorityGrouping
 .text.HAL_NVIC_SetPriority
                0x000000000800558a       0x38 ./Drivers/STM32F1xx_HAL_Driver/Src/stm32f1xx_hal_cortex.o
                0x000000000800558a                HAL_NVIC_SetPriority
 .text.HAL_NVIC_EnableIRQ
                0x00000000080055c2       0x1c ./Drivers/STM32F1xx_HAL_Driver/Src/stm32f1xx_hal_cortex.o
                0x00000000080055c2                HAL_NVIC_EnableIRQ
 .text.HAL_SYSTICK_Config
                0x00000000080055de       0x18 ./Drivers/STM32F1xx_HAL_Driver/Src/stm32f1xx_hal_cortex.o
                0x00000000080055de                HAL_SYSTICK_Config
 *fill*         0x00000000080055f6        0x2 
 .text.HAL_GPIO_Init
                0x00000000080055f8      0x328 ./Drivers/STM32F1xx_HAL_Driver/Src/stm32f1xx_hal_gpio.o
                0x00000000080055f8                HAL_GPIO_Init
 .text.HAL_GPIO_ReadPin
                0x0000000008005920       0x2e ./Drivers/STM32F1xx_HAL_Driver/Src/stm32f1xx_hal_gpio.o
                0x0000000008005920                HAL_GPIO_ReadPin
 .text.HAL_GPIO_WritePin
                0x000000000800594e       0x30 ./Drivers/STM32F1xx_HAL_Driver/Src/stm32f1xx_hal_gpio.o
                0x000000000800594e                HAL_GPIO_WritePin
 *fill*         0x000000000800597e        0x2 
 .text.HAL_GPIO_EXTI_IRQHandler
                0x0000000008005980       0x30 ./Drivers/STM32F1xx_HAL_Driver/Src/stm32f1xx_hal_gpio.o
                0x0000000008005980                HAL_GPIO_EXTI_IRQHandler
 .text.HAL_GPIO_EXTI_Callback
                0x00000000080059b0       0x14 ./Drivers/STM32F1xx_HAL_Driver/Src/stm32f1xx_hal_gpio.o
                0x00000000080059b0                HAL_GPIO_EXTI_Callback
 .text.HAL_RCC_OscConfig
                0x00000000080059c4      0x504 ./Drivers/STM32F1xx_HAL_Driver/Src/stm32f1xx_hal_rcc.o
                0x00000000080059c4                HAL_RCC_OscConfig
 .text.HAL_RCC_ClockConfig
                0x0000000008005ec8      0x1d4 ./Drivers/STM32F1xx_HAL_Driver/Src/stm32f1xx_hal_rcc.o
                0x0000000008005ec8                HAL_RCC_ClockConfig
 .text.HAL_RCC_GetSysClockFreq
                0x000000000800609c       0xa8 ./Drivers/STM32F1xx_HAL_Driver/Src/stm32f1xx_hal_rcc.o
                0x000000000800609c                HAL_RCC_GetSysClockFreq
 .text.HAL_RCC_GetHCLKFreq
                0x0000000008006144       0x14 ./Drivers/STM32F1xx_HAL_Driver/Src/stm32f1xx_hal_rcc.o
                0x0000000008006144                HAL_RCC_GetHCLKFreq
 .text.HAL_RCC_GetPCLK2Freq
                0x0000000008006158       0x28 ./Drivers/STM32F1xx_HAL_Driver/Src/stm32f1xx_hal_rcc.o
                0x0000000008006158                HAL_RCC_GetPCLK2Freq
 .text.RCC_Delay
                0x0000000008006180       0x3c ./Drivers/STM32F1xx_HAL_Driver/Src/stm32f1xx_hal_rcc.o
 .text.HAL_RCCEx_PeriphCLKConfig
                0x00000000080061bc      0x16c ./Drivers/STM32F1xx_HAL_Driver/Src/stm32f1xx_hal_rcc_ex.o
                0x00000000080061bc                HAL_RCCEx_PeriphCLKConfig
 .text.HAL_RCCEx_GetPeriphCLKFreq
                0x0000000008006328      0x1b0 ./Drivers/STM32F1xx_HAL_Driver/Src/stm32f1xx_hal_rcc_ex.o
                0x0000000008006328                HAL_RCCEx_GetPeriphCLKFreq
 .text.HAL_SRAM_Init
                0x00000000080064d8       0x9a ./Drivers/STM32F1xx_HAL_Driver/Src/stm32f1xx_hal_sram.o
                0x00000000080064d8                HAL_SRAM_Init
 .text.HAL_TIM_Base_Init
                0x0000000008006572       0x9e ./Drivers/STM32F1xx_HAL_Driver/Src/stm32f1xx_hal_tim.o
                0x0000000008006572                HAL_TIM_Base_Init
 .text.HAL_TIM_PWM_Init
                0x0000000008006610       0x9e ./Drivers/STM32F1xx_HAL_Driver/Src/stm32f1xx_hal_tim.o
                0x0000000008006610                HAL_TIM_PWM_Init
 *fill*         0x00000000080066ae        0x2 
 .text.HAL_TIM_PWM_Start
                0x00000000080066b0      0x174 ./Drivers/STM32F1xx_HAL_Driver/Src/stm32f1xx_hal_tim.o
                0x00000000080066b0                HAL_TIM_PWM_Start
 .text.HAL_TIM_PWM_Stop
                0x0000000008006824       0xe0 ./Drivers/STM32F1xx_HAL_Driver/Src/stm32f1xx_hal_tim.o
                0x0000000008006824                HAL_TIM_PWM_Stop
 .text.HAL_TIM_PWM_ConfigChannel
                0x0000000008006904      0x184 ./Drivers/STM32F1xx_HAL_Driver/Src/stm32f1xx_hal_tim.o
                0x0000000008006904                HAL_TIM_PWM_ConfigChannel
 .text.HAL_TIM_ConfigClockSource
                0x0000000008006a88      0x18e ./Drivers/STM32F1xx_HAL_Driver/Src/stm32f1xx_hal_tim.o
                0x0000000008006a88                HAL_TIM_ConfigClockSource
 *fill*         0x0000000008006c16        0x2 
 .text.TIM_Base_SetConfig
                0x0000000008006c18       0xf4 ./Drivers/STM32F1xx_HAL_Driver/Src/stm32f1xx_hal_tim.o
                0x0000000008006c18                TIM_Base_SetConfig
 .text.TIM_OC1_SetConfig
                0x0000000008006d0c       0xe0 ./Drivers/STM32F1xx_HAL_Driver/Src/stm32f1xx_hal_tim.o
 .text.TIM_OC2_SetConfig
                0x0000000008006dec       0xe8 ./Drivers/STM32F1xx_HAL_Driver/Src/stm32f1xx_hal_tim.o
                0x0000000008006dec                TIM_OC2_SetConfig
 .text.TIM_OC3_SetConfig
                0x0000000008006ed4       0xe8 ./Drivers/STM32F1xx_HAL_Driver/Src/stm32f1xx_hal_tim.o
 .text.TIM_OC4_SetConfig
                0x0000000008006fbc       0xa8 ./Drivers/STM32F1xx_HAL_Driver/Src/stm32f1xx_hal_tim.o
 .text.TIM_TI1_ConfigInputStage
                0x0000000008007064       0x5c ./Drivers/STM32F1xx_HAL_Driver/Src/stm32f1xx_hal_tim.o
 .text.TIM_TI2_ConfigInputStage
                0x00000000080070c0       0x5e ./Drivers/STM32F1xx_HAL_Driver/Src/stm32f1xx_hal_tim.o
 .text.TIM_ITRx_SetConfig
                0x000000000800711e       0x34 ./Drivers/STM32F1xx_HAL_Driver/Src/stm32f1xx_hal_tim.o
 .text.TIM_ETR_SetConfig
                0x0000000008007152       0x3e ./Drivers/STM32F1xx_HAL_Driver/Src/stm32f1xx_hal_tim.o
                0x0000000008007152                TIM_ETR_SetConfig
 .text.TIM_CCxChannelCmd
                0x0000000008007190       0x48 ./Drivers/STM32F1xx_HAL_Driver/Src/stm32f1xx_hal_tim.o
                0x0000000008007190                TIM_CCxChannelCmd
 .text.HAL_TIMEx_MasterConfigSynchronization
                0x00000000080071d8       0xd8 ./Drivers/STM32F1xx_HAL_Driver/Src/stm32f1xx_hal_tim_ex.o
                0x00000000080071d8                HAL_TIMEx_MasterConfigSynchronization
 .text.FSMC_NORSRAM_Init
                0x00000000080072b0       0xd4 ./Drivers/STM32F1xx_HAL_Driver/Src/stm32f1xx_ll_fsmc.o
                0x00000000080072b0                FSMC_NORSRAM_Init
 .text.FSMC_NORSRAM_Timing_Init
                0x0000000008007384       0x68 ./Drivers/STM32F1xx_HAL_Driver/Src/stm32f1xx_ll_fsmc.o
                0x0000000008007384                FSMC_NORSRAM_Timing_Init
 .text.FSMC_NORSRAM_Extended_Timing_Init
                0x00000000080073ec       0x70 ./Drivers/STM32F1xx_HAL_Driver/Src/stm32f1xx_ll_fsmc.o
                0x00000000080073ec                FSMC_NORSRAM_Extended_Timing_Init
 .text._ZdlPvj  0x000000000800745c        0x4 c:/st/stm32cubeide_1.9.0/stm32cubeide/plugins/com.st.stm32cube.ide.mcu.externaltools.gnu-tools-for-stm32.10.3-2021.10.win32_1.0.0.202111181127/tools/bin/../lib/gcc/arm-none-eabi/10.3.1/../../../../arm-none-eabi/lib/thumb/v7-m/nofp\libstdc++_nano.a(del_ops.o)
                0x000000000800745c                operator delete(void*, unsigned int)
 .text._ZdlPv   0x0000000008007460        0x4 c:/st/stm32cubeide_1.9.0/stm32cubeide/plugins/com.st.stm32cube.ide.mcu.externaltools.gnu-tools-for-stm32.10.3-2021.10.win32_1.0.0.202111181127/tools/bin/../lib/gcc/arm-none-eabi/10.3.1/../../../../arm-none-eabi/lib/thumb/v7-m/nofp\libstdc++_nano.a(del_op.o)
                0x0000000008007460                operator delete(void*)
 .text.__errno  0x0000000008007464        0xc c:/st/stm32cubeide_1.9.0/stm32cubeide/plugins/com.st.stm32cube.ide.mcu.externaltools.gnu-tools-for-stm32.10.3-2021.10.win32_1.0.0.202111181127/tools/bin/../lib/gcc/arm-none-eabi/10.3.1/../../../../arm-none-eabi/lib/thumb/v7-m/nofp\libc_nano.a(lib_a-errno.o)
                0x0000000008007464                __errno
 .text.__libc_init_array
                0x0000000008007470       0x48 c:/st/stm32cubeide_1.9.0/stm32cubeide/plugins/com.st.stm32cube.ide.mcu.externaltools.gnu-tools-for-stm32.10.3-2021.10.win32_1.0.0.202111181127/tools/bin/../lib/gcc/arm-none-eabi/10.3.1/../../../../arm-none-eabi/lib/thumb/v7-m/nofp\libc_nano.a(lib_a-init.o)
                0x0000000008007470                __libc_init_array
 .text.free     0x00000000080074b8       0x10 c:/st/stm32cubeide_1.9.0/stm32cubeide/plugins/com.st.stm32cube.ide.mcu.externaltools.gnu-tools-for-stm32.10.3-2021.10.win32_1.0.0.202111181127/tools/bin/../lib/gcc/arm-none-eabi/10.3.1/../../../../arm-none-eabi/lib/thumb/v7-m/nofp\libc_nano.a(lib_a-malloc.o)
                0x00000000080074b8                free
 .text.memset   0x00000000080074c8       0x10 c:/st/stm32cubeide_1.9.0/stm32cubeide/plugins/com.st.stm32cube.ide.mcu.externaltools.gnu-tools-for-stm32.10.3-2021.10.win32_1.0.0.202111181127/tools/bin/../lib/gcc/arm-none-eabi/10.3.1/../../../../arm-none-eabi/lib/thumb/v7-m/nofp\libc_nano.a(lib_a-memset.o)
                0x00000000080074c8                memset
 .text._free_r  0x00000000080074d8       0x90 c:/st/stm32cubeide_1.9.0/stm32cubeide/plugins/com.st.stm32cube.ide.mcu.externaltools.gnu-tools-for-stm32.10.3-2021.10.win32_1.0.0.202111181127/tools/bin/../lib/gcc/arm-none-eabi/10.3.1/../../../../arm-none-eabi/lib/thumb/v7-m/nofp\libc_nano.a(lib_a-nano-freer.o)
                0x00000000080074d8                _free_r
 .text.sbrk_aligned
                0x0000000008007568       0x40 c:/st/stm32cubeide_1.9.0/stm32cubeide/plugins/com.st.stm32cube.ide.mcu.externaltools.gnu-tools-for-stm32.10.3-2021.10.win32_1.0.0.202111181127/tools/bin/../lib/gcc/arm-none-eabi/10.3.1/../../../../arm-none-eabi/lib/thumb/v7-m/nofp\libc_nano.a(lib_a-nano-mallocr.o)
 .text._malloc_r
                0x00000000080075a8       0xe8 c:/st/stm32cubeide_1.9.0/stm32cubeide/plugins/com.st.stm32cube.ide.mcu.externaltools.gnu-tools-for-stm32.10.3-2021.10.win32_1.0.0.202111181127/tools/bin/../lib/gcc/arm-none-eabi/10.3.1/../../../../arm-none-eabi/lib/thumb/v7-m/nofp\libc_nano.a(lib_a-nano-mallocr.o)
                0x00000000080075a8                _malloc_r
 .text._sbrk_r  0x0000000008007690       0x20 c:/st/stm32cubeide_1.9.0/stm32cubeide/plugins/com.st.stm32cube.ide.mcu.externaltools.gnu-tools-for-stm32.10.3-2021.10.win32_1.0.0.202111181127/tools/bin/../lib/gcc/arm-none-eabi/10.3.1/../../../../arm-none-eabi/lib/thumb/v7-m/nofp\libc_nano.a(lib_a-sbrkr.o)
                0x0000000008007690                _sbrk_r
 .text.sprintf  0x00000000080076b0       0x40 c:/st/stm32cubeide_1.9.0/stm32cubeide/plugins/com.st.stm32cube.ide.mcu.externaltools.gnu-tools-for-stm32.10.3-2021.10.win32_1.0.0.202111181127/tools/bin/../lib/gcc/arm-none-eabi/10.3.1/../../../../arm-none-eabi/lib/thumb/v7-m/nofp\libc_nano.a(lib_a-sprintf.o)
                0x00000000080076b0                siprintf
                0x00000000080076b0                sprintf
 .text.__malloc_lock
                0x00000000080076f0        0xc c:/st/stm32cubeide_1.9.0/stm32cubeide/plugins/com.st.stm32cube.ide.mcu.externaltools.gnu-tools-for-stm32.10.3-2021.10.win32_1.0.0.202111181127/tools/bin/../lib/gcc/arm-none-eabi/10.3.1/../../../../arm-none-eabi/lib/thumb/v7-m/nofp\libc_nano.a(lib_a-mlock.o)
                0x00000000080076f0                __malloc_lock
 .text.__malloc_unlock
                0x00000000080076fc        0xc c:/st/stm32cubeide_1.9.0/stm32cubeide/plugins/com.st.stm32cube.ide.mcu.externaltools.gnu-tools-for-stm32.10.3-2021.10.win32_1.0.0.202111181127/tools/bin/../lib/gcc/arm-none-eabi/10.3.1/../../../../arm-none-eabi/lib/thumb/v7-m/nofp\libc_nano.a(lib_a-mlock.o)
                0x00000000080076fc                __malloc_unlock
 .text.__ssputs_r
                0x0000000008007708       0xb6 c:/st/stm32cubeide_1.9.0/stm32cubeide/plugins/com.st.stm32cube.ide.mcu.externaltools.gnu-tools-for-stm32.10.3-2021.10.win32_1.0.0.202111181127/tools/bin/../lib/gcc/arm-none-eabi/10.3.1/../../../../arm-none-eabi/lib/thumb/v7-m/nofp\libc_nano.a(lib_a-nano-svfprintf.o)
                0x0000000008007708                __ssputs_r
 *fill*         0x00000000080077be        0x2 
 .text._svfprintf_r
                0x00000000080077c0      0x200 c:/st/stm32cubeide_1.9.0/stm32cubeide/plugins/com.st.stm32cube.ide.mcu.externaltools.gnu-tools-for-stm32.10.3-2021.10.win32_1.0.0.202111181127/tools/bin/../lib/gcc/arm-none-eabi/10.3.1/../../../../arm-none-eabi/lib/thumb/v7-m/nofp\libc_nano.a(lib_a-nano-svfprintf.o)
                0x00000000080077c0                _svfiprintf_r
                0x00000000080077c0                _svfprintf_r
 .text._printf_common
                0x00000000080079c0       0xde c:/st/stm32cubeide_1.9.0/stm32cubeide/plugins/com.st.stm32cube.ide.mcu.externaltools.gnu-tools-for-stm32.10.3-2021.10.win32_1.0.0.202111181127/tools/bin/../lib/gcc/arm-none-eabi/10.3.1/../../../../arm-none-eabi/lib/thumb/v7-m/nofp\libc_nano.a(lib_a-nano-vfprintf_i.o)
                0x00000000080079c0                _printf_common
 *fill*         0x0000000008007a9e        0x2 
 .text._printf_i
                0x0000000008007aa0      0x24c c:/st/stm32cubeide_1.9.0/stm32cubeide/plugins/com.st.stm32cube.ide.mcu.externaltools.gnu-tools-for-stm32.10.3-2021.10.win32_1.0.0.202111181127/tools/bin/../lib/gcc/arm-none-eabi/10.3.1/../../../../arm-none-eabi/lib/thumb/v7-m/nofp\libc_nano.a(lib_a-nano-vfprintf_i.o)
                0x0000000008007aa0                _printf_i
 .text.__retarget_lock_acquire_recursive
                0x0000000008007cec        0x2 c:/st/stm32cubeide_1.9.0/stm32cubeide/plugins/com.st.stm32cube.ide.mcu.externaltools.gnu-tools-for-stm32.10.3-2021.10.win32_1.0.0.202111181127/tools/bin/../lib/gcc/arm-none-eabi/10.3.1/../../../../arm-none-eabi/lib/thumb/v7-m/nofp\libc_nano.a(lib_a-lock.o)
                0x0000000008007cec                __retarget_lock_acquire_recursive
 .text.__retarget_lock_release_recursive
                0x0000000008007cee        0x2 c:/st/stm32cubeide_1.9.0/stm32cubeide/plugins/com.st.stm32cube.ide.mcu.externaltools.gnu-tools-for-stm32.10.3-2021.10.win32_1.0.0.202111181127/tools/bin/../lib/gcc/arm-none-eabi/10.3.1/../../../../arm-none-eabi/lib/thumb/v7-m/nofp\libc_nano.a(lib_a-lock.o)
                0x0000000008007cee                __retarget_lock_release_recursive
 .text.memchr   0x0000000008007cf0       0x1c c:/st/stm32cubeide_1.9.0/stm32cubeide/plugins/com.st.stm32cube.ide.mcu.externaltools.gnu-tools-for-stm32.10.3-2021.10.win32_1.0.0.202111181127/tools/bin/../lib/gcc/arm-none-eabi/10.3.1/../../../../arm-none-eabi/lib/thumb/v7-m/nofp\libc_nano.a(lib_a-memchr-stub.o)
                0x0000000008007cf0                memchr
 .text.memcpy   0x0000000008007d0c       0x1c c:/st/stm32cubeide_1.9.0/stm32cubeide/plugins/com.st.stm32cube.ide.mcu.externaltools.gnu-tools-for-stm32.10.3-2021.10.win32_1.0.0.202111181127/tools/bin/../lib/gcc/arm-none-eabi/10.3.1/../../../../arm-none-eabi/lib/thumb/v7-m/nofp\libc_nano.a(lib_a-memcpy-stub.o)
                0x0000000008007d0c                memcpy
 .text.memmove  0x0000000008007d28       0x34 c:/st/stm32cubeide_1.9.0/stm32cubeide/plugins/com.st.stm32cube.ide.mcu.externaltools.gnu-tools-for-stm32.10.3-2021.10.win32_1.0.0.202111181127/tools/bin/../lib/gcc/arm-none-eabi/10.3.1/../../../../arm-none-eabi/lib/thumb/v7-m/nofp\libc_nano.a(lib_a-memmove.o)
                0x0000000008007d28                memmove
 .text._realloc_r
                0x0000000008007d5c       0x5e c:/st/stm32cubeide_1.9.0/stm32cubeide/plugins/com.st.stm32cube.ide.mcu.externaltools.gnu-tools-for-stm32.10.3-2021.10.win32_1.0.0.202111181127/tools/bin/../lib/gcc/arm-none-eabi/10.3.1/../../../../arm-none-eabi/lib/thumb/v7-m/nofp\libc_nano.a(lib_a-nano-reallocr.o)
                0x0000000008007d5c                _realloc_r
 .text._malloc_usable_size_r
                0x0000000008007dba       0x10 c:/st/stm32cubeide_1.9.0/stm32cubeide/plugins/com.st.stm32cube.ide.mcu.externaltools.gnu-tools-for-stm32.10.3-2021.10.win32_1.0.0.202111181127/tools/bin/../lib/gcc/arm-none-eabi/10.3.1/../../../../arm-none-eabi/lib/thumb/v7-m/nofp\libc_nano.a(lib_a-nano-msizer.o)
                0x0000000008007dba                _malloc_usable_size_r
 *(.glue_7)
 .glue_7        0x0000000008007dca        0x0 linker stubs
 *(.glue_7t)
 .glue_7t       0x0000000008007dca        0x0 linker stubs
 *(.eh_frame)
 *fill*         0x0000000008007dca        0x2 
 .eh_frame      0x0000000008007dcc        0x0 c:/st/stm32cubeide_1.9.0/stm32cubeide/plugins/com.st.stm32cube.ide.mcu.externaltools.gnu-tools-for-stm32.10.3-2021.10.win32_1.0.0.202111181127/tools/bin/../lib/gcc/arm-none-eabi/10.3.1/thumb/v7-m/nofp/crtbegin.o
 *(.init)
 .init          0x0000000008007dcc        0x4 c:/st/stm32cubeide_1.9.0/stm32cubeide/plugins/com.st.stm32cube.ide.mcu.externaltools.gnu-tools-for-stm32.10.3-2021.10.win32_1.0.0.202111181127/tools/bin/../lib/gcc/arm-none-eabi/10.3.1/thumb/v7-m/nofp/crti.o
                0x0000000008007dcc                _init
 .init          0x0000000008007dd0        0x8 c:/st/stm32cubeide_1.9.0/stm32cubeide/plugins/com.st.stm32cube.ide.mcu.externaltools.gnu-tools-for-stm32.10.3-2021.10.win32_1.0.0.202111181127/tools/bin/../lib/gcc/arm-none-eabi/10.3.1/thumb/v7-m/nofp/crtn.o
 *(.fini)
 .fini          0x0000000008007dd8        0x4 c:/st/stm32cubeide_1.9.0/stm32cubeide/plugins/com.st.stm32cube.ide.mcu.externaltools.gnu-tools-for-stm32.10.3-2021.10.win32_1.0.0.202111181127/tools/bin/../lib/gcc/arm-none-eabi/10.3.1/thumb/v7-m/nofp/crti.o
                0x0000000008007dd8                _fini
 .fini          0x0000000008007ddc        0x8 c:/st/stm32cubeide_1.9.0/stm32cubeide/plugins/com.st.stm32cube.ide.mcu.externaltools.gnu-tools-for-stm32.10.3-2021.10.win32_1.0.0.202111181127/tools/bin/../lib/gcc/arm-none-eabi/10.3.1/thumb/v7-m/nofp/crtn.o
                0x0000000008007de4                . = ALIGN (0x4)
                0x0000000008007de4                _etext = .

.vfp11_veneer   0x0000000008007de4        0x0
 .vfp11_veneer  0x0000000008007de4        0x0 linker stubs

.v4_bx          0x0000000008007de4        0x0
 .v4_bx         0x0000000008007de4        0x0 linker stubs

.iplt           0x0000000008007de4        0x0
 .iplt          0x0000000008007de4        0x0 c:/st/stm32cubeide_1.9.0/stm32cubeide/plugins/com.st.stm32cube.ide.mcu.externaltools.gnu-tools-for-stm32.10.3-2021.10.win32_1.0.0.202111181127/tools/bin/../lib/gcc/arm-none-eabi/10.3.1/thumb/v7-m/nofp/crtbegin.o

.rodata         0x0000000008007de4      0x77c
                0x0000000008007de4                . = ALIGN (0x4)
 *(.rodata)
 .rodata        0x0000000008007de4       0x1b ./Core/Src/Game.o
 *fill*         0x0000000008007dff        0x1 
 .rodata        0x0000000008007e00       0x99 ./Core/Src/Menu.o
 *(.rodata*)
 *fill*         0x0000000008007e99        0x3 
 .rodata._ZTV4Ball
                0x0000000008007e9c       0x10 ./Core/Src/Ball.o
                0x0000000008007e9c                vtable for Ball
 .rodata._ZTV4Game
                0x0000000008007eac       0x10 ./Core/Src/Game.o
                0x0000000008007eac                vtable for Game
 .rodata._ZTV4Menu
                0x0000000008007ebc       0x10 ./Core/Src/Menu.o
                0x0000000008007ebc                vtable for Menu
 .rodata._ZTV6Player
                0x0000000008007ecc       0x10 ./Core/Src/Player.o
                0x0000000008007ecc                vtable for Player
 .rodata._ZTV5Score
                0x0000000008007edc       0x10 ./Core/Src/Score.o
                0x0000000008007edc                vtable for Score
 .rodata._ZTV8Settings
                0x0000000008007eec       0x10 ./Core/Src/Settings.o
                0x0000000008007eec                vtable for Settings
 .rodata._ZL12ucAscii_1608
                0x0000000008007efc      0x5f0 ./Core/Src/lcd.o
 .rodata.AHBPrescTable
                0x00000000080084ec       0x10 ./Core/Src/system_stm32f1xx.o
                0x00000000080084ec                AHBPrescTable
 .rodata.APBPrescTable
                0x00000000080084fc        0x8 ./Core/Src/system_stm32f1xx.o
                0x00000000080084fc                APBPrescTable
 .rodata.aPLLMULFactorTable.1
                0x0000000008008504       0x10 ./Drivers/STM32F1xx_HAL_Driver/Src/stm32f1xx_hal_rcc.o
 .rodata.aPredivFactorTable.0
                0x0000000008008514        0x2 ./Drivers/STM32F1xx_HAL_Driver/Src/stm32f1xx_hal_rcc.o
 *fill*         0x0000000008008516        0x2 
 .rodata.aPLLMULFactorTable.1
                0x0000000008008518       0x10 ./Drivers/STM32F1xx_HAL_Driver/Src/stm32f1xx_hal_rcc_ex.o
 .rodata.aPredivFactorTable.0
                0x0000000008008528        0x2 ./Drivers/STM32F1xx_HAL_Driver/Src/stm32f1xx_hal_rcc_ex.o
 .rodata._svfprintf_r.str1.1
                0x000000000800852a       0x11 c:/st/stm32cubeide_1.9.0/stm32cubeide/plugins/com.st.stm32cube.ide.mcu.externaltools.gnu-tools-for-stm32.10.3-2021.10.win32_1.0.0.202111181127/tools/bin/../lib/gcc/arm-none-eabi/10.3.1/../../../../arm-none-eabi/lib/thumb/v7-m/nofp\libc_nano.a(lib_a-nano-svfprintf.o)
 .rodata._printf_i.str1.1
                0x000000000800853b       0x22 c:/st/stm32cubeide_1.9.0/stm32cubeide/plugins/com.st.stm32cube.ide.mcu.externaltools.gnu-tools-for-stm32.10.3-2021.10.win32_1.0.0.202111181127/tools/bin/../lib/gcc/arm-none-eabi/10.3.1/../../../../arm-none-eabi/lib/thumb/v7-m/nofp\libc_nano.a(lib_a-nano-vfprintf_i.o)
                0x0000000008008560                . = ALIGN (0x4)
 *fill*         0x000000000800855d        0x3 

.rel.dyn        0x0000000008008560        0x0
 .rel.iplt      0x0000000008008560        0x0 c:/st/stm32cubeide_1.9.0/stm32cubeide/plugins/com.st.stm32cube.ide.mcu.externaltools.gnu-tools-for-stm32.10.3-2021.10.win32_1.0.0.202111181127/tools/bin/../lib/gcc/arm-none-eabi/10.3.1/thumb/v7-m/nofp/crtbegin.o

.ARM.extab      0x0000000008008560        0x0
                0x0000000008008560                . = ALIGN (0x4)
 *(.ARM.extab* .gnu.linkonce.armextab.*)
                0x0000000008008560                . = ALIGN (0x4)

.ARM            0x0000000008008560        0x0
                0x0000000008008560                . = ALIGN (0x4)
                0x0000000008008560                __exidx_start = .
 *(.ARM.exidx*)
                0x0000000008008560                __exidx_end = .
                0x0000000008008560                . = ALIGN (0x4)

.preinit_array  0x0000000008008560        0x0
                0x0000000008008560                . = ALIGN (0x4)
                0x0000000008008560                PROVIDE (__preinit_array_start = .)
 *(.preinit_array*)
                0x0000000008008560                PROVIDE (__preinit_array_end = .)
                0x0000000008008560                . = ALIGN (0x4)

.init_array     0x0000000008008560        0x4
                0x0000000008008560                . = ALIGN (0x4)
                0x0000000008008560                PROVIDE (__init_array_start = .)
 *(SORT_BY_NAME(.init_array.*))
 *(.init_array*)
 .init_array    0x0000000008008560        0x4 c:/st/stm32cubeide_1.9.0/stm32cubeide/plugins/com.st.stm32cube.ide.mcu.externaltools.gnu-tools-for-stm32.10.3-2021.10.win32_1.0.0.202111181127/tools/bin/../lib/gcc/arm-none-eabi/10.3.1/thumb/v7-m/nofp/crtbegin.o
                0x0000000008008564                PROVIDE (__init_array_end = .)
                0x0000000008008564                . = ALIGN (0x4)

.fini_array     0x0000000008008564        0x4
                0x0000000008008564                . = ALIGN (0x4)
                [!provide]                        PROVIDE (__fini_array_start = .)
 *(SORT_BY_NAME(.fini_array.*))
 *(.fini_array*)
 .fini_array    0x0000000008008564        0x4 c:/st/stm32cubeide_1.9.0/stm32cubeide/plugins/com.st.stm32cube.ide.mcu.externaltools.gnu-tools-for-stm32.10.3-2021.10.win32_1.0.0.202111181127/tools/bin/../lib/gcc/arm-none-eabi/10.3.1/thumb/v7-m/nofp/crtbegin.o
                [!provide]                        PROVIDE (__fini_array_end = .)
                0x0000000008008568                . = ALIGN (0x4)
                0x0000000008008568                _sidata = LOADADDR (.data)

.data           0x0000000020000000       0xa4 load address 0x0000000008008568
                0x0000000020000000                . = ALIGN (0x4)
                0x0000000020000000                _sdata = .
 *(.data)
 *(.data*)
 .data.SystemCoreClock
                0x0000000020000000        0x4 ./Core/Src/system_stm32f1xx.o
                0x0000000020000000                SystemCoreClock
 *fill*         0x0000000020000004        0x4 
 .data.strXPT2046_TouchPara
                0x0000000020000008       0x30 ./Core/Src/xpt2046.o
                0x0000000020000008                strXPT2046_TouchPara
 .data.uwTickPrio
                0x0000000020000038        0x4 ./Drivers/STM32F1xx_HAL_Driver/Src/stm32f1xx_hal.o
                0x0000000020000038                uwTickPrio
 .data.uwTickFreq
                0x000000002000003c        0x1 ./Drivers/STM32F1xx_HAL_Driver/Src/stm32f1xx_hal.o
                0x000000002000003c                uwTickFreq
 *fill*         0x000000002000003d        0x3 
 .data._impure_ptr
                0x0000000020000040        0x4 c:/st/stm32cubeide_1.9.0/stm32cubeide/plugins/com.st.stm32cube.ide.mcu.externaltools.gnu-tools-for-stm32.10.3-2021.10.win32_1.0.0.202111181127/tools/bin/../lib/gcc/arm-none-eabi/10.3.1/../../../../arm-none-eabi/lib/thumb/v7-m/nofp\libc_nano.a(lib_a-impure.o)
                0x0000000020000040                _impure_ptr
 .data.impure_data
                0x0000000020000044       0x60 c:/st/stm32cubeide_1.9.0/stm32cubeide/plugins/com.st.stm32cube.ide.mcu.externaltools.gnu-tools-for-stm32.10.3-2021.10.win32_1.0.0.202111181127/tools/bin/../lib/gcc/arm-none-eabi/10.3.1/../../../../arm-none-eabi/lib/thumb/v7-m/nofp\libc_nano.a(lib_a-impure.o)
 *(.RamFunc)
 *(.RamFunc*)
                0x00000000200000a4                . = ALIGN (0x4)
                0x00000000200000a4                _edata = .

.igot.plt       0x00000000200000a4        0x0 load address 0x000000000800860c
 .igot.plt      0x00000000200000a4        0x0 c:/st/stm32cubeide_1.9.0/stm32cubeide/plugins/com.st.stm32cube.ide.mcu.externaltools.gnu-tools-for-stm32.10.3-2021.10.win32_1.0.0.202111181127/tools/bin/../lib/gcc/arm-none-eabi/10.3.1/thumb/v7-m/nofp/crtbegin.o
                0x00000000200000a4                . = ALIGN (0x4)

.bss            0x00000000200000a4      0x174 load address 0x000000000800860c
                0x00000000200000a4                _sbss = .
                0x00000000200000a4                __bss_start__ = _sbss
 *(.bss)
 .bss           0x00000000200000a4       0x1c c:/st/stm32cubeide_1.9.0/stm32cubeide/plugins/com.st.stm32cube.ide.mcu.externaltools.gnu-tools-for-stm32.10.3-2021.10.win32_1.0.0.202111181127/tools/bin/../lib/gcc/arm-none-eabi/10.3.1/thumb/v7-m/nofp/crtbegin.o
 *(.bss*)
 .bss.htim2     0x00000000200000c0       0x48 ./Core/Src/Game.o
                0x00000000200000c0                htim2
 .bss.htim4     0x0000000020000108       0x48 ./Core/Src/Game.o
                0x0000000020000108                htim4
 .bss.hadc1     0x0000000020000150       0x30 ./Core/Src/main.o
                0x0000000020000150                hadc1
 .bss.hadc2     0x0000000020000180       0x30 ./Core/Src/main.o
                0x0000000020000180                hadc2
 .bss.hsram1    0x00000000200001b0       0x48 ./Core/Src/main.o
                0x00000000200001b0                hsram1
 .bss.FSMC_Initialized
                0x00000000200001f8        0x4 ./Core/Src/stm32f1xx_hal_msp.o
 .bss.__sbrk_heap_end
                0x00000000200001fc        0x4 ./Core/Src/sysmem.o
 .bss.ucXPT2046_TouchFlag
                0x0000000020000200        0x1 ./Core/Src/xpt2046.o
                0x0000000020000200                ucXPT2046_TouchFlag
 .bss.k1Flag    0x0000000020000201        0x1 ./Core/Src/xpt2046.o
                0x0000000020000201                k1Flag
 .bss.k2Flag    0x0000000020000202        0x1 ./Core/Src/xpt2046.o
                0x0000000020000202                k2Flag
 *fill*         0x0000000020000203        0x1 
 .bss.uwTick    0x0000000020000204        0x4 ./Drivers/STM32F1xx_HAL_Driver/Src/stm32f1xx_hal.o
                0x0000000020000204                uwTick
 .bss.__malloc_free_list
                0x0000000020000208        0x4 c:/st/stm32cubeide_1.9.0/stm32cubeide/plugins/com.st.stm32cube.ide.mcu.externaltools.gnu-tools-for-stm32.10.3-2021.10.win32_1.0.0.202111181127/tools/bin/../lib/gcc/arm-none-eabi/10.3.1/../../../../arm-none-eabi/lib/thumb/v7-m/nofp\libc_nano.a(lib_a-nano-mallocr.o)
                0x0000000020000208                __malloc_free_list
 .bss.__malloc_sbrk_start
                0x000000002000020c        0x4 c:/st/stm32cubeide_1.9.0/stm32cubeide/plugins/com.st.stm32cube.ide.mcu.externaltools.gnu-tools-for-stm32.10.3-2021.10.win32_1.0.0.202111181127/tools/bin/../lib/gcc/arm-none-eabi/10.3.1/../../../../arm-none-eabi/lib/thumb/v7-m/nofp\libc_nano.a(lib_a-nano-mallocr.o)
                0x000000002000020c                __malloc_sbrk_start
 .bss.errno     0x0000000020000210        0x4 c:/st/stm32cubeide_1.9.0/stm32cubeide/plugins/com.st.stm32cube.ide.mcu.externaltools.gnu-tools-for-stm32.10.3-2021.10.win32_1.0.0.202111181127/tools/bin/../lib/gcc/arm-none-eabi/10.3.1/../../../../arm-none-eabi/lib/thumb/v7-m/nofp\libc_nano.a(lib_a-reent.o)
                0x0000000020000210                errno
 .bss.__lock___malloc_recursive_mutex
                0x0000000020000214        0x1 c:/st/stm32cubeide_1.9.0/stm32cubeide/plugins/com.st.stm32cube.ide.mcu.externaltools.gnu-tools-for-stm32.10.3-2021.10.win32_1.0.0.202111181127/tools/bin/../lib/gcc/arm-none-eabi/10.3.1/../../../../arm-none-eabi/lib/thumb/v7-m/nofp\libc_nano.a(lib_a-lock.o)
                0x0000000020000214                __lock___malloc_recursive_mutex
 *(COMMON)
                0x0000000020000218                . = ALIGN (0x4)
 *fill*         0x0000000020000215        0x3 
                0x0000000020000218                _ebss = .
                0x0000000020000218                __bss_end__ = _ebss

._user_heap_stack
                0x0000000020000218      0x600 load address 0x000000000800860c
                0x0000000020000218                . = ALIGN (0x8)
                [!provide]                        PROVIDE (end = .)
                0x0000000020000218                PROVIDE (_end = .)
                0x0000000020000418                . = (. + _Min_Heap_Size)
 *fill*         0x0000000020000218      0x200 
                0x0000000020000818                . = (. + _Min_Stack_Size)
 *fill*         0x0000000020000418      0x400 
                0x0000000020000818                . = ALIGN (0x8)

/DISCARD/
 libc.a(*)
 libm.a(*)
 libgcc.a(*)

.ARM.attributes
                0x0000000000000000       0x29
 *(.ARM.attributes)
 .ARM.attributes
                0x0000000000000000       0x1d c:/st/stm32cubeide_1.9.0/stm32cubeide/plugins/com.st.stm32cube.ide.mcu.externaltools.gnu-tools-for-stm32.10.3-2021.10.win32_1.0.0.202111181127/tools/bin/../lib/gcc/arm-none-eabi/10.3.1/thumb/v7-m/nofp/crti.o
 .ARM.attributes
                0x000000000000001d       0x2d c:/st/stm32cubeide_1.9.0/stm32cubeide/plugins/com.st.stm32cube.ide.mcu.externaltools.gnu-tools-for-stm32.10.3-2021.10.win32_1.0.0.202111181127/tools/bin/../lib/gcc/arm-none-eabi/10.3.1/thumb/v7-m/nofp/crtbegin.o
 .ARM.attributes
                0x000000000000004a       0x2d ./Core/Src/Ball.o
 .ARM.attributes
                0x0000000000000077       0x2d ./Core/Src/Game.o
 .ARM.attributes
                0x00000000000000a4       0x2d ./Core/Src/Menu.o
 .ARM.attributes
                0x00000000000000d1       0x2d ./Core/Src/Player.o
 .ARM.attributes
                0x00000000000000fe       0x2d ./Core/Src/Score.o
 .ARM.attributes
                0x000000000000012b       0x2d ./Core/Src/Settings.o
 .ARM.attributes
                0x0000000000000158       0x2d ./Core/Src/lcd.o
 .ARM.attributes
                0x0000000000000185       0x2d ./Core/Src/main.o
 .ARM.attributes
                0x00000000000001b2       0x2d ./Core/Src/stm32f1xx_hal_msp.o
 .ARM.attributes
                0x00000000000001df       0x2d ./Core/Src/stm32f1xx_it.o
 .ARM.attributes
                0x000000000000020c       0x2d ./Core/Src/sysmem.o
 .ARM.attributes
                0x0000000000000239       0x2d ./Core/Src/system_stm32f1xx.o
 .ARM.attributes
                0x0000000000000266       0x2d ./Core/Src/xpt2046.o
 .ARM.attributes
                0x0000000000000293       0x21 ./Core/Startup/startup_stm32f103vetx.o
 .ARM.attributes
                0x00000000000002b4       0x2d ./Drivers/STM32F1xx_HAL_Driver/Src/stm32f1xx_hal.o
 .ARM.attributes
                0x00000000000002e1       0x2d ./Drivers/STM32F1xx_HAL_Driver/Src/stm32f1xx_hal_adc.o
 .ARM.attributes
                0x000000000000030e       0x2d ./Drivers/STM32F1xx_HAL_Driver/Src/stm32f1xx_hal_adc_ex.o
 .ARM.attributes
                0x000000000000033b       0x2d ./Drivers/STM32F1xx_HAL_Driver/Src/stm32f1xx_hal_cortex.o
 .ARM.attributes
                0x0000000000000368       0x2d ./Drivers/STM32F1xx_HAL_Driver/Src/stm32f1xx_hal_gpio.o
 .ARM.attributes
                0x0000000000000395       0x2d ./Drivers/STM32F1xx_HAL_Driver/Src/stm32f1xx_hal_rcc.o
 .ARM.attributes
                0x00000000000003c2       0x2d ./Drivers/STM32F1xx_HAL_Driver/Src/stm32f1xx_hal_rcc_ex.o
 .ARM.attributes
                0x00000000000003ef       0x2d ./Drivers/STM32F1xx_HAL_Driver/Src/stm32f1xx_hal_sram.o
 .ARM.attributes
                0x000000000000041c       0x2d ./Drivers/STM32F1xx_HAL_Driver/Src/stm32f1xx_hal_tim.o
 .ARM.attributes
                0x0000000000000449       0x2d ./Drivers/STM32F1xx_HAL_Driver/Src/stm32f1xx_hal_tim_ex.o
 .ARM.attributes
                0x0000000000000476       0x2d ./Drivers/STM32F1xx_HAL_Driver/Src/stm32f1xx_ll_fsmc.o
 .ARM.attributes
                0x00000000000004a3       0x2d c:/st/stm32cubeide_1.9.0/stm32cubeide/plugins/com.st.stm32cube.ide.mcu.externaltools.gnu-tools-for-stm32.10.3-2021.10.win32_1.0.0.202111181127/tools/bin/../lib/gcc/arm-none-eabi/10.3.1/../../../../arm-none-eabi/lib/thumb/v7-m/nofp\libstdc++_nano.a(del_ops.o)
 .ARM.attributes
                0x00000000000004d0       0x2d c:/st/stm32cubeide_1.9.0/stm32cubeide/plugins/com.st.stm32cube.ide.mcu.externaltools.gnu-tools-for-stm32.10.3-2021.10.win32_1.0.0.202111181127/tools/bin/../lib/gcc/arm-none-eabi/10.3.1/../../../../arm-none-eabi/lib/thumb/v7-m/nofp\libstdc++_nano.a(del_op.o)
 .ARM.attributes
                0x00000000000004fd       0x2d c:/st/stm32cubeide_1.9.0/stm32cubeide/plugins/com.st.stm32cube.ide.mcu.externaltools.gnu-tools-for-stm32.10.3-2021.10.win32_1.0.0.202111181127/tools/bin/../lib/gcc/arm-none-eabi/10.3.1/../../../../arm-none-eabi/lib/thumb/v7-m/nofp\libc_nano.a(lib_a-errno.o)
 .ARM.attributes
                0x000000000000052a       0x2d c:/st/stm32cubeide_1.9.0/stm32cubeide/plugins/com.st.stm32cube.ide.mcu.externaltools.gnu-tools-for-stm32.10.3-2021.10.win32_1.0.0.202111181127/tools/bin/../lib/gcc/arm-none-eabi/10.3.1/../../../../arm-none-eabi/lib/thumb/v7-m/nofp\libc_nano.a(lib_a-impure.o)
 .ARM.attributes
                0x0000000000000557       0x2d c:/st/stm32cubeide_1.9.0/stm32cubeide/plugins/com.st.stm32cube.ide.mcu.externaltools.gnu-tools-for-stm32.10.3-2021.10.win32_1.0.0.202111181127/tools/bin/../lib/gcc/arm-none-eabi/10.3.1/../../../../arm-none-eabi/lib/thumb/v7-m/nofp\libc_nano.a(lib_a-init.o)
 .ARM.attributes
                0x0000000000000584       0x2d c:/st/stm32cubeide_1.9.0/stm32cubeide/plugins/com.st.stm32cube.ide.mcu.externaltools.gnu-tools-for-stm32.10.3-2021.10.win32_1.0.0.202111181127/tools/bin/../lib/gcc/arm-none-eabi/10.3.1/../../../../arm-none-eabi/lib/thumb/v7-m/nofp\libc_nano.a(lib_a-malloc.o)
 .ARM.attributes
                0x00000000000005b1       0x2d c:/st/stm32cubeide_1.9.0/stm32cubeide/plugins/com.st.stm32cube.ide.mcu.externaltools.gnu-tools-for-stm32.10.3-2021.10.win32_1.0.0.202111181127/tools/bin/../lib/gcc/arm-none-eabi/10.3.1/../../../../arm-none-eabi/lib/thumb/v7-m/nofp\libc_nano.a(lib_a-memset.o)
 .ARM.attributes
                0x00000000000005de       0x2d c:/st/stm32cubeide_1.9.0/stm32cubeide/plugins/com.st.stm32cube.ide.mcu.externaltools.gnu-tools-for-stm32.10.3-2021.10.win32_1.0.0.202111181127/tools/bin/../lib/gcc/arm-none-eabi/10.3.1/../../../../arm-none-eabi/lib/thumb/v7-m/nofp\libc_nano.a(lib_a-nano-freer.o)
 .ARM.attributes
                0x000000000000060b       0x2d c:/st/stm32cubeide_1.9.0/stm32cubeide/plugins/com.st.stm32cube.ide.mcu.externaltools.gnu-tools-for-stm32.10.3-2021.10.win32_1.0.0.202111181127/tools/bin/../lib/gcc/arm-none-eabi/10.3.1/../../../../arm-none-eabi/lib/thumb/v7-m/nofp\libc_nano.a(lib_a-nano-mallocr.o)
 .ARM.attributes
                0x0000000000000638       0x2d c:/st/stm32cubeide_1.9.0/stm32cubeide/plugins/com.st.stm32cube.ide.mcu.externaltools.gnu-tools-for-stm32.10.3-2021.10.win32_1.0.0.202111181127/tools/bin/../lib/gcc/arm-none-eabi/10.3.1/../../../../arm-none-eabi/lib/thumb/v7-m/nofp\libc_nano.a(lib_a-sbrkr.o)
 .ARM.attributes
                0x0000000000000665       0x2d c:/st/stm32cubeide_1.9.0/stm32cubeide/plugins/com.st.stm32cube.ide.mcu.externaltools.gnu-tools-for-stm32.10.3-2021.10.win32_1.0.0.202111181127/tools/bin/../lib/gcc/arm-none-eabi/10.3.1/../../../../arm-none-eabi/lib/thumb/v7-m/nofp\libc_nano.a(lib_a-sprintf.o)
 .ARM.attributes
                0x0000000000000692       0x2d c:/st/stm32cubeide_1.9.0/stm32cubeide/plugins/com.st.stm32cube.ide.mcu.externaltools.gnu-tools-for-stm32.10.3-2021.10.win32_1.0.0.202111181127/tools/bin/../lib/gcc/arm-none-eabi/10.3.1/../../../../arm-none-eabi/lib/thumb/v7-m/nofp\libc_nano.a(lib_a-mlock.o)
 .ARM.attributes
                0x00000000000006bf       0x2d c:/st/stm32cubeide_1.9.0/stm32cubeide/plugins/com.st.stm32cube.ide.mcu.externaltools.gnu-tools-for-stm32.10.3-2021.10.win32_1.0.0.202111181127/tools/bin/../lib/gcc/arm-none-eabi/10.3.1/../../../../arm-none-eabi/lib/thumb/v7-m/nofp\libc_nano.a(lib_a-nano-svfprintf.o)
 .ARM.attributes
                0x00000000000006ec       0x2d c:/st/stm32cubeide_1.9.0/stm32cubeide/plugins/com.st.stm32cube.ide.mcu.externaltools.gnu-tools-for-stm32.10.3-2021.10.win32_1.0.0.202111181127/tools/bin/../lib/gcc/arm-none-eabi/10.3.1/../../../../arm-none-eabi/lib/thumb/v7-m/nofp\libc_nano.a(lib_a-nano-vfprintf_i.o)
 .ARM.attributes
                0x0000000000000719       0x2d c:/st/stm32cubeide_1.9.0/stm32cubeide/plugins/com.st.stm32cube.ide.mcu.externaltools.gnu-tools-for-stm32.10.3-2021.10.win32_1.0.0.202111181127/tools/bin/../lib/gcc/arm-none-eabi/10.3.1/../../../../arm-none-eabi/lib/thumb/v7-m/nofp\libc_nano.a(lib_a-reent.o)
 .ARM.attributes
                0x0000000000000746       0x2d c:/st/stm32cubeide_1.9.0/stm32cubeide/plugins/com.st.stm32cube.ide.mcu.externaltools.gnu-tools-for-stm32.10.3-2021.10.win32_1.0.0.202111181127/tools/bin/../lib/gcc/arm-none-eabi/10.3.1/../../../../arm-none-eabi/lib/thumb/v7-m/nofp\libc_nano.a(lib_a-lock.o)
 .ARM.attributes
                0x0000000000000773       0x2d c:/st/stm32cubeide_1.9.0/stm32cubeide/plugins/com.st.stm32cube.ide.mcu.externaltools.gnu-tools-for-stm32.10.3-2021.10.win32_1.0.0.202111181127/tools/bin/../lib/gcc/arm-none-eabi/10.3.1/../../../../arm-none-eabi/lib/thumb/v7-m/nofp\libc_nano.a(lib_a-memchr-stub.o)
 .ARM.attributes
                0x00000000000007a0       0x2d c:/st/stm32cubeide_1.9.0/stm32cubeide/plugins/com.st.stm32cube.ide.mcu.externaltools.gnu-tools-for-stm32.10.3-2021.10.win32_1.0.0.202111181127/tools/bin/../lib/gcc/arm-none-eabi/10.3.1/../../../../arm-none-eabi/lib/thumb/v7-m/nofp\libc_nano.a(lib_a-memcpy-stub.o)
 .ARM.attributes
                0x00000000000007cd       0x2d c:/st/stm32cubeide_1.9.0/stm32cubeide/plugins/com.st.stm32cube.ide.mcu.externaltools.gnu-tools-for-stm32.10.3-2021.10.win32_1.0.0.202111181127/tools/bin/../lib/gcc/arm-none-eabi/10.3.1/../../../../arm-none-eabi/lib/thumb/v7-m/nofp\libc_nano.a(lib_a-memmove.o)
 .ARM.attributes
                0x00000000000007fa       0x2d c:/st/stm32cubeide_1.9.0/stm32cubeide/plugins/com.st.stm32cube.ide.mcu.externaltools.gnu-tools-for-stm32.10.3-2021.10.win32_1.0.0.202111181127/tools/bin/../lib/gcc/arm-none-eabi/10.3.1/../../../../arm-none-eabi/lib/thumb/v7-m/nofp\libc_nano.a(lib_a-nano-reallocr.o)
 .ARM.attributes
                0x0000000000000827       0x2d c:/st/stm32cubeide_1.9.0/stm32cubeide/plugins/com.st.stm32cube.ide.mcu.externaltools.gnu-tools-for-stm32.10.3-2021.10.win32_1.0.0.202111181127/tools/bin/../lib/gcc/arm-none-eabi/10.3.1/../../../../arm-none-eabi/lib/thumb/v7-m/nofp\libc_nano.a(lib_a-nano-msizer.o)
 .ARM.attributes
                0x0000000000000854       0x1d c:/st/stm32cubeide_1.9.0/stm32cubeide/plugins/com.st.stm32cube.ide.mcu.externaltools.gnu-tools-for-stm32.10.3-2021.10.win32_1.0.0.202111181127/tools/bin/../lib/gcc/arm-none-eabi/10.3.1/thumb/v7-m/nofp\libgcc.a(_arm_muldf3.o)
 .ARM.attributes
                0x0000000000000871       0x1d c:/st/stm32cubeide_1.9.0/stm32cubeide/plugins/com.st.stm32cube.ide.mcu.externaltools.gnu-tools-for-stm32.10.3-2021.10.win32_1.0.0.202111181127/tools/bin/../lib/gcc/arm-none-eabi/10.3.1/thumb/v7-m/nofp\libgcc.a(_arm_addsubdf3.o)
 .ARM.attributes
                0x000000000000088e       0x1d c:/st/stm32cubeide_1.9.0/stm32cubeide/plugins/com.st.stm32cube.ide.mcu.externaltools.gnu-tools-for-stm32.10.3-2021.10.win32_1.0.0.202111181127/tools/bin/../lib/gcc/arm-none-eabi/10.3.1/thumb/v7-m/nofp\libgcc.a(_arm_cmpdf2.o)
 .ARM.attributes
                0x00000000000008ab       0x1d c:/st/stm32cubeide_1.9.0/stm32cubeide/plugins/com.st.stm32cube.ide.mcu.externaltools.gnu-tools-for-stm32.10.3-2021.10.win32_1.0.0.202111181127/tools/bin/../lib/gcc/arm-none-eabi/10.3.1/thumb/v7-m/nofp\libgcc.a(_arm_fixunsdfsi.o)
 .ARM.attributes
                0x00000000000008c8       0x1d c:/st/stm32cubeide_1.9.0/stm32cubeide/plugins/com.st.stm32cube.ide.mcu.externaltools.gnu-tools-for-stm32.10.3-2021.10.win32_1.0.0.202111181127/tools/bin/../lib/gcc/arm-none-eabi/10.3.1/thumb/v7-m/nofp/crtn.o
OUTPUT(ExtremePong.elf elf32-littlearm)
LOAD linker stubs
LOAD c:/st/stm32cubeide_1.9.0/stm32cubeide/plugins/com.st.stm32cube.ide.mcu.externaltools.gnu-tools-for-stm32.10.3-2021.10.win32_1.0.0.202111181127/tools/bin/../lib/gcc/arm-none-eabi/10.3.1/../../../../arm-none-eabi/lib/thumb/v7-m/nofp\libc.a
LOAD c:/st/stm32cubeide_1.9.0/stm32cubeide/plugins/com.st.stm32cube.ide.mcu.externaltools.gnu-tools-for-stm32.10.3-2021.10.win32_1.0.0.202111181127/tools/bin/../lib/gcc/arm-none-eabi/10.3.1/../../../../arm-none-eabi/lib/thumb/v7-m/nofp\libm.a
LOAD c:/st/stm32cubeide_1.9.0/stm32cubeide/plugins/com.st.stm32cube.ide.mcu.externaltools.gnu-tools-for-stm32.10.3-2021.10.win32_1.0.0.202111181127/tools/bin/../lib/gcc/arm-none-eabi/10.3.1/thumb/v7-m/nofp\libgcc.a

.debug_info     0x0000000000000000    0x1213e
 .debug_info    0x0000000000000000      0x24c ./Core/Src/Ball.o
 .debug_info    0x000000000000024c     0x1c6c ./Core/Src/Game.o
 .debug_info    0x0000000000001eb8      0x709 ./Core/Src/Menu.o
 .debug_info    0x00000000000025c1      0xbab ./Core/Src/Player.o
 .debug_info    0x000000000000316c      0x422 ./Core/Src/Score.o
 .debug_info    0x000000000000358e      0x344 ./Core/Src/Settings.o
 .debug_info    0x00000000000038d2     0x2319 ./Core/Src/lcd.o
 .debug_info    0x0000000000005beb     0x1328 ./Core/Src/main.o
 .debug_info    0x0000000000006f13      0xfac ./Core/Src/stm32f1xx_hal_msp.o
 .debug_info    0x0000000000007ebf      0x278 ./Core/Src/stm32f1xx_it.o
 .debug_info    0x0000000000008137      0x171 ./Core/Src/sysmem.o
 .debug_info    0x00000000000082a8      0x23d ./Core/Src/system_stm32f1xx.o
 .debug_info    0x00000000000084e5      0x617 ./Core/Src/xpt2046.o
 .debug_info    0x0000000000008afc       0x22 ./Core/Startup/startup_stm32f103vetx.o
 .debug_info    0x0000000000008b1e      0x79a ./Drivers/STM32F1xx_HAL_Driver/Src/stm32f1xx_hal.o
 .debug_info    0x00000000000092b8      0xcfe ./Drivers/STM32F1xx_HAL_Driver/Src/stm32f1xx_hal_adc.o
 .debug_info    0x0000000000009fb6      0xa94 ./Drivers/STM32F1xx_HAL_Driver/Src/stm32f1xx_hal_adc_ex.o
 .debug_info    0x000000000000aa4a      0xb86 ./Drivers/STM32F1xx_HAL_Driver/Src/stm32f1xx_hal_cortex.o
 .debug_info    0x000000000000b5d0      0x615 ./Drivers/STM32F1xx_HAL_Driver/Src/stm32f1xx_hal_gpio.o
 .debug_info    0x000000000000bbe5      0x865 ./Drivers/STM32F1xx_HAL_Driver/Src/stm32f1xx_hal_rcc.o
 .debug_info    0x000000000000c44a      0x40f ./Drivers/STM32F1xx_HAL_Driver/Src/stm32f1xx_hal_rcc_ex.o
 .debug_info    0x000000000000c859      0xd6b ./Drivers/STM32F1xx_HAL_Driver/Src/stm32f1xx_hal_sram.o
 .debug_info    0x000000000000d5c4     0x2bab ./Drivers/STM32F1xx_HAL_Driver/Src/stm32f1xx_hal_tim.o
 .debug_info    0x000000000001016f     0x15c7 ./Drivers/STM32F1xx_HAL_Driver/Src/stm32f1xx_hal_tim_ex.o
 .debug_info    0x0000000000011736      0xa08 ./Drivers/STM32F1xx_HAL_Driver/Src/stm32f1xx_ll_fsmc.o

.debug_abbrev   0x0000000000000000     0x3708
 .debug_abbrev  0x0000000000000000      0x1ab ./Core/Src/Ball.o
 .debug_abbrev  0x00000000000001ab      0x568 ./Core/Src/Game.o
 .debug_abbrev  0x0000000000000713      0x326 ./Core/Src/Menu.o
 .debug_abbrev  0x0000000000000a39      0x352 ./Core/Src/Player.o
 .debug_abbrev  0x0000000000000d8b      0x266 ./Core/Src/Score.o
 .debug_abbrev  0x0000000000000ff1      0x1a2 ./Core/Src/Settings.o
 .debug_abbrev  0x0000000000001193      0x320 ./Core/Src/lcd.o
 .debug_abbrev  0x00000000000014b3      0x354 ./Core/Src/main.o
 .debug_abbrev  0x0000000000001807      0x24f ./Core/Src/stm32f1xx_hal_msp.o
 .debug_abbrev  0x0000000000001a56      0x11e ./Core/Src/stm32f1xx_it.o
 .debug_abbrev  0x0000000000001b74       0xbb ./Core/Src/sysmem.o
 .debug_abbrev  0x0000000000001c2f      0x13b ./Core/Src/system_stm32f1xx.o
 .debug_abbrev  0x0000000000001d6a      0x216 ./Core/Src/xpt2046.o
 .debug_abbrev  0x0000000000001f80       0x12 ./Core/Startup/startup_stm32f103vetx.o
 .debug_abbrev  0x0000000000001f92      0x1fb ./Drivers/STM32F1xx_HAL_Driver/Src/stm32f1xx_hal.o
 .debug_abbrev  0x000000000000218d      0x210 ./Drivers/STM32F1xx_HAL_Driver/Src/stm32f1xx_hal_adc.o
 .debug_abbrev  0x000000000000239d      0x234 ./Drivers/STM32F1xx_HAL_Driver/Src/stm32f1xx_hal_adc_ex.o
 .debug_abbrev  0x00000000000025d1      0x2ed ./Drivers/STM32F1xx_HAL_Driver/Src/stm32f1xx_hal_cortex.o
 .debug_abbrev  0x00000000000028be      0x1bb ./Drivers/STM32F1xx_HAL_Driver/Src/stm32f1xx_hal_gpio.o
 .debug_abbrev  0x0000000000002a79      0x2a8 ./Drivers/STM32F1xx_HAL_Driver/Src/stm32f1xx_hal_rcc.o
 .debug_abbrev  0x0000000000002d21      0x182 ./Drivers/STM32F1xx_HAL_Driver/Src/stm32f1xx_hal_rcc_ex.o
 .debug_abbrev  0x0000000000002ea3      0x1ff ./Drivers/STM32F1xx_HAL_Driver/Src/stm32f1xx_hal_sram.o
 .debug_abbrev  0x00000000000030a2      0x264 ./Drivers/STM32F1xx_HAL_Driver/Src/stm32f1xx_hal_tim.o
 .debug_abbrev  0x0000000000003306      0x26c ./Drivers/STM32F1xx_HAL_Driver/Src/stm32f1xx_hal_tim_ex.o
 .debug_abbrev  0x0000000000003572      0x196 ./Drivers/STM32F1xx_HAL_Driver/Src/stm32f1xx_ll_fsmc.o

.debug_aranges  0x0000000000000000     0x1040
 .debug_aranges
                0x0000000000000000       0x38 ./Core/Src/Ball.o
 .debug_aranges
                0x0000000000000038       0xa8 ./Core/Src/Game.o
 .debug_aranges
                0x00000000000000e0       0x50 ./Core/Src/Menu.o
 .debug_aranges
                0x0000000000000130       0x78 ./Core/Src/Player.o
 .debug_aranges
                0x00000000000001a8       0x50 ./Core/Src/Score.o
 .debug_aranges
                0x00000000000001f8       0x60 ./Core/Src/Settings.o
 .debug_aranges
                0x0000000000000258       0xe8 ./Core/Src/lcd.o
 .debug_aranges
                0x0000000000000340       0x50 ./Core/Src/main.o
 .debug_aranges
                0x0000000000000390       0x78 ./Core/Src/stm32f1xx_hal_msp.o
 .debug_aranges
                0x0000000000000408       0x78 ./Core/Src/stm32f1xx_it.o
 .debug_aranges
                0x0000000000000480       0x20 ./Core/Src/sysmem.o
 .debug_aranges
                0x00000000000004a0       0x28 ./Core/Src/system_stm32f1xx.o
 .debug_aranges
                0x00000000000004c8       0x50 ./Core/Src/xpt2046.o
 .debug_aranges
                0x0000000000000518       0x28 ./Core/Startup/startup_stm32f103vetx.o
 .debug_aranges
                0x0000000000000540       0xe0 ./Drivers/STM32F1xx_HAL_Driver/Src/stm32f1xx_hal.o
 .debug_aranges
                0x0000000000000620       0xf0 ./Drivers/STM32F1xx_HAL_Driver/Src/stm32f1xx_hal_adc.o
 .debug_aranges
                0x0000000000000710       0x80 ./Drivers/STM32F1xx_HAL_Driver/Src/stm32f1xx_hal_adc_ex.o
 .debug_aranges
                0x0000000000000790      0x100 ./Drivers/STM32F1xx_HAL_Driver/Src/stm32f1xx_hal_cortex.o
 .debug_aranges
                0x0000000000000890       0x58 ./Drivers/STM32F1xx_HAL_Driver/Src/stm32f1xx_hal_gpio.o
 .debug_aranges
                0x00000000000008e8       0x90 ./Drivers/STM32F1xx_HAL_Driver/Src/stm32f1xx_hal_rcc.o
 .debug_aranges
                0x0000000000000978       0x30 ./Drivers/STM32F1xx_HAL_Driver/Src/stm32f1xx_hal_rcc_ex.o
 .debug_aranges
                0x00000000000009a8       0xb8 ./Drivers/STM32F1xx_HAL_Driver/Src/stm32f1xx_hal_sram.o
 .debug_aranges
                0x0000000000000a60      0x3d0 ./Drivers/STM32F1xx_HAL_Driver/Src/stm32f1xx_hal_tim.o
 .debug_aranges
                0x0000000000000e30      0x168 ./Drivers/STM32F1xx_HAL_Driver/Src/stm32f1xx_hal_tim_ex.o
 .debug_aranges
                0x0000000000000f98       0xa8 ./Drivers/STM32F1xx_HAL_Driver/Src/stm32f1xx_ll_fsmc.o

.debug_ranges   0x0000000000000000      0xee8
 .debug_ranges  0x0000000000000000       0x28 ./Core/Src/Ball.o
 .debug_ranges  0x0000000000000028       0x98 ./Core/Src/Game.o
 .debug_ranges  0x00000000000000c0       0x58 ./Core/Src/Menu.o
 .debug_ranges  0x0000000000000118       0x68 ./Core/Src/Player.o
 .debug_ranges  0x0000000000000180       0x40 ./Core/Src/Score.o
 .debug_ranges  0x00000000000001c0       0x50 ./Core/Src/Settings.o
 .debug_ranges  0x0000000000000210       0xf0 ./Core/Src/lcd.o
 .debug_ranges  0x0000000000000300       0x40 ./Core/Src/main.o
 .debug_ranges  0x0000000000000340       0x68 ./Core/Src/stm32f1xx_hal_msp.o
 .debug_ranges  0x00000000000003a8       0x68 ./Core/Src/stm32f1xx_it.o
 .debug_ranges  0x0000000000000410       0x10 ./Core/Src/sysmem.o
 .debug_ranges  0x0000000000000420       0x18 ./Core/Src/system_stm32f1xx.o
 .debug_ranges  0x0000000000000438       0x40 ./Core/Src/xpt2046.o
 .debug_ranges  0x0000000000000478       0x20 ./Core/Startup/startup_stm32f103vetx.o
 .debug_ranges  0x0000000000000498       0xd0 ./Drivers/STM32F1xx_HAL_Driver/Src/stm32f1xx_hal.o
 .debug_ranges  0x0000000000000568       0xe0 ./Drivers/STM32F1xx_HAL_Driver/Src/stm32f1xx_hal_adc.o
 .debug_ranges  0x0000000000000648       0x70 ./Drivers/STM32F1xx_HAL_Driver/Src/stm32f1xx_hal_adc_ex.o
 .debug_ranges  0x00000000000006b8       0xf0 ./Drivers/STM32F1xx_HAL_Driver/Src/stm32f1xx_hal_cortex.o
 .debug_ranges  0x00000000000007a8       0x48 ./Drivers/STM32F1xx_HAL_Driver/Src/stm32f1xx_hal_gpio.o
 .debug_ranges  0x00000000000007f0       0x80 ./Drivers/STM32F1xx_HAL_Driver/Src/stm32f1xx_hal_rcc.o
 .debug_ranges  0x0000000000000870       0x20 ./Drivers/STM32F1xx_HAL_Driver/Src/stm32f1xx_hal_rcc_ex.o
 .debug_ranges  0x0000000000000890       0xa8 ./Drivers/STM32F1xx_HAL_Driver/Src/stm32f1xx_hal_sram.o
 .debug_ranges  0x0000000000000938      0x3c0 ./Drivers/STM32F1xx_HAL_Driver/Src/stm32f1xx_hal_tim.o
 .debug_ranges  0x0000000000000cf8      0x158 ./Drivers/STM32F1xx_HAL_Driver/Src/stm32f1xx_hal_tim_ex.o
 .debug_ranges  0x0000000000000e50       0x98 ./Drivers/STM32F1xx_HAL_Driver/Src/stm32f1xx_ll_fsmc.o

.debug_macro    0x0000000000000000    0x1e851
 .debug_macro   0x0000000000000000      0x1e5 ./Core/Src/Ball.o
 .debug_macro   0x00000000000001e5      0xb44 ./Core/Src/Ball.o
 .debug_macro   0x0000000000000d29      0x221 ./Core/Src/Ball.o
 .debug_macro   0x0000000000000f4a       0x2e ./Core/Src/Ball.o
 .debug_macro   0x0000000000000f78       0x22 ./Core/Src/Ball.o
 .debug_macro   0x0000000000000f9a       0x1c ./Core/Src/Ball.o
 .debug_macro   0x0000000000000fb6       0x22 ./Core/Src/Ball.o
 .debug_macro   0x0000000000000fd8       0x8e ./Core/Src/Ball.o
 .debug_macro   0x0000000000001066       0x51 ./Core/Src/Ball.o
 .debug_macro   0x00000000000010b7      0x103 ./Core/Src/Ball.o
 .debug_macro   0x00000000000011ba       0x6a ./Core/Src/Ball.o
 .debug_macro   0x0000000000001224      0x1df ./Core/Src/Ball.o
 .debug_macro   0x0000000000001403       0x1c ./Core/Src/Ball.o
 .debug_macro   0x000000000000141f       0x22 ./Core/Src/Ball.o
 .debug_macro   0x0000000000001441       0xbd ./Core/Src/Ball.o
 .debug_macro   0x00000000000014fe      0xd23 ./Core/Src/Ball.o
 .debug_macro   0x0000000000002221     0xfd8c ./Core/Src/Ball.o
 .debug_macro   0x0000000000011fad       0x6d ./Core/Src/Ball.o
 .debug_macro   0x000000000001201a     0x348d ./Core/Src/Ball.o
 .debug_macro   0x00000000000154a7      0x17b ./Core/Src/Ball.o
 .debug_macro   0x0000000000015622       0x5c ./Core/Src/Ball.o
 .debug_macro   0x000000000001567e      0x5bc ./Core/Src/Ball.o
 .debug_macro   0x0000000000015c3a      0x4d5 ./Core/Src/Ball.o
 .debug_macro   0x000000000001610f      0x1cb ./Core/Src/Ball.o
 .debug_macro   0x00000000000162da      0x114 ./Core/Src/Ball.o
 .debug_macro   0x00000000000163ee      0x1ea ./Core/Src/Ball.o
 .debug_macro   0x00000000000165d8       0x27 ./Core/Src/Ball.o
 .debug_macro   0x00000000000165ff      0x144 ./Core/Src/Ball.o
 .debug_macro   0x0000000000016743      0x1bc ./Core/Src/Ball.o
 .debug_macro   0x00000000000168ff       0x30 ./Core/Src/Ball.o
 .debug_macro   0x000000000001692f       0x3c ./Core/Src/Ball.o
 .debug_macro   0x000000000001696b       0x57 ./Core/Src/Ball.o
 .debug_macro   0x00000000000169c2      0x46a ./Core/Src/Ball.o
 .debug_macro   0x0000000000016e2c      0x25d ./Core/Src/Ball.o
 .debug_macro   0x0000000000017089       0x87 ./Core/Src/Ball.o
 .debug_macro   0x0000000000017110      0x24f ./Core/Src/Ball.o
 .debug_macro   0x000000000001735f      0x356 ./Core/Src/Ball.o
 .debug_macro   0x00000000000176b5      0x140 ./Core/Src/Ball.o
 .debug_macro   0x00000000000177f5      0x8ed ./Core/Src/Ball.o
 .debug_macro   0x00000000000180e2       0xb5 ./Core/Src/Ball.o
 .debug_macro   0x0000000000018197      0x12a ./Core/Src/Ball.o
 .debug_macro   0x00000000000182c1      0x3f1 ./Core/Src/Game.o
 .debug_macro   0x00000000000186b2      0x130 ./Core/Src/Game.o
 .debug_macro   0x00000000000187e2       0xee ./Core/Src/Game.o
 .debug_macro   0x00000000000188d0      0x18a ./Core/Src/Game.o
 .debug_macro   0x0000000000018a5a       0x10 ./Core/Src/Game.o
 .debug_macro   0x0000000000018a6a      0x3d1 ./Core/Src/Game.o
 .debug_macro   0x0000000000018e3b       0x10 ./Core/Src/Game.o
 .debug_macro   0x0000000000018e4b       0x18 ./Core/Src/Game.o
 .debug_macro   0x0000000000018e63       0x52 ./Core/Src/Game.o
 .debug_macro   0x0000000000018eb5       0x3c ./Core/Src/Game.o
 .debug_macro   0x0000000000018ef1       0x34 ./Core/Src/Game.o
 .debug_macro   0x0000000000018f25       0x16 ./Core/Src/Game.o
 .debug_macro   0x0000000000018f3b       0x35 ./Core/Src/Game.o
 .debug_macro   0x0000000000018f70       0x16 ./Core/Src/Game.o
 .debug_macro   0x0000000000018f86       0x43 ./Core/Src/Game.o
 .debug_macro   0x0000000000018fc9       0x34 ./Core/Src/Game.o
 .debug_macro   0x0000000000018ffd       0x10 ./Core/Src/Game.o
 .debug_macro   0x000000000001900d       0x58 ./Core/Src/Game.o
 .debug_macro   0x0000000000019065       0x71 ./Core/Src/Game.o
 .debug_macro   0x00000000000190d6       0x16 ./Core/Src/Game.o
 .debug_macro   0x00000000000190ec      0x12a ./Core/Src/Game.o
 .debug_macro   0x0000000000019216      0x364 ./Core/Src/Game.o
 .debug_macro   0x000000000001957a       0x16 ./Core/Src/Game.o
 .debug_macro   0x0000000000019590       0x29 ./Core/Src/Game.o
 .debug_macro   0x00000000000195b9       0x1c ./Core/Src/Game.o
 .debug_macro   0x00000000000195d5       0xde ./Core/Src/Game.o
 .debug_macro   0x00000000000196b3       0x1c ./Core/Src/Game.o
 .debug_macro   0x00000000000196cf       0x10 ./Core/Src/Game.o
 .debug_macro   0x00000000000196df       0x10 ./Core/Src/Game.o
 .debug_macro   0x00000000000196ef       0x1c ./Core/Src/Game.o
 .debug_macro   0x000000000001970b       0x52 ./Core/Src/Game.o
 .debug_macro   0x000000000001975d       0x22 ./Core/Src/Game.o
 .debug_macro   0x000000000001977f       0x10 ./Core/Src/Game.o
 .debug_macro   0x000000000001978f       0x52 ./Core/Src/Game.o
 .debug_macro   0x00000000000197e1       0xd5 ./Core/Src/Game.o
 .debug_macro   0x00000000000198b6       0x1c ./Core/Src/Game.o