c:\st\stm32cubeide_1.9.0\stm32cubeide\plugins\com.st.stm32cube.ide.mcu.externaltools.gnu-tools-for-stm32.10.3-2021.10.win32_1.0.0.202111181127\tools\bin\../lib/gcc/arm-none-eabi/10.3.1/../../../../arm-none-eabi/include/c++/10.3.1/arm-none-eabi/thumb/v7-m/nofp/bits/gthr-default.h:229:1:int __gthread_key_delete(__gthread_key_t)	16	static
../Core/Src/Game.cpp:3:1:Game::Game()	24	static
../Core/Src/Game.cpp:6:1:void __static_initialization_and_destruction_0(int, int)	16	static
../Core/Src/Game.cpp:6:1:cpp)	8	static
../Core/Src/Game.cpp:6:1:cpp)	8	static
