../Core/Src/Game.cpp:8:1:Game::Game()	24	static
../Core/Src/Game.cpp:11:6:void Game::setStart(bool)	16	static
../Core/Src/Game.cpp:14:6:bool Game::getStart()	16	static
../Core/Src/Game.cpp:17:6:void Game::quit()	16	static
../Core/Src/Game.cpp:28:6:void Game::restart()	24	static
../Core/Src/Game.cpp:36:6:void Game::knockback(int)	24	static
../Core/Src/Game.cpp:64:6:bool Game::checkCollision(int)	24	static
../Core/Src/Game.cpp:81:6:bool Game::moveBall()	80	static
../Core/Src/Game.cpp:173:6:void Game::botMovement()	40	static
../Core/Inc/Ball.h:4:7:constexpr Ball& Ball::operator=(const Ball&)	16	static
../Core/Src/Game.cpp:233:6:void Game::displayBallMovement()	40	static
../Core/Src/Game.cpp:244:6:void Game::displayPlayerMovement(int)	40	static
../Core/Src/Game.cpp:258:6:void Game::displayWinner(int)	48	static
../Core/Src/Game.cpp:272:6:void Game::gaming()	24	static
../Core/Src/Game.cpp:338:1:Game::~Game()	24	static
../Core/Src/Game.cpp:338:1:virtual Game::~Game()	16	static
../Core/Src/Game.cpp:341:13:void MX_TIM4_Init(int)	72	static
