../Core/Src/lcd.cpp:9:6:void Delay(uint32_t)	16	static
../Core/Src/lcd.cpp:14:6:void LCD_INIT()	16	static
../Core/Src/lcd.cpp:21:6:void LCD_Rst()	8	static
../Core/Src/lcd.cpp:28:6:void LCD_BackLed_Control(FunctionalState)	16	static
../Core/Src/lcd.cpp:35:6:void LCD_Write_Cmd(uint16_t)	16	static
../Core/Src/lcd.cpp:39:6:void LCD_Write_Data(uint16_t)	16	static
../Core/Src/lcd.cpp:43:10:uint16_t LCD_Read_Data()	4	static
../Core/Src/lcd.cpp:47:6:void LCD_REG_Config()	8	static
../Core/Src/lcd.cpp:207:6:void LCD_OpenWindow(uint16_t, uint16_t, uint16_t, uint16_t)	24	static
../Core/Src/lcd.cpp:223:6:void LCD_FillColor(uint32_t, uint16_t)	24	static
../Core/Src/lcd.cpp:234:6:void LCD_Clear(uint16_t, uint16_t, uint16_t, uint16_t, uint16_t)	24	static
../Core/Src/lcd.cpp:241:10:uint16_t LCD_Read_PixelData()	16	static
../Core/Src/lcd.cpp:256:10:uint16_t LCD_GetPointPixel(uint16_t, uint16_t)	24	static
../Core/Src/lcd.cpp:267:6:void LCD_DrawLine(uint16_t, uint16_t, uint16_t, uint16_t, uint16_t)	64	static
../Core/Src/lcd.cpp:327:6:void LCD_DrawEmptyRectangle(uint16_t, uint16_t, uint16_t, uint16_t, uint16_t)	40	static
../Core/Src/lcd.cpp:337:6:void LCD_DrawChar(uint16_t, uint16_t, char)	24	static
../Core/Src/lcd.cpp:364:6:void LCD_DrawString(uint16_t, uint16_t, const char*)	16	static
../Core/Src/lcd.cpp:389:6:void LCD_DrawDot(uint16_t, uint16_t, uint16_t)	16	static
../Core/Src/lcd.cpp:399:6:void LCD_DrawEllipse(uint16_t, uint16_t, uint16_t, uint16_t, uint16_t)	48	static
../Core/Src/lcd.cpp:410:6:void LCD_DrawBall(uint16_t, uint16_t, uint16_t)	40	static
../Core/Src/lcd.cpp:416:6:void LCD_TeleportBall(uint16_t, uint16_t, uint16_t, uint16_t, int, int, int)	72	static
../Core/Src/lcd.cpp:498:6:void LCD_MoveBall(uint16_t, uint16_t, uint16_t, uint16_t)	40	static
../Core/Src/lcd.cpp:529:6:void LCD_DrawPlayer(uint16_t, uint16_t, uint16_t)	40	static
../Core/Src/lcd.cpp:536:6:bool checkTouch(uint16_t, uint16_t, uint16_t, uint16_t)	24	static
../Core/Src/lcd.cpp:549:6:void LCD_MovePlayer(uint16_t, uint16_t, uint16_t, uint16_t)	48	static
../Core/Src/lcd.cpp:575:6:void LCD_DrawNet()	16	static
