c:\st\stm32cubeide_1.9.0\stm32cubeide\plugins\com.st.stm32cube.ide.mcu.externaltools.gnu-tools-for-stm32.10.3-2021.10.win32_1.0.0.202111181127\tools\bin\../lib/gcc/arm-none-eabi/10.3.1/../../../../arm-none-eabi/include/c++/10.3.1/arm-none-eabi/thumb/v7-m/nofp/bits/gthr-default.h:229:1:int __gthread_key_delete(__gthread_key_t)	16	static
../Core/Src/main.cpp:66:5:int main()	16	static
../Core/Src/main.cpp:112:6:void SystemClock_Config()	72	static
../Core/Src/main.cpp:152:13:void MX_GPIO_Init()	40	static
../Core/Src/main.cpp:185:13:void MX_FSMC_Init()	40	static
../Core/Src/main.cpp:249:6:void Error_Handler()	4	static,ignoring_inline_asm
../Core/Src/main.cpp:258:1:void __static_initialization_and_destruction_0(int, int)	16	static
../Core/Src/main.cpp:258:1:cpp)	8	static
../Core/Src/main.cpp:258:1:cpp)	8	static
