../Core/Src/stm32f1xx_hal_msp.c:65:6:HAL_MspInit	24	static
../Core/Src/stm32f1xx_hal_msp.c:91:6:HAL_ADC_MspInit	56	static
../Core/Src/stm32f1xx_hal_msp.c:149:6:HAL_ADC_MspDeInit	16	static
../Core/Src/stm32f1xx_hal_msp.c:197:6:HAL_TIM_PWM_MspInit	24	static
../Core/Src/stm32f1xx_hal_msp.c:219:6:HAL_TIM_Base_MspInit	24	static
../Core/Src/stm32f1xx_hal_msp.c:235:6:HAL_TIM_MspPostInit	40	static
../Core/Src/stm32f1xx_hal_msp.c:283:6:HAL_TIM_PWM_MspDeInit	16	static
../Core/Src/stm32f1xx_hal_msp.c:305:6:HAL_TIM_Base_MspDeInit	16	static
../Core/Src/stm32f1xx_hal_msp.c:323:13:HAL_FSMC_MspInit	32	static
../Core/Src/stm32f1xx_hal_msp.c:377:6:HAL_SRAM_MspInit	16	static
../Core/Src/stm32f1xx_hal_msp.c:389:13:HAL_FSMC_MspDeInit	8	static
../Core/Src/stm32f1xx_hal_msp.c:435:6:HAL_SRAM_MspDeInit	16	static
