../Core/Src/stm32f1xx_hal_msp.c:65:6:HAL_MspInit	24	static
../Core/Src/stm32f1xx_hal_msp.c:91:6:HAL_ADC_MspInit	56	static
../Core/Src/stm32f1xx_hal_msp.c:149:6:HAL_ADC_MspDeInit	16	static
../Core/Src/stm32f1xx_hal_msp.c:197:6:HAL_TIM_Base_MspInit	24	static
../Core/Src/stm32f1xx_hal_msp.c:213:6:HAL_TIM_MspPostInit	40	static
../Core/Src/stm32f1xx_hal_msp.c:244:6:HAL_TIM_Base_MspDeInit	16	static
../Core/Src/stm32f1xx_hal_msp.c:262:13:HAL_FSMC_MspInit	32	static
../Core/Src/stm32f1xx_hal_msp.c:316:6:HAL_SRAM_MspInit	16	static
../Core/Src/stm32f1xx_hal_msp.c:328:13:HAL_FSMC_MspDeInit	8	static
../Core/Src/stm32f1xx_hal_msp.c:374:6:HAL_SRAM_MspDeInit	16	static
